musb_gadget.c:1052:12:musb_gadget_enable	24	static
musb_gadget.c:1552:12:musb_gadget_fifo_status	0	static
musb_gadget.c:1575:13:musb_gadget_fifo_flush	4	static
musb_gadget.c:1637:12:musb_gadget_get_frame	0	static
musb_gadget.c:1644:12:musb_gadget_wakeup	0	static
musb_gadget.c:1723:1:musb_gadget_set_self_powered	0	static
musb_gadget.c:1762:12:musb_gadget_vbus_draw	0	static
musb_gadget.c:339:13:txstate	24	static
musb_gadget.c:1288:21:musb_alloc_request	8	static
musb_gadget.c:1311:6:musb_free_request	0	static
musb_gadget.c:1838:1:init_peripheral_ep	32	static
musb_gadget.c:1775:12:musb_gadget_pullup	0	static
musb_gadget.c:197:6:musb_g_giveback	16	static
musb_gadget.c:660:13:rxstate	32	static
musb_gadget.c:1396:12:musb_gadget_dequeue	8	static
musb_gadget.c:1237:12:musb_gadget_disable	16	static
musb_gadget.c:511:6:musb_g_tx	40	static
musb_gadget.c:930:6:musb_g_rx	4	static
musb_gadget.c:1328:6:musb_ep_restart	0	static
musb_gadget.c:1453:12:musb_gadget_set_halt	8	static
musb_gadget.c:1341:12:musb_gadget_queue	16	static
musb_gadget.c:1907:15:musb_gadget_setup	24	static
musb_gadget.c:1961:6:musb_gadget_cleanup	0	static
musb_gadget.c:1985:5:musb_gadget_start	8	static
musb_gadget.c:2163:6:musb_g_resume	0	static
musb_gadget.c:2187:6:musb_g_suspend	0	static
musb_gadget.c:2219:6:musb_g_wakeup	0	static
musb_gadget.c:2225:6:musb_g_disconnect	8	static
musb_gadget.c:2271:6:musb_g_reset	16	static
