cmd_mtdparts.c:475:13:part_delall	16	static
cmd_mtdparts.c:285:12:get_mtd_info	24	static
cmd_mtdparts.c:163:12:memsize_parse	8	static
cmd_mtdparts.c:395:12:part_validate	80	static
cmd_mtdparts.c:1845:26:mtd_part_info	16	static
cmd_mtdparts.c:196:13:memsize_format	20	static
cmd_mtdparts.c:217:13:index_partitions	16	static
cmd_mtdparts.c:253:13:current_save	32	static
cmd_mtdparts.c:496:12:part_sort_add	32	static
cmd_mtdparts.c:741:12:device_del	16	static
cmd_mtdparts.c:1198:12:generate_mtdparts_save.constprop	80	static
cmd_mtdparts.c:717:12:device_delall.constprop	24	static
cmd_mtdparts.c:960:12:mtd_devices_init	8	static
cmd_mtdparts.c:773:20:device_find	4	static
cmd_mtdparts.c:820:12:device_parse	96	static
cmd_mtdparts.c:1031:5:mtd_id_parse	32	static
cmd_mtdparts.c:1336:5:find_dev_and_part	48	static
cmd_mtdparts.c:1696:5:mtdparts_init	1104	static
cmd_mtdparts.c:1892:12:do_chpart	32	static
cmd_mtdparts.c:1930:12:do_mtdparts	128	static
