cmd_nvedit.c:766:12:do_env_delete	24	static
cmd_nvedit.c:689:12:do_env_save	8	static
cmd_nvedit.c:1106:12:do_env	24	static
cmd_nvedit.c:80:12:env_print	56	static
cmd_nvedit.c:111:12:do_env_print	24	static
cmd_nvedit.c:962:12:do_env_import	56	static
cmd_nvedit.c:729:12:do_env_default	8	static
cmd_nvedit.c:210:12:_do_env_set.isra.0	72	static
cmd_nvedit.c:344:12:do_env_set	0	static
cmd_nvedit.c:356:5:do_env_ask	568	static
cmd_nvedit.c:69:5:get_env_id	0	static
cmd_nvedit.c:284:5:setenv	24	static
cmd_nvedit.c:305:5:setenv_ulong	8	static
cmd_nvedit.c:320:5:setenv_hex	32	static
cmd_nvedit.c:847:12:do_env_export	96	static
cmd_nvedit.c:713:5:envmatch	24	static
cmd_nvedit.c:632:5:getenv_f	32	static
cmd_nvedit.c:608:7:getenv	48	static
cmd_nvedit.c:328:7:getenv_hex	24	static
cmd_nvedit.c:676:7:getenv_ulong	16	static
cmd_nvedit.c:579:12:do_env_edit	520	static
