cmd_i2c.c:183:13:get_alen	0	static
cmd_i2c.c:1575:12:do_i2c	24	static
cmd_i2c.c:1522:12:do_i2c_reset	8	static
cmd_i2c.c:414:12:do_i2c_mw	40	static
cmd_i2c.c:212:12:do_i2c_read	32	static
cmd_i2c.c:682:12:do_i2c_probe	24	static
cmd_i2c.c:313:12:do_i2c_md	72	static
cmd_i2c.c:484:12:do_i2c_crc	48	static
cmd_i2c.c:1431:5:do_i2c_bus_num	8	static
cmd_i2c.c:252:12:do_i2c_write	40	static
cmd_i2c.c:745:12:do_i2c_loop	56	static
cmd_i2c.c:553:1:mod_i2c_mem.isra.3	64	static
cmd_i2c.c:1508:12:do_i2c_nm	0	static
cmd_i2c.c:1493:12:do_i2c_mm	0	static
cmd_i2c.c:126:6:i2c_init_board	0	static
cmd_i2c.c:150:14:i2c_get_bus_speed	0	static
cmd_i2c.c:169:5:i2c_set_bus_speed	0	static
cmd_i2c.c:1466:12:do_i2c_bus_speed	8	static
