hush.c:889:13:b_reset	0	static
hush.c:928:12:static_get	0	static
hush.c:935:12:static_peek	0	static
hush.c:1114:12:file_peek	0	static
hush.c:3116:13:mapset	0	static
hush.c:374:13:syntax_err	0	static
hush.c:1979:12:free_pipe_list	48	static
hush.c:3294:14:xmalloc	8	static
hush.c:2320:21:new_pipe	8	static
hush.c:3305:14:xrealloc	8	static
hush.c:2508:12:done_command	16	static
hush.c:2556:12:done_pipe	16	static
hush.c:2428:12:done_word	24	static
hush.c:3620:12:do_showvar	40	static
hush.c:2258:12:is_assignment	0	static
hush.c:1071:12:file_get	24	static
hush.c:879:12:b_addchr	16	static
hush.c:907:12:b_addqchr	16	static
hush.c:2115:7:get_local_var	16	static
hush.c:2137:5:set_local_var	32	static
hush.c:3484:14:insert_var_value_sub	48	static
hush.c:2228:6:unset_local_var	16	static
hush.c:3221:5:parse_string_outer	48	static
hush.c:1740:12:run_list_real	80	static
hush.c:3150:12:parse_stream_outer	88	static
hush.c:3250:5:parse_file_outer	32	static
hush.c:3278:5:u_boot_hush_start	16	static
