image.c:400:12:on_loadaddr	8	static
image.c:154:5:image_check_hcrc	72	static
image.c:169:5:image_check_dcrc	8	static
image.c:191:7:image_multi_count	0	static
image.c:224:6:image_multi_getimg	24	static
image.c:416:7:getenv_bootm_low	8	static
image.c:433:13:getenv_bootm_size	8	static
image.c:455:13:getenv_bootm_mapsize	8	static
image.c:471:6:memmove_wd	0	static
image.c:491:6:genimg_print_size	8	static
image.c:533:7:get_table_entry_name	0	static
image.c:546:13:genimg_get_os_name	0	static
image.c:551:13:genimg_get_arch_name	0	static
image.c:557:13:genimg_get_type_name	0	static
image.c:562:13:genimg_get_comp_name	0	static
image.c:284:6:image_print_contents	40	static
image.c:582:5:get_table_entry_id	16	static
image.c:616:5:genimg_get_os_id	0	static
image.c:621:5:genimg_get_arch_id	0	static
image.c:626:5:genimg_get_type_id	0	static
image.c:631:5:genimg_get_comp_id	0	static
image.c:651:5:genimg_get_format	8	static
image.c:679:7:genimg_get_image	0	static
image.c:753:5:genimg_has_config	0	static
image.c:784:5:boot_get_ramdisk	40	static
image.c:975:5:boot_ramdisk_high	24	static
image.c:1129:5:image_setup_linux	32	static
