usb.c:273:1:usb_set_maxpacket_ep	4	static
usb.c:118:5:usb_stop	8	static
usb.c:141:5:usb_disable_asynch	0	static
usb.c:158:5:usb_submit_int_msg	0	static
usb.c:173:5:usb_control_msg	152	static
usb.c:512:12:usb_get_descriptor	32	static
usb.c:679:12:usb_get_string	56	static
usb.c:715:12:usb_string_sub	32	static
usb.c:223:5:usb_bulk_msg	16	static
usb.c:252:5:usb_maxpacket	0	static
usb.c:483:5:usb_clear_halt	48	static
usb.c:526:5:usb_get_configuration_no	32	static
usb.c:578:5:usb_set_interface	40	static
usb.c:636:5:usb_set_protocol	32	static
usb.c:646:5:usb_set_idle	32	static
usb.c:656:5:usb_get_report	32	static
usb.c:668:5:usb_get_class_descriptor	32	static
usb.c:755:5:usb_string	600	static
usb.c:815:20:usb_get_dev_index	0	static
usb.c:826:20:usb_alloc_new_device	16	static
usb.c:850:6:usb_free_device	16	static
usb.c:864:12:usb_alloc_device	0	static
usb.c:875:5:usb_new_device	648	static
usb.c:58:5:usb_init	24	static
usb.c:1071:5:board_usb_init	0	static
