Archive member included because of file (symbol)

/home/ru/Knobloch/wrk/BuildRoot/ft-TXT/output/host/opt/ext-toolchain/bin/../lib/gcc/arm-linux-gnueabihf/4.9.1/libgcc.a(_udivsi3.o)
                              arch/arm/cpu/armv7/omap-common/libomap-common.o (__aeabi_uidiv)
/home/ru/Knobloch/wrk/BuildRoot/ft-TXT/output/host/opt/ext-toolchain/bin/../lib/gcc/arm-linux-gnueabihf/4.9.1/libgcc.a(_divsi3.o)
                              drivers/i2c/libi2c.o (__aeabi_idiv)
/home/ru/Knobloch/wrk/BuildRoot/ft-TXT/output/host/opt/ext-toolchain/bin/../lib/gcc/arm-linux-gnueabihf/4.9.1/libgcc.a(_lshrdi3.o)
                              drivers/mtd/nand/libnand.o (__aeabi_llsr)
/home/ru/Knobloch/wrk/BuildRoot/ft-TXT/output/host/opt/ext-toolchain/bin/../lib/gcc/arm-linux-gnueabihf/4.9.1/libgcc.a(_ashrdi3.o)
                              drivers/mtd/nand/libnand.o (__aeabi_lasr)
/home/ru/Knobloch/wrk/BuildRoot/ft-TXT/output/host/opt/ext-toolchain/bin/../lib/gcc/arm-linux-gnueabihf/4.9.1/libgcc.a(_ashldi3.o)
                              drivers/mmc/libmmc.o (__aeabi_llsl)
/home/ru/Knobloch/wrk/BuildRoot/ft-TXT/output/host/opt/ext-toolchain/bin/../lib/gcc/arm-linux-gnueabihf/4.9.1/libgcc.a(_dvmd_lnx.o)
                              /home/ru/Knobloch/wrk/BuildRoot/ft-TXT/output/host/opt/ext-toolchain/bin/../lib/gcc/arm-linux-gnueabihf/4.9.1/libgcc.a(_udivsi3.o) (__aeabi_idiv0)

Discarded input sections

 .data          0x00000000        0x0 arch/arm/cpu/armv7/start.o
 .bss           0x00000000        0x0 arch/arm/cpu/armv7/start.o
 .text          0x00000000        0x0 arch/arm/cpu/armv7/am33xx/libam33xx.o
 .text.get_cpu_rev
                0x00000000       0x14 arch/arm/cpu/armv7/am33xx/libam33xx.o
 .text.get_cpu_type
                0x00000000       0x14 arch/arm/cpu/armv7/am33xx/libam33xx.o
 .text.get_board_rev
                0x00000000        0x8 arch/arm/cpu/armv7/am33xx/libam33xx.o
 .text.get_device_type
                0x00000000       0x18 arch/arm/cpu/armv7/am33xx/libam33xx.o
 .text.get_sysboot_value
                0x00000000       0x18 arch/arm/cpu/armv7/am33xx/libam33xx.o
 .text.am33xx_spl_board_init
                0x00000000       0x30 arch/arm/cpu/armv7/am33xx/libam33xx.o
 .text.enable_caches
                0x00000000        0x4 arch/arm/cpu/armv7/am33xx/libam33xx.o
 .text.dram_init
                0x00000000       0x20 arch/arm/cpu/armv7/am33xx/libam33xx.o
 .text.dram_init_banksize
                0x00000000       0x1c arch/arm/cpu/armv7/am33xx/libam33xx.o
 .rodata.cmdpll
                0x00000000        0x4 arch/arm/cpu/armv7/am33xx/libam33xx.o
 .rodata.cmper  0x00000000        0x4 arch/arm/cpu/armv7/am33xx/libam33xx.o
 .rodata.cmrtc  0x00000000        0x4 arch/arm/cpu/armv7/am33xx/libam33xx.o
 .data          0x00000000        0x0 arch/arm/cpu/armv7/am33xx/libam33xx.o
 .bss           0x00000000        0x0 arch/arm/cpu/armv7/am33xx/libam33xx.o
 .text.v7_maint_dcache_all
                0x00000000       0xd0 arch/arm/cpu/armv7/libarmv7.o
 .text.invalidate_icache_all
                0x00000000       0x18 arch/arm/cpu/armv7/libarmv7.o
 .text.__v7_outer_cache_enable
                0x00000000        0x4 arch/arm/cpu/armv7/libarmv7.o
 .text.__v7_outer_cache_disable
                0x00000000        0x4 arch/arm/cpu/armv7/libarmv7.o
 .text.__v7_outer_cache_flush_all
                0x00000000        0x4 arch/arm/cpu/armv7/libarmv7.o
 .text.flush_dcache_all
                0x00000000       0x14 arch/arm/cpu/armv7/libarmv7.o
 .text.__v7_outer_cache_inval_all
                0x00000000        0x4 arch/arm/cpu/armv7/libarmv7.o
 .text.invalidate_dcache_all
                0x00000000       0x14 arch/arm/cpu/armv7/libarmv7.o
 .text.arm_init_before_mmu
                0x00000000       0x28 arch/arm/cpu/armv7/libarmv7.o
 .text.__v7_outer_cache_flush_range
                0x00000000        0x4 arch/arm/cpu/armv7/libarmv7.o
 .text.flush_dcache_range
                0x00000000       0x3c arch/arm/cpu/armv7/libarmv7.o
 .text.mmu_page_table_flush
                0x00000000       0x24 arch/arm/cpu/armv7/libarmv7.o
 .text.flush_cache
                0x00000000        0x8 arch/arm/cpu/armv7/libarmv7.o
 .text.__v7_outer_cache_inval_range
                0x00000000        0x4 arch/arm/cpu/armv7/libarmv7.o
 .text.invalidate_dcache_range
                0x00000000       0xac arch/arm/cpu/armv7/libarmv7.o
 .text.cpu_cache_initialization
                0x00000000        0x4 arch/arm/cpu/armv7/libarmv7.o
 .text.cleanup_before_linux
                0x00000000       0x24 arch/arm/cpu/armv7/libarmv7.o
 .text.sr32     0x00000000       0x20 arch/arm/cpu/armv7/libarmv7.o
 .rodata.__func__.6162
                0x00000000       0x16 arch/arm/cpu/armv7/libarmv7.o
 .rodata.str1.1
                0x00000000       0x65 arch/arm/cpu/armv7/libarmv7.o
 .data          0x00000000        0x0 arch/arm/cpu/armv7/libarmv7.o
 .bss           0x00000000        0x0 arch/arm/cpu/armv7/libarmv7.o
 .text.warm_reset
[...]
Memory Configuration

Name             Origin             Length             Attributes
.sram            0x402f0400         0x0001b400
.sdram           0x80a00000         0x00080000
*default*        0x00000000         0xffffffff

Linker script and memory map


.text           0x402f0400    0x12b2c
                0x402f0400                __start = .
 arch/arm/cpu/armv7/start.o(.text)
 .text          0x402f0400       0xf0 arch/arm/cpu/armv7/start.o
                0x402f0400                _start
                0x402f0440                _end_vect
                0x402f0440                _TEXT_BASE
                0x402f0444                _bss_start_ofs
                0x402f0448                _bss_end_ofs
                0x402f044c                _end_ofs
                0x402f0450                IRQ_STACK_START_IN
                0x402f0494                c_runtime_cpu_setup
                0x402f04b0                cpu_init_cp15
                0x402f04e8                cpu_init_crit
 *(.text*)
 .text.do_setup_dpll
                0x402f04f0      0x140 arch/arm/cpu/armv7/am33xx/libam33xx.o
                0x402f04f0                do_setup_dpll
 .text.do_enable_clocks
                0x402f0630       0xa0 arch/arm/cpu/armv7/am33xx/libam33xx.o
                0x402f0630                do_enable_clocks
 .text.prcm_init
                0x402f06d0       0x9c arch/arm/cpu/armv7/am33xx/libam33xx.o
                0x402f06d0                prcm_init
 .text.am335x_get_efuse_mpu_max_freq
                0x402f076c       0xa0 arch/arm/cpu/armv7/am33xx/libam33xx.o
                0x402f076c                am335x_get_efuse_mpu_max_freq
 .text.am335x_get_tps65910_mpu_vdd
                0x402f080c       0x48 arch/arm/cpu/armv7/am33xx/libam33xx.o
                0x402f080c                am335x_get_tps65910_mpu_vdd
 .text.am33xx_otg0_set_phy_power
                0x402f0854       0x28 arch/arm/cpu/armv7/am33xx/libam33xx.o
 .text.am33xx_otg1_set_phy_power
                0x402f087c       0x28 arch/arm/cpu/armv7/am33xx/libam33xx.o
 .text.arch_misc_init
                0x402f08a4       0x44 arch/arm/cpu/armv7/am33xx/libam33xx.o
                0x402f08a4                arch_misc_init
 .text.rtc32k_enable
                0x402f08e8       0x30 arch/arm/cpu/armv7/am33xx/libam33xx.o
                0x402f08ec                rtc32k_enable
 .text.s_init   0x402f0918       0x98 arch/arm/cpu/armv7/am33xx/libam33xx.o
                0x402f0918                s_init
 .text.configure_module_pin_mux
                0x402f09b0       0x30 arch/arm/cpu/armv7/am33xx/libam33xx.o
                0x402f09b0                configure_module_pin_mux
 .text.config_sdram
                0x402f09e0       0x90 arch/arm/cpu/armv7/am33xx/libam33xx.o
                0x402f09e0                config_sdram
 .text.set_sdram_timings
                0x402f0a70       0x40 arch/arm/cpu/armv7/am33xx/libam33xx.o
                0x402f0a70                set_sdram_timings
 .text.config_ddr_phy
                0x402f0ab0       0x20 arch/arm/cpu/armv7/am33xx/libam33xx.o
                0x402f0ab0                config_ddr_phy
 .text.config_cmd_ctrl
                0x402f0ad0       0x40 arch/arm/cpu/armv7/am33xx/libam33xx.o
                0x402f0ad0                config_cmd_ctrl
 .text.config_ddr_data
                0x402f0b10       0x54 arch/arm/cpu/armv7/am33xx/libam33xx.o
                0x402f0b10                config_ddr_data
 .text.config_io_ctrl
                0x402f0b64       0x20 arch/arm/cpu/armv7/am33xx/libam33xx.o
                0x402f0b64                config_io_ctrl
 .text.ddr_pll_config
                0x402f0b84        0x4 arch/arm/cpu/armv7/am33xx/libam33xx.o
                0x402f0b84                ddr_pll_config
 .text.config_ddr
                0x402f0b88       0xb0 arch/arm/cpu/armv7/am33xx/libam33xx.o
                0x402f0b88                config_ddr
 .text.get_dpll_mpu_params
                0x402f0c38        0xc arch/arm/cpu/armv7/am33xx/libam33xx.o
                0x402f0c38                get_dpll_mpu_params
 .text.get_dpll_core_params
                0x402f0c44        0xc arch/arm/cpu/armv7/am33xx/libam33xx.o
                0x402f0c44                get_dpll_core_params
 .text.get_dpll_per_params
                0x402f0c50        0xc arch/arm/cpu/armv7/am33xx/libam33xx.o
                0x402f0c50                get_dpll_per_params
 .text.setup_clocks_for_console
                0x402f0c5c       0x8c arch/arm/cpu/armv7/am33xx/libam33xx.o
                0x402f0c5c                setup_clocks_for_console
 .text.enable_basic_clocks
                0x402f0ce8       0x60 arch/arm/cpu/armv7/am33xx/libam33xx.o
                0x402f0ce8                enable_basic_clocks
 .text          0x402f0d48       0x20 arch/arm/cpu/armv7/libarmv7.o
                0x402f0d48                lowlevel_init
 .text.sdelay   0x402f0d68        0xc arch/arm/cpu/armv7/libarmv7.o
                0x402f0d68                sdelay
 .text.wait_on_value
                0x402f0d74       0x34 arch/arm/cpu/armv7/libarmv7.o
                0x402f0d74                wait_on_value
 .text          0x402f0da8       0x38 arch/arm/cpu/armv7/omap-common/libomap-common.o
                0x402f0da8                save_boot_params
                0x402f0db4                set_pl310_ctrl_reg
                0x402f0dc4                get_l2_aux_ctrl_reg
                0x402f0dc8                set_l2_aux_ctrl_reg
 .text.reset_cpu
                0x402f0de0       0x14 arch/arm/cpu/armv7/omap-common/libomap-common.o
                0x402f0de0                reset_cpu
 .text.timer_init
                0x402f0df4       0x38 arch/arm/cpu/armv7/omap-common/libomap-common.o
                0x402f0df4                timer_init
 .text.__udelay
                0x402f0e2c       0x44 arch/arm/cpu/armv7/omap-common/libomap-common.o
                0x402f0e2c                __udelay
 .text.get_timer_masked
                0x402f0e70       0x40 arch/arm/cpu/armv7/omap-common/libomap-common.o
                0x402f0e70                get_timer_masked
 .text.get_timer
                0x402f0eb0       0x14 arch/arm/cpu/armv7/omap-common/libomap-common.o
                0x402f0eb0                get_timer
 .text.save_omap_boot_params
                0x402f0ec4       0x50 arch/arm/cpu/armv7/omap-common/libomap-common.o
                0x402f0ec4                save_omap_boot_params
 .text.spl_boot_device
                0x402f0f14        0x8 arch/arm/cpu/armv7/omap-common/libomap-common.o
                0x402f0f14                spl_boot_device
 .text.spl_boot_mode
                0x402f0f1c        0x8 arch/arm/cpu/armv7/omap-common/libomap-common.o
                0x402f0f1c                spl_boot_mode
 .text.spl_board_init
                0x402f0f24       0x14 arch/arm/cpu/armv7/omap-common/libomap-common.o
                0x402f0f24                spl_board_init
 .text.board_mmc_init
                0x402f0f38       0x60 arch/arm/cpu/armv7/omap-common/libomap-common.o
                0x402f0f38                board_mmc_init
 .text.jump_to_image_no_args
                0x402f0f98       0x10 arch/arm/cpu/armv7/omap-common/libomap-common.o
                0x402f0f98                jump_to_image_no_args
 .text.enable_gpmc_cs_config
                0x402f0fa8       0x74 arch/arm/cpu/armv7/omap-common/libomap-common.o
                0x402f0fa8                enable_gpmc_cs_config
 .text.gpmc_init
                0x402f101c       0x90 arch/arm/cpu/armv7/omap-common/libomap-common.o
                0x402f101c                gpmc_init
 .text          0x402f10ac       0x20 arch/arm/lib/libarm.o
                0x402f10ac                _main
 .text.board_init_f
                0x402f10cc       0x34 arch/arm/lib/libarm.o
                0x402f10cc                board_init_f
 .text.disable_interrupts
                0x402f1100        0x8 arch/arm/lib/libarm.o
                0x402f1100                disable_interrupts
 .text.do_reset
                0x402f1108       0x2c arch/arm/lib/libarm.o
                0x402f1108                do_reset
 .text.enable_uart0_pin_mux
                0x402f1134        0xc board/knobloch/TXT/libTXT.o
                0x402f1134                enable_uart0_pin_mux
 .text.enable_i2c0_pin_mux
                0x402f1140       0x28 board/knobloch/TXT/libTXT.o
                0x402f1140                enable_i2c0_pin_mux
 .text.enable_board_pin_mux
                0x402f1168      0x264 board/knobloch/TXT/libTXT.o
                0x402f1168                enable_board_pin_mux
 .text.LcdInit  0x402f13cc      0x338 board/knobloch/TXT/libTXT.o
                0x402f13cc                LcdInit
 .text.read_eeprom
                0x402f1704       0xc4 board/knobloch/TXT/libTXT.o
 .text.am33xx_spl_board_init
                0x402f17c8       0xe0 board/knobloch/TXT/libTXT.o
                0x402f17c8                am33xx_spl_board_init
 .text.get_dpll_ddr_params
                0x402f18a8       0x48 board/knobloch/TXT/libTXT.o
                0x402f18a8                get_dpll_ddr_params
 .text.set_uart_mux_conf
                0x402f18f0        0x4 board/knobloch/TXT/libTXT.o
                0x402f18f0                set_uart_mux_conf
 .text.set_mux_conf_regs
                0x402f18f4       0x34 board/knobloch/TXT/libTXT.o
                0x402f18f4                set_mux_conf_regs
 .text.sdram_init
                0x402f1928       0xb0 board/knobloch/TXT/libTXT.o
                0x402f1928                sdram_init
 .text.board_eth_init
                0x402f19d8      0x120 board/knobloch/TXT/libTXT.o
                0x402f19d8                board_eth_init
 .text._do_env_set.isra.0
                0x402f1af8      0x1b8 common/libcommon.o
 .text.get_env_id
                0x402f1cb0       0x10 common/libcommon.o
                0x402f1cb0                get_env_id
 .text.setenv   0x402f1cc0       0x58 common/libcommon.o
                0x402f1cc0                setenv
 .text.setenv_hex
                0x402f1d18       0x34 common/libcommon.o
                0x402f1d18                setenv_hex
 .text.envmatch
                0x402f1d4c       0x6c common/libcommon.o
                0x402f1d4c                envmatch
 .text.getenv_f
                0x402f1db8       0xc8 common/libcommon.o
                0x402f1db8                getenv_f
 .text.getenv   0x402f1e80       0x78 common/libcommon.o
                0x402f1e80                getenv
 .text.fgetc    0x402f1ef8       0x24 common/libcommon.o
                0x402f1ef8                fgetc
 .text.ftstc    0x402f1f1c       0x24 common/libcommon.o
                0x402f1f1c                ftstc
 .text.getc     0x402f1f40       0x24 common/libcommon.o
                0x402f1f40                getc
 .text.tstc     0x402f1f64       0x24 common/libcommon.o
                0x402f1f64                tstc
 .text.putc     0x402f1f88       0x30 common/libcommon.o
                0x402f1f88                putc
 .text.puts     0x402f1fb8       0x30 common/libcommon.o
                0x402f1fb8                puts
 .text.printf   0x402f1fe8       0x4c common/libcommon.o
                0x402f1fe8                printf
 .text.vprintf  0x402f2034       0x3c common/libcommon.o
                0x402f2034                vprintf
 .text.ctrlc    0x402f2070       0x58 common/libcommon.o
                0x402f2070                ctrlc
 .text.sbrk     0x402f20c8       0x70 common/libcommon.o
                0x402f20c8                sbrk
 .text.mem_malloc_init
                0x402f2138       0x34 common/libcommon.o
                0x402f2138                mem_malloc_init
 .text.malloc_trim
                0x402f216c       0xcc common/libcommon.o
                0x402f216c                malloc_trim
 .text.free     0x402f2238      0x234 common/libcommon.o
                0x402f2238                free
 .text.malloc   0x402f246c      0x608 common/libcommon.o
                0x402f246c                malloc
 .text.calloc   0x402f2a74       0xd4 common/libcommon.o
                0x402f2a74                calloc
 .text.memalign
                0x402f2b48      0x10c common/libcommon.o
                0x402f2b48                memalign
 .text.env_attr_lookup
                0x402f2c54      0x18c common/libcommon.o
                0x402f2c54                env_attr_lookup
 .text.env_callback_init
                0x402f2de0       0xd8 common/libcommon.o
                0x402f2de0                env_callback_init
 .text.__env_get_char_spec
                0x402f2eb8        0xc common/libcommon.o
                0x402f2eb8                env_get_char_spec
 .text.env_get_addr
                0x402f2ec4       0x20 common/libcommon.o
                0x402f2ec4                env_get_addr
 .text.env_get_char_memory
                0x402f2ee4       0x10 common/libcommon.o
                0x402f2ee4                env_get_char_memory
 .text.env_get_char
                0x402f2ef4       0x30 common/libcommon.o
                0x402f2ef4                env_get_char
 .text.getenv_yesno
                0x402f2f24       0x40 common/libcommon.o
                0x402f2f24                getenv_yesno
 .text.getenv_default
                0x402f2f64       0x30 common/libcommon.o
                0x402f2f64                getenv_default
 .text.set_default_env
                0x402f2f94       0xbc common/libcommon.o
                0x402f2f94                set_default_env
 .text.env_relocate
                0x402f3050       0x14 common/libcommon.o
                0x402f3050                env_relocate
 .text.skip_num
                0x402f3064       0x70 common/libcommon.o
 .text.env_flags_parse_vartype
                0x402f30d4       0x50 common/libcommon.o
                0x402f30d4                env_flags_parse_vartype
 .text.env_flags_parse_varaccess
                0x402f3124       0x58 common/libcommon.o
                0x402f3124                env_flags_parse_varaccess
 .text.env_flags_init
                0x402f317c       0xb0 common/libcommon.o
                0x402f317c                env_flags_init
 .text.env_flags_validate
                0x402f322c      0x324 common/libcommon.o
                0x402f322c                env_flags_validate
 .text.env_relocate_spec
                0x402f3550        0x4 common/libcommon.o
                0x402f3550                env_relocate_spec
 .text.env_init
                0x402f3554       0x18 common/libcommon.o
                0x402f3554                env_init
 .text.miiphy_get_dev_by_name
                0x402f356c       0x60 common/libcommon.o
                0x402f356c                miiphy_get_dev_by_name
 .text.miiphy_init
                0x402f35cc       0x24 common/libcommon.o
                0x402f35cc                miiphy_init
 .text.miiphy_set_current_dev
                0x402f35f0       0x40 common/libcommon.o
                0x402f35f0                miiphy_set_current_dev
 .text.miiphy_get_active_dev
                0x402f3630       0x54 common/libcommon.o
 .text.miiphy_get_current_dev
                0x402f3684       0x18 common/libcommon.o
                0x402f3684                miiphy_get_current_dev
 .text.miiphy_write
                0x402f369c       0x40 common/libcommon.o
                0x402f369c                miiphy_write
 .text.CYGACC_COMM_IF_GETC_TIMEOUT.isra.0
                0x402f36dc       0x5c common/libcommon.o
 .text.xyzModem_flush
                0x402f3738       0x1c common/libcommon.o
 .text.xyzModem_get_hdr
                0x402f3754      0x230 common/libcommon.o
 .text.xyzModem_stream_open
                0x402f3984      0x23c common/libcommon.o
                0x402f3984                xyzModem_stream_open
 .text.xyzModem_stream_read
                0x402f3bc0      0x258 common/libcommon.o
                0x402f3bc0                xyzModem_stream_read
 .text.xyzModem_stream_close
                0x402f3e18       0x54 common/libcommon.o
                0x402f3e18                xyzModem_stream_close
 .text.xyzModem_stream_terminate
                0x402f3e6c       0x94 common/libcommon.o
                0x402f3e6c                xyzModem_stream_terminate
 .text.xyzModem_error
                0x402f3f00       0x20 common/libcommon.o
                0x402f3f00                xyzModem_error
 .text.spl_parse_image_header
                0x402f3f20       0xac common/spl/libspl.o
                0x402f3f20                spl_parse_image_header
 .text.board_init_r
                0x402f3fcc       0x9c common/spl/libspl.o
                0x402f3fcc                board_init_r
 .text.preloader_console_init
                0x402f4068       0x38 common/spl/libspl.o
                0x402f4068                preloader_console_init
 .text.getcymodem
                0x402f40a0       0x20 common/spl/libspl.o
 .text.spl_ymodem_load_image
                0x402f40c0       0xd0 common/spl/libspl.o
                0x402f40c0                spl_ymodem_load_image
 .text.spl_nand_load_image
                0x402f4190       0x48 common/spl/libspl.o
                0x402f4190                spl_nand_load_image
 .text.spl_net_load_image
                0x402f41d8       0x94 common/spl/libspl.o
                0x402f41d8                spl_net_load_image
 .text.spl_mmc_load_image
                0x402f426c      0x19c common/spl/libspl.o
                0x402f426c                spl_mmc_load_image
 .text.init_part
                0x402f4408       0x34 disk/libdisk.o
                0x402f4408                init_part
 .text.get_partition_info
                0x402f443c       0x44 disk/libdisk.o
                0x402f443c                get_partition_info
 .text.get_partition_info_extended
                0x402f4480      0x2f4 disk/libdisk.o
 .text.test_block_type
                0x402f4774       0x84 disk/libdisk.o
 .text.test_part_dos
                0x402f47f8       0x64 disk/libdisk.o
                0x402f47f8                test_part_dos
 .text.get_partition_info_dos
                0x402f485c       0x24 disk/libdisk.o
                0x402f485c                get_partition_info_dos
 .text.print_efiname
                0x402f4880       0x60 disk/libdisk.o
 .text.uuid_string
                0x402f48e0       0x6c disk/libdisk.o
 .text.is_pte_valid
                0x402f494c       0x58 disk/libdisk.o
 .text.is_gpt_valid.constprop.2
                0x402f49a4      0x298 disk/libdisk.o
 .text.get_partition_info_efi
                0x402f4c3c      0x178 disk/libdisk.o
                0x402f4c3c                get_partition_info_efi
 .text.test_part_efi
                0x402f4db4       0xd4 disk/libdisk.o
                0x402f4db4                test_part_efi
 .text.check_gpio
                0x402f4e88       0x2c drivers/gpio/libgpio.o
 .text._set_gpio_dataout
                0x402f4eb4       0x44 drivers/gpio/libgpio.o
 .text.gpio_is_valid
                0x402f4ef8       0x10 drivers/gpio/libgpio.o
                0x402f4ef8                gpio_is_valid
 .text.gpio_get_value
                0x402f4f08       0x70 drivers/gpio/libgpio.o
                0x402f4f08                gpio_get_value
 .text.gpio_direction_input
                0x402f4f78       0x5c drivers/gpio/libgpio.o
                0x402f4f78                gpio_direction_input
 .text.gpio_direction_output
                0x402f4fd4       0x70 drivers/gpio/libgpio.o
                0x402f4fd4                gpio_direction_output
 .text.gpio_request
                0x402f5044       0x10 drivers/gpio/libgpio.o
                0x402f5044                gpio_request
 .text.flush_fifo
                0x402f5054       0x3c drivers/i2c/libi2c.o
 .text.wait_for_bb
                0x402f5090       0x8c drivers/i2c/libi2c.o
 .text.wait_for_event
                0x402f511c       0x80 drivers/i2c/libi2c.o
 .text.i2c_init
                0x402f519c      0x1a4 drivers/i2c/libi2c.o
                0x402f519c                i2c_init
 .text.i2c_probe
                0x402f5340       0xf4 drivers/i2c/libi2c.o
                0x402f5340                i2c_probe
 .text.i2c_read
                0x402f5434      0x218 drivers/i2c/libi2c.o
                0x402f5434                i2c_read
 .text.i2c_write
                0x402f564c      0x1f4 drivers/i2c/libi2c.o
                0x402f564c                i2c_write
 .text.mmc_berase
                0x402f5840        0x8 drivers/mmc/libmmc.o
 .text.mmc_bwrite
                0x402f5848        0x8 drivers/mmc/libmmc.o
 .text.mmc_set_ios
                0x402f5850      0x120 drivers/mmc/libmmc.o
 .text.mmc_set_capacity
                0x402f5970       0xa8 drivers/mmc/libmmc.o
 .text.__board_mmc_getcd
                0x402f5a18        0x8 drivers/mmc/libmmc.o
                0x402f5a18                __board_mmc_getcd
                0x402f5a18                board_mmc_getcd
 .text.mmc_send_cmd
                0x402f5a20      0x3cc drivers/mmc/libmmc.o
                0x402f5a20                mmc_send_cmd
 .text.mmc_go_idle
                0x402f5dec       0x4c drivers/mmc/libmmc.o
 .text.mmc_send_op_cond_iter
                0x402f5e38       0x7c drivers/mmc/libmmc.o
 .text.mmc_send_ext_csd
                0x402f5eb4       0x4c drivers/mmc/libmmc.o
 .text.mmc_send_status
                0x402f5f00       0xc4 drivers/mmc/libmmc.o
                0x402f5f00                mmc_send_status
 .text.mmc_switch.isra.1
                0x402f5fc4       0x54 drivers/mmc/libmmc.o
 .text.mmc_set_blocklen
                0x402f6018       0x30 drivers/mmc/libmmc.o
                0x402f6018                mmc_set_blocklen
 .text.find_mmc_device
                0x402f6048       0x4c drivers/mmc/libmmc.o
                0x402f6048                find_mmc_device
 .text.mmc_bread
                0x402f6094      0x144 drivers/mmc/libmmc.o
 .text.mmc_send_op_cond
                0x402f61d8       0x74 drivers/mmc/libmmc.o
                0x402f61d8                mmc_send_op_cond
 .text.mmc_complete_op_cond
                0x402f624c       0x88 drivers/mmc/libmmc.o
                0x402f624c                mmc_complete_op_cond
 .text.mmc_getcd
                0x402f62d4       0x34 drivers/mmc/libmmc.o
                0x402f62d4                mmc_getcd
 .text.mmc_set_clock
                0x402f6308       0x20 drivers/mmc/libmmc.o
                0x402f6308                mmc_set_clock
 .text.mmc_startup
                0x402f6328      0xa40 drivers/mmc/libmmc.o
 .text.mmc_register
                0x402f6d68       0x84 drivers/mmc/libmmc.o
                0x402f6d68                mmc_register
 .text.mmc_start_init
                0x402f6dec      0x204 drivers/mmc/libmmc.o
                0x402f6dec                mmc_start_init
 .text.mmc_init
                0x402f6ff0       0x90 drivers/mmc/libmmc.o
                0x402f6ff0                mmc_init
 .text.__def_mmc_init
                0x402f7080        0x8 drivers/mmc/libmmc.o
                0x402f7080                cpu_mmc_init
 .text.mmc_initialize
                0x402f7088       0x6c drivers/mmc/libmmc.o
                0x402f7088                mmc_initialize
 .text.omap_mmc_getwp
                0x402f70f4        0xc drivers/mmc/libmmc.o
 .text.omap_mmc_getcd
                0x402f7100        0xc drivers/mmc/libmmc.o
 .text.omap_mmc_setup_gpio_in
                0x402f710c       0x4c drivers/mmc/libmmc.o
 .text.mmc_reset_controller_fsm
                0x402f7158       0x9c drivers/mmc/libmmc.o
 .text.mmc_init_stream
                0x402f71f4       0xa8 drivers/mmc/libmmc.o
                0x402f71f4                mmc_init_stream
 .text.mmc_init_setup
                0x402f729c      0x150 drivers/mmc/libmmc.o
 .text.omap_mmc_init
                0x402f73ec      0x1ac drivers/mmc/libmmc.o
                0x402f73ec                omap_mmc_init
 .text.nand_command
                0x402f7598      0x328 drivers/mtd/nand/libnand.o
 .text.nand_spl_load_image
                0x402f78c0      0x218 drivers/mtd/nand/libnand.o
                0x402f78c0                nand_spl_load_image
 .text.nand_init
                0x402f7ad8       0x5c drivers/mtd/nand/libnand.o
                0x402f7ad8                nand_init
 .text.nand_deselect
                0x402f7b34       0x24 drivers/mtd/nand/libnand.o
                0x402f7b34                nand_deselect
 .text.nand_read_buf
                0x402f7b58       0x2c drivers/mtd/nand/libnand.o
                0x402f7b58                nand_read_buf
 .text.nand_read_buf16
                0x402f7b84       0x34 drivers/mtd/nand/libnand.o
                0x402f7b84                nand_read_buf16
 .text.nand_wait_ready
                0x402f7bb8       0x4c drivers/mtd/nand/libnand.o
                0x402f7bb8                nand_wait_ready
 .text.omap_nand_hwcontrol
                0x402f7c04       0xa0 drivers/mtd/nand/libnand.o
 .text.omap_spl_dev_ready
                0x402f7ca4       0x18 drivers/mtd/nand/libnand.o
                0x402f7ca4                omap_spl_dev_ready
 .text.omap_enable_hwecc
                0x402f7cbc       0xe0 drivers/mtd/nand/libnand.o
 .text.omap_calculate_ecc
                0x402f7d9c      0x1a0 drivers/mtd/nand/libnand.o
 .text.omap_read_page_bch
                0x402f7f3c      0x1c0 drivers/mtd/nand/libnand.o
 .text.omap_reverse_list
                0x402f80fc       0x38 drivers/mtd/nand/libnand.o
                0x402f80fc                omap_reverse_list
 .text.omap_correct_data_bch
                0x402f8134      0x1c0 drivers/mtd/nand/libnand.o
 .text.board_nand_init
                0x402f82f4      0x1e8 drivers/mtd/nand/libnand.o
                0x402f82f4                board_nand_init
 .text.elm_check_error
                0x402f84dc      0x2c0 drivers/mtd/nand/libnand.o
                0x402f84dc                elm_check_error
 .text.elm_config
                0x402f879c       0x44 drivers/mtd/nand/libnand.o
                0x402f879c                elm_config
 .text.elm_reset
                0x402f87e0       0x30 drivers/mtd/nand/libnand.o
                0x402f87e0                elm_reset
 .text.elm_init
                0x402f8810       0x18 drivers/mtd/nand/libnand.o
                0x402f8810                elm_init
 .text.spl_spi_load_image
                0x402f8828       0x78 drivers/mtd/spi/libspi_flash.o
                0x402f8828                spl_spi_load_image
 .text.spi_flash_read_write
                0x402f88a0       0x74 drivers/mtd/spi/libspi_flash.o
 .text.spi_flash_cmd_read
                0x402f8914       0x20 drivers/mtd/spi/libspi_flash.o
                0x402f8914                spi_flash_cmd_read
 .text.spi_flash_cmd
                0x402f8934       0x2c drivers/mtd/spi/libspi_flash.o
                0x402f8934                spi_flash_cmd
 .text.spi_flash_cmd_write
                0x402f8960       0x20 drivers/mtd/spi/libspi_flash.o
                0x402f8960                spi_flash_cmd_write
 .text.spi_flash_probe
                0x402f8980      0x1f8 drivers/mtd/spi/libspi_flash.o
                0x402f8980                spi_flash_probe
 .text.spi_flash_cmd_wait_ready
                0x402f8b78       0xdc drivers/mtd/spi/libspi_flash.o
                0x402f8b78                spi_flash_cmd_wait_ready
 .text.spi_flash_write_common
                0x402f8c54       0x9c drivers/mtd/spi/libspi_flash.o
                0x402f8c54                spi_flash_write_common
 .text.spi_flash_cmd_erase_ops
                0x402f8cf0       0xa8 drivers/mtd/spi/libspi_flash.o
                0x402f8cf0                spi_flash_cmd_erase_ops
 .text.spi_flash_cmd_write_ops
                0x402f8d98       0xb8 drivers/mtd/spi/libspi_flash.o
                0x402f8d98                spi_flash_cmd_write_ops
 .text.spi_flash_read_common
                0x402f8e50       0x5c drivers/mtd/spi/libspi_flash.o
                0x402f8e50                spi_flash_read_common
 .text.spi_flash_cmd_read_ops
                0x402f8eac      0x100 drivers/mtd/spi/libspi_flash.o
                0x402f8eac                spi_flash_cmd_read_ops
 .text.genphy_shutdown
                0x402f8fac        0x8 drivers/net/phy/libphy.o
                0x402f8fac                genphy_shutdown
 .text.genphy_restart_aneg
                0x402f8fb4       0x5c drivers/net/phy/libphy.o
                0x402f8fb4                genphy_restart_aneg
 .text.genphy_config_aneg
                0x402f9010      0x1dc drivers/net/phy/libphy.o
                0x402f9010                genphy_config_aneg
 .text.genphy_update_link
                0x402f91ec      0x140 drivers/net/phy/libphy.o
                0x402f91ec                genphy_update_link
 .text.phy_init
                0x402f932c       0x10 drivers/net/phy/libphy.o
                0x402f932c                phy_init
 .text.phy_register
                0x402f933c       0x28 drivers/net/phy/libphy.o
                0x402f933c                phy_register
 .text.smsc_startup
                0x402f9364       0x4c drivers/net/phy/libphy.o
 .text.phy_smsc_init
                0x402f93b0       0x30 drivers/net/phy/libphy.o
                0x402f93b0                phy_smsc_init
 .text.tps65910_set_i2c_control
                0x402f93e0       0x54 drivers/power/pmic/libpmic.o
                0x402f93e0                tps65910_set_i2c_control
 .text.tps65910_voltage_update
                0x402f9434       0xec drivers/power/pmic/libpmic.o
                0x402f9434                tps65910_voltage_update
 .text.NS16550_init
                0x402f9520       0x64 drivers/serial/libserial.o
                0x402f9520                NS16550_init
 .text.NS16550_reinit
                0x402f9584       0x4c drivers/serial/libserial.o
                0x402f9584                NS16550_reinit
 .text.NS16550_putc
                0x402f95d0       0x18 drivers/serial/libserial.o
                0x402f95d0                NS16550_putc
 .text.NS16550_getc
                0x402f95e8       0x1c drivers/serial/libserial.o
                0x402f95e8                NS16550_getc
 .text.NS16550_tstc
                0x402f9604       0x10 drivers/serial/libserial.o
                0x402f9604                NS16550_tstc
 .text.get_current
                0x402f9614       0x44 drivers/serial/libserial.o
 .text.serial_init
                0x402f9658       0x14 drivers/serial/libserial.o
                0x402f9658                serial_init
 .text.serial_getc
                0x402f966c       0x14 drivers/serial/libserial.o
                0x402f966c                serial_getc
 .text.serial_tstc
                0x402f9680       0x14 drivers/serial/libserial.o
                0x402f9680                serial_tstc
 .text.serial_putc
                0x402f9694       0x1c drivers/serial/libserial.o
                0x402f9694                serial_putc
 .text.serial_puts
                0x402f96b0       0x1c drivers/serial/libserial.o
                0x402f96b0                serial_puts
 .text.calc_divisor.isra.0
                0x402f96cc       0x28 drivers/serial/libserial.o
 .text.eserial1_init
                0x402f96f4       0x20 drivers/serial/libserial.o
 .text._serial_putc
                0x402f9714       0x38 drivers/serial/libserial.o
                0x402f9714                _serial_putc
 .text.eserial1_putc
                0x402f974c        0x8 drivers/serial/libserial.o
 .text._serial_puts
                0x402f9754       0x28 drivers/serial/libserial.o
                0x402f9754                _serial_puts
 .text.eserial1_puts
                0x402f977c        0x8 drivers/serial/libserial.o
 .text._serial_getc
                0x402f9784       0x1c drivers/serial/libserial.o
                0x402f9784                _serial_getc
 .text.eserial1_getc
                0x402f97a0        0x8 drivers/serial/libserial.o
 .text._serial_tstc
                0x402f97a8       0x14 drivers/serial/libserial.o
                0x402f97a8                _serial_tstc
 .text.eserial1_tstc
                0x402f97bc        0x8 drivers/serial/libserial.o
 .text._serial_setbrg
                0x402f97c4       0x28 drivers/serial/libserial.o
                0x402f97c4                _serial_setbrg
 .text.eserial1_setbrg
                0x402f97ec        0x8 drivers/serial/libserial.o
 .text.default_serial_console
                0x402f97f4        0xc drivers/serial/libserial.o
                0x402f97f4                default_serial_console
 .text.spi_do_alloc_slave
                0x402f9800       0x44 drivers/spi/libspi.o
                0x402f9800                spi_do_alloc_slave
 .text.omap3_spi_write_chconf
                0x402f9844       0x28 drivers/spi/libspi.o
 .text.spi_setup_slave
                0x402f986c      0x120 drivers/spi/libspi.o
                0x402f986c                spi_setup_slave
 .text.spi_free_slave
                0x402f998c        0x4 drivers/spi/libspi.o
                0x402f998c                spi_free_slave
 .text.spi_claim_bus
                0x402f9990       0xe4 drivers/spi/libspi.o
                0x402f9990                spi_claim_bus
 .text.spi_release_bus
                0x402f9a74       0x38 drivers/spi/libspi.o
                0x402f9a74                spi_release_bus
 .text.omap3_spi_write
                0x402f9aac      0x150 drivers/spi/libspi.o
                0x402f9aac                omap3_spi_write
 .text.omap3_spi_read
                0x402f9bfc      0x148 drivers/spi/libspi.o
                0x402f9bfc                omap3_spi_read
 .text.omap3_spi_txrx
                0x402f9d44      0x19c drivers/spi/libspi.o
                0x402f9d44                omap3_spi_txrx
 .text.spi_xfer
                0x402f9ee0      0x110 drivers/spi/libspi.o
                0x402f9ee0                spi_xfer
 .text.fifo_setup
                0x402f9ff0      0x15c drivers/usb/musb-new/libusb_musb-new.o
 .text.musb_write_fifo
                0x402fa14c       0xac drivers/usb/musb-new/libusb_musb-new.o
                0x402fa14c                musb_write_fifo
 .text.musb_read_fifo
                0x402fa1f8       0xac drivers/usb/musb-new/libusb_musb-new.o
                0x402fa1f8                musb_read_fifo
 .text.musb_load_testpacket
                0x402fa2a4       0x34 drivers/usb/musb-new/libusb_musb-new.o
                0x402fa2a4                musb_load_testpacket
 .text.musb_interrupt
                0x402fa2d8      0x13c drivers/usb/musb-new/libusb_musb-new.o
                0x402fa2d8                musb_interrupt
 .text.musb_init_controller
                0x402fa414      0x5fc drivers/usb/musb-new/libusb_musb-new.o
                0x402fa414                musb_init_controller
 .text.dsps_musb_enable
                0x402faa10       0x24 drivers/usb/musb-new/libusb_musb-new.o
 .text.dsps_musb_disable
                0x402faa34        0x4 drivers/usb/musb-new/libusb_musb-new.o
 .text.dsps_musb_init
                0x402faa38       0x70 drivers/usb/musb-new/libusb_musb-new.o
 .text.dsps_musb_exit
                0x402faaa8       0x24 drivers/usb/musb-new/libusb_musb-new.o
 .text.dsps_interrupt
                0x402faacc       0x98 drivers/usb/musb-new/libusb_musb-new.o
 .text.musb_gadget_enable
                0x402fab64      0x200 drivers/usb/musb-new/libusb_musb-new.o
 .text.musb_gadget_fifo_status
                0x402fad64       0x44 drivers/usb/musb-new/libusb_musb-new.o
 .text.musb_gadget_fifo_flush
                0x402fada8       0x78 drivers/usb/musb-new/libusb_musb-new.o
 .text.musb_gadget_get_frame
                0x402fae20        0xc drivers/usb/musb-new/libusb_musb-new.o
 .text.musb_gadget_wakeup
                0x402fae2c        0x8 drivers/usb/musb-new/libusb_musb-new.o
 .text.musb_gadget_set_self_powered
                0x402fae34       0x1c drivers/usb/musb-new/libusb_musb-new.o
 .text.musb_gadget_vbus_draw
                0x402fae50        0x8 drivers/usb/musb-new/libusb_musb-new.o
 .text.txstate  0x402fae58       0xa4 drivers/usb/musb-new/libusb_musb-new.o
 .text.musb_alloc_request
                0x402faefc       0x30 drivers/usb/musb-new/libusb_musb-new.o
                0x402faefc                musb_alloc_request
 .text.musb_free_request
                0x402faf2c        0x8 drivers/usb/musb-new/libusb_musb-new.o
                0x402faf2c                musb_free_request
 .text.init_peripheral_ep
                0x402faf34      0x120 drivers/usb/musb-new/libusb_musb-new.o
 .text.musb_gadget_pullup
                0x402fb054       0x44 drivers/usb/musb-new/libusb_musb-new.o
 .text.musb_g_giveback
                0x402fb098       0x50 drivers/usb/musb-new/libusb_musb-new.o
                0x402fb098                musb_g_giveback
 .text.rxstate  0x402fb0e8       0xe0 drivers/usb/musb-new/libusb_musb-new.o
 .text.musb_gadget_dequeue
                0x402fb1c8       0x80 drivers/usb/musb-new/libusb_musb-new.o
 .text.musb_gadget_disable
                0x402fb248       0x98 drivers/usb/musb-new/libusb_musb-new.o
 .text.musb_g_tx
                0x402fb2e0      0x150 drivers/usb/musb-new/libusb_musb-new.o
                0x402fb2e0                musb_g_tx
 .text.musb_g_rx
                0x402fb430       0x8c drivers/usb/musb-new/libusb_musb-new.o
                0x402fb430                musb_g_rx
 .text.musb_ep_restart
                0x402fb4bc       0x20 drivers/usb/musb-new/libusb_musb-new.o
                0x402fb4bc                musb_ep_restart
 .text.musb_gadget_set_halt
                0x402fb4dc      0x124 drivers/usb/musb-new/libusb_musb-new.o
 .text.musb_gadget_queue
                0x402fb600       0xc8 drivers/usb/musb-new/libusb_musb-new.o
 .text.musb_gadget_setup
                0x402fb6c8       0xdc drivers/usb/musb-new/libusb_musb-new.o
                0x402fb6c8                musb_gadget_setup
 .text.musb_g_ep0_enable
                0x402fb7a4        0x8 drivers/usb/musb-new/libusb_musb-new.o
 .text.musb_g_ep0_disable
                0x402fb7ac        0x8 drivers/usb/musb-new/libusb_musb-new.o
 .text.musb_g_ep0_dequeue
                0x402fb7b4        0x8 drivers/usb/musb-new/libusb_musb-new.o
 .text.musb_g_ep0_halt
                0x402fb7bc       0xac drivers/usb/musb-new/libusb_musb-new.o
 .text.ep0_txstate
                0x402fb868       0xd0 drivers/usb/musb-new/libusb_musb-new.o
 .text.musb_g_ep0_queue
                0x402fb938      0x124 drivers/usb/musb-new/libusb_musb-new.o
 .text.musb_g_ep0_irq
                0x402fba5c      0x8a0 drivers/usb/musb-new/libusb_musb-new.o
                0x402fba5c                musb_g_ep0_irq
 .text.musb_h_ep0_flush_fifo
                0x402fc2fc       0x5c drivers/usb/musb-new/libusb_musb-new.o
 .text.musb_h_tx_flush_fifo
                0x402fc358       0x60 drivers/usb/musb-new/libusb_musb-new.o
 .text.musb_start_urb
                0x402fc3b8      0x588 drivers/usb/musb-new/libusb_musb-new.o
 .text.musb_advance_schedule
                0x402fc940      0x204 drivers/usb/musb-new/libusb_musb-new.o
 .text.musb_h_ep0_irq
                0x402fcb44      0x284 drivers/usb/musb-new/libusb_musb-new.o
                0x402fcb44                musb_h_ep0_irq
 .text.musb_host_tx
                0x402fcdc8      0x1e0 drivers/usb/musb-new/libusb_musb-new.o
                0x402fcdc8                musb_host_tx
 .text.musb_host_rx
                0x402fcfa8      0x38c drivers/usb/musb-new/libusb_musb-new.o
                0x402fcfa8                musb_host_rx
 .text.musb_register
                0x402fd334       0x44 drivers/usb/musb-new/libusb_musb-new.o
                0x402fd334                musb_register
 .text.downcase
                0x402fd378       0x30 fs/fat/libfat.o
 .text.disk_read
                0x402fd3a8       0x64 fs/fat/libfat.o
 .text.dirdelim
                0x402fd40c       0x30 fs/fat/libfat.o
 .text.get_fatent
                0x402fd43c      0x150 fs/fat/libfat.o
 .text.mkcksum  0x402fd58c       0x50 fs/fat/libfat.o
 .text.get_cluster
                0x402fd5dc      0x174 fs/fat/libfat.o
 .text.get_name
                0x402fd750       0xac fs/fat/libfat.o
 .text.read_bootsectandvi
                0x402fd7fc      0x128 fs/fat/libfat.o
 .text.slot2str
                0x402fd924       0xbc fs/fat/libfat.o
 .text.get_vfatname
                0x402fd9e0      0x1ac fs/fat/libfat.o
 .text.fat_set_blk_dev
                0x402fdb8c       0xcc fs/fat/libfat.o
                0x402fdb8c                fat_set_blk_dev
 .text.fat_register_device
                0x402fdc58       0x8c fs/fat/libfat.o
                0x402fdc58                fat_register_device
 .text.do_fat_read_at
                0x402fdce4      0xac0 fs/fat/libfat.o
                0x402fdce4                do_fat_read_at
 .text.file_fat_read_at
                0x402fe7a4       0x48 fs/fat/libfat.o
                0x402fe7a4                file_fat_read_at
 .text.file_fat_read
                0x402fe7ec       0x14 fs/fat/libfat.o
                0x402fe7ec                file_fat_read
 .text.cyg_crc16
                0x402fe800       0x44 lib/libgeneric.o
                0x402fe800                cyg_crc16
 .text.crc32_no_comp
                0x402fe844       0xd8 lib/libgeneric.o
                0x402fe844                crc32_no_comp
 .text.crc32    0x402fe91c       0x14 lib/libgeneric.o
                0x402fe91c                crc32
 .text.print_size
                0x402fe930      0x130 lib/libgeneric.o
                0x402fe930                print_size
 .text.__div64_32
                0x402fea60       0xd0 lib/libgeneric.o
                0x402fea60                __div64_32
 .text.hang     0x402feb30       0x14 lib/libgeneric.o
                0x402feb30                hang
 .text._hdelete.isra.1
                0x402feb44       0x50 lib/libgeneric.o
 .text.drop_var_from_set.part.2
                0x402feb94       0x50 lib/libgeneric.o
 .text.hcreate_r
                0x402febe4       0xb0 lib/libgeneric.o
                0x402febe4                hcreate_r
 .text.hdestroy_r
                0x402fec94       0x78 lib/libgeneric.o
                0x402fec94                hdestroy_r
 .text.hsearch_r
                0x402fed0c      0x4dc lib/libgeneric.o
                0x402fed0c                hsearch_r
 .text.hdelete_r
                0x402ff1e8       0xd8 lib/libgeneric.o
                0x402ff1e8                hdelete_r
 .text.himport_r
                0x402ff2c0      0x34c lib/libgeneric.o
                0x402ff2c0                himport_r
 .text.string_to_ip
                0x402ff60c       0x60 lib/libgeneric.o
                0x402ff60c                string_to_ip
 .text.strcpy   0x402ff66c       0x18 lib/libgeneric.o
                0x402ff66c                strcpy
 .text.strncpy  0x402ff684       0x24 lib/libgeneric.o
                0x402ff684                strncpy
 .text.strcat   0x402ff6a8       0x30 lib/libgeneric.o
                0x402ff6a8                strcat
 .text.strcmp   0x402ff6d8       0x28 lib/libgeneric.o
                0x402ff6d8                strcmp
 .text.strncmp  0x402ff700       0x3c lib/libgeneric.o
                0x402ff700                strncmp
 .text.strchr   0x402ff73c       0x2c lib/libgeneric.o
                0x402ff73c                strchr
 .text.strlen   0x402ff768       0x20 lib/libgeneric.o
                0x402ff768                strlen
 .text.strnlen  0x402ff788       0x2c lib/libgeneric.o
                0x402ff788                strnlen
 .text.strdup   0x402ff7b4       0x40 lib/libgeneric.o
                0x402ff7b4                strdup
 .text.strpbrk  0x402ff7f4       0x3c lib/libgeneric.o
                0x402ff7f4                strpbrk
 .text.memset   0x402ff830       0x5c lib/libgeneric.o
                0x402ff830                memset
 .text.memcpy   0x402ff88c       0x6c lib/libgeneric.o
                0x402ff88c                memcpy
 .text.memcmp   0x402ff8f8       0x30 lib/libgeneric.o
                0x402ff8f8                memcmp
 .text.strstr   0x402ff928       0x6c lib/libgeneric.o
                0x402ff928                strstr
 .text.udelay   0x402ff994       0x30 lib/libgeneric.o
                0x402ff994                udelay
 .text.mdelay   0x402ff9c4       0x24 lib/libgeneric.o
                0x402ff9c4                mdelay
 .text.put_dec_trunc
                0x402ff9e8       0xd4 lib/libgeneric.o
 .text.put_dec  0x402ffabc      0x13c lib/libgeneric.o
 .text.string.isra.0
                0x402ffbf8       0x94 lib/libgeneric.o
 .text.number.isra.4
                0x402ffc8c      0x250 lib/libgeneric.o
 .text.vsnprintf_internal.isra.6
                0x402ffedc      0x5fc lib/libgeneric.o
 .text.simple_strtoul
                0x403004d8       0xb8 lib/libgeneric.o
                0x403004d8                simple_strtoul
 .text.simple_strtol
                0x40300590       0x28 lib/libgeneric.o
                0x40300590                simple_strtol
 .text.vsprintf
                0x403005b8        0x4 lib/libgeneric.o
                0x403005b8                vsprintf
 .text.sprintf  0x403005bc       0x28 lib/libgeneric.o
                0x403005bc                sprintf
 .text.panic    0x403005e4       0x44 lib/libgeneric.o
                0x403005e4                panic
 .text.ArpInit  0x40300628       0x50 net/libnet.o
                0x40300628                ArpInit
 .text.arp_raw_request
                0x40300678       0xc0 net/libnet.o
                0x40300678                arp_raw_request
 .text.ArpRequest
                0x40300738       0x84 net/libnet.o
                0x40300738                ArpRequest
 .text.ArpTimeoutCheck
                0x403007bc       0x80 net/libnet.o
                0x403007bc                ArpTimeoutCheck
 .text.BootpHandler
                0x4030083c      0x3b0 net/libnet.o
 .text.BootpRequest
                0x40300bec      0x260 net/libnet.o
                0x40300bec                BootpRequest
 .text.BootpTimeout
                0x40300e4c       0x44 net/libnet.o
 .text.__def_eth_init
                0x40300e90        0x8 net/libnet.o
                0x40300e90                cpu_eth_init
 .text.eth_current_changed
                0x40300e98       0x60 net/libnet.o
 .text.eth_parse_enetaddr
                0x40300ef8       0x54 net/libnet.o
                0x40300ef8                eth_parse_enetaddr
 .text.eth_getenv_enetaddr
                0x40300f4c       0x5c net/libnet.o
                0x40300f4c                eth_getenv_enetaddr
 .text.eth_setenv_enetaddr
                0x40300fa8       0x34 net/libnet.o
                0x40300fa8                eth_setenv_enetaddr
 .text.eth_getenv_enetaddr_by_index
                0x40300fdc       0x50 net/libnet.o
                0x40300fdc                eth_getenv_enetaddr_by_index
 .text.eth_get_dev_index
                0x4030102c       0x1c net/libnet.o
                0x4030102c                eth_get_dev_index
 .text.eth_write_hwaddr
                0x40301048      0x1d8 net/libnet.o
                0x40301048                eth_write_hwaddr
 .text.eth_initialize
                0x40301220      0x1b8 net/libnet.o
                0x40301220                eth_initialize
 .text.eth_halt
                0x403013d8       0x30 net/libnet.o
                0x403013d8                eth_halt
 .text.eth_send
                0x40301408       0x38 net/libnet.o
                0x40301408                eth_send
 .text.eth_rx   0x40301440       0x24 net/libnet.o
                0x40301440                eth_rx
 .text.eth_try_another
                0x40301464       0x84 net/libnet.o
                0x40301464                eth_try_another
 .text.eth_init
                0x403014e8       0xd0 net/libnet.o
                0x403014e8                eth_init
 .text.eth_set_current
                0x403015b8       0xa4 net/libnet.o
                0x403015b8                eth_set_current
 .text.eth_get_name
                0x4030165c       0x20 net/libnet.o
                0x4030165c                eth_get_name
 .text.startAgainTimeout
                0x4030167c       0x14 net/libnet.o
 .text.dummy_handler
                0x40301690        0x4 net/libnet.o
 .text.net_clear_handlers
                0x40301694       0x34 net/libnet.o
 .text.net_auto_load
                0x403016c8       0x38 net/libnet.o
                0x403016c8                net_auto_load
 .text.NetStartAgain
                0x40301700      0x150 net/libnet.o
                0x40301700                NetStartAgain
 .text.net_set_udp_handler
                0x40301850       0x20 net/libnet.o
                0x40301850                net_set_udp_handler
 .text.NetSetTimeout
                0x40301870       0x5c net/libnet.o
                0x40301870                NetSetTimeout
 .text.NetCksum
                0x403018cc       0x30 net/libnet.o
                0x403018cc                NetCksum
 .text.NetEthHdrSize
                0x403018fc       0x38 net/libnet.o
                0x403018fc                NetEthHdrSize
 .text.NetSetEther
                0x40301934       0x94 net/libnet.o
                0x40301934                NetSetEther
 .text.net_set_ip_header
                0x403019c8       0x88 net/libnet.o
                0x403019c8                net_set_ip_header
 .text.net_set_udp_header
                0x40301a50       0x88 net/libnet.o
                0x40301a50                net_set_udp_header
 .text.NetSendUDPPacket
                0x40301ad8      0x10c net/libnet.o
                0x40301ad8                NetSendUDPPacket
 .text.copy_filename
                0x40301be4       0x44 net/libnet.o
                0x40301be4                copy_filename
 .text.string_to_VLAN
                0x40301c28       0x44 net/libnet.o
                0x40301c28                string_to_VLAN
 .text.getenv_VLAN
                0x40301c6c       0x10 net/libnet.o
                0x40301c6c                getenv_VLAN
 .text.NetInitLoop
                0x40301c7c       0xf0 net/libnet.o
 .text.net_init
                0x40301d6c       0x70 net/libnet.o
                0x40301d6c                net_init
 .text.NetLoop  0x40301ddc      0x2e8 net/libnet.o
                0x40301ddc                NetLoop
 .text.TftpSend
                0x403020c4      0x1c8 net/libnet.o
 .text.TftpHandler
                0x4030228c      0x36c net/libnet.o
 .text.TftpTimeout
                0x403025f8       0x88 net/libnet.o
 .text.TftpStart
                0x40302680      0x33c net/libnet.o
                0x40302680                TftpStart
 .text.raise    0x403029bc        0x8 /home/ru/Knobloch/wrk/BuildRoot/ft-TXT/board/knobloch/TXT/board-support/u-boot-2013.10-ti2013.12.01/spl/arch/arm/lib/eabi_compat.o
                0x403029bc                raise
 *fill*         0x403029c4        0x4 
 .text          0x403029c8      0x278 /home/ru/Knobloch/wrk/BuildRoot/ft-TXT/output/host/opt/ext-toolchain/bin/../lib/gcc/arm-linux-gnueabihf/4.9.1/libgcc.a(_udivsi3.o)
                0x403029c8                __udivsi3
                0x403029c8                __aeabi_uidiv
                0x40302c24                __aeabi_uidivmod
 .text          0x40302c40      0x2b0 /home/ru/Knobloch/wrk/BuildRoot/ft-TXT/output/host/opt/ext-toolchain/bin/../lib/gcc/arm-linux-gnueabihf/4.9.1/libgcc.a(_divsi3.o)
                0x40302c40                __aeabi_idiv
                0x40302c40                __divsi3
                0x40302ed4                __aeabi_idivmod
 .text          0x40302ef0       0x18 /home/ru/Knobloch/wrk/BuildRoot/ft-TXT/output/host/opt/ext-toolchain/bin/../lib/gcc/arm-linux-gnueabihf/4.9.1/libgcc.a(_lshrdi3.o)
                0x40302ef0                __aeabi_llsr
                0x40302ef0                __lshrdi3
 .text          0x40302f08       0x18 /home/ru/Knobloch/wrk/BuildRoot/ft-TXT/output/host/opt/ext-toolchain/bin/../lib/gcc/arm-linux-gnueabihf/4.9.1/libgcc.a(_ashldi3.o)
                0x40302f08                __ashldi3
                0x40302f08                __aeabi_llsl
 .text          0x40302f20        0xc /home/ru/Knobloch/wrk/BuildRoot/ft-TXT/output/host/opt/ext-toolchain/bin/../lib/gcc/arm-linux-gnueabihf/4.9.1/libgcc.a(_dvmd_lnx.o)
                0x40302f20                __aeabi_ldiv0
                0x40302f20                __aeabi_idiv0

.glue_7         0x40302f2c        0x0
 .glue_7        0x00000000        0x0 linker stubs

.glue_7t        0x40302f2c        0x0
 .glue_7t       0x00000000        0x0 linker stubs

.vfp11_veneer   0x40302f2c        0x0
 .vfp11_veneer  0x00000000        0x0 linker stubs

.v4_bx          0x40302f2c        0x0
 .v4_bx         0x00000000        0x0 linker stubs

.iplt           0x40302f2c        0x0
 .iplt          0x00000000        0x0 arch/arm/cpu/armv7/start.o
                0x40302f2c                . = ALIGN (0x4)

.rodata         0x40302f2c     0x4a8d
 *(SORT(.rodata*))
 .rodata        0x40302f2c       0x84 arch/arm/cpu/armv7/am33xx/libam33xx.o
 .rodata.gpio_bank_am33xx
                0x40302fb0       0x20 arch/arm/cpu/armv7/am33xx/libam33xx.o
 .rodata.omap_gpio_bank
                0x40302fd0        0x4 arch/arm/cpu/armv7/am33xx/libam33xx.o
                0x40302fd0                omap_gpio_bank
 .rodata.ddr_data_reg
                0x40302fd4        0x8 arch/arm/cpu/armv7/am33xx/libam33xx.o
 .rodata.ddr_cmd_reg
                0x40302fdc        0x8 arch/arm/cpu/armv7/am33xx/libam33xx.o
 .rodata.emif_reg
                0x40302fe4        0x8 arch/arm/cpu/armv7/am33xx/libam33xx.o
 .rodata.vtpreg
                0x40302fec        0x8 arch/arm/cpu/armv7/am33xx/libam33xx.o
 .rodata.dpll_ddr_regs
                0x40302ff4       0x24 arch/arm/cpu/armv7/am33xx/libam33xx.o
                0x40302ff4                dpll_ddr_regs
 .rodata.dpll_mpu
                0x40303018       0x10 arch/arm/cpu/armv7/am33xx/libam33xx.o
                0x40303018                dpll_mpu
 .rodata.dpll_per_regs
                0x40303028       0x24 arch/arm/cpu/armv7/am33xx/libam33xx.o
                0x40303028                dpll_per_regs
 .rodata.dpll_core_opp100
                0x4030304c       0x10 arch/arm/cpu/armv7/am33xx/libam33xx.o
                0x4030304c                dpll_core_opp100
 .rodata.dpll_core_regs
                0x4030305c       0x24 arch/arm/cpu/armv7/am33xx/libam33xx.o
                0x4030305c                dpll_core_regs
 .rodata.dpll_core
                0x40303080       0x10 arch/arm/cpu/armv7/am33xx/libam33xx.o
                0x40303080                dpll_core
 .rodata.dpll_per
                0x40303090       0x10 arch/arm/cpu/armv7/am33xx/libam33xx.o
                0x40303090                dpll_per
 .rodata.dpll_mpu_regs
                0x403030a0       0x24 arch/arm/cpu/armv7/am33xx/libam33xx.o
                0x403030a0                dpll_mpu_regs
 .rodata.cmwkup
                0x403030c4        0x4 arch/arm/cpu/armv7/am33xx/libam33xx.o
                0x403030c4                cmwkup
 .rodata        0x403030c8       0x1c arch/arm/cpu/armv7/omap-common/libomap-common.o
 .rodata.dpll_ddr_txt
                0x403030e4       0x10 board/knobloch/TXT/libTXT.o
                0x403030e4                dpll_ddr_txt
 .rodata.ddr3_data
                0x403030f4       0x18 board/knobloch/TXT/libTXT.o
 .rodata.ddr3_cmd_ctrl_data
                0x4030310c       0x30 board/knobloch/TXT/libTXT.o
 .rodata.env_flags_varaccess_mask
                0x4030313c       0x10 common/libcommon.o
 .rodata.CSWTCH.28
                0x4030314c       0x20 common/libcommon.o
 .rodata.widths.6626
                0x4030316c        0xc drivers/mmc/libmmc.o
 .rodata.multipliers
                0x40303178       0x40 drivers/mmc/libmmc.o
 .rodata.fbase  0x403031b8       0x10 drivers/mmc/libmmc.o
 .rodata.ext_csd_bits.6624
                0x403031c8        0xc drivers/mmc/libmmc.o
 .rodata.ext_to_hostcaps.6625
                0x403031d4        0xc drivers/mmc/libmmc.o
 .rodata.nand_ecc_pos
                0x403031e0       0xe0 drivers/mtd/nand/libnand.o
 .rodata.spi_flash_params_table
                0x403032c0      0x1b0 drivers/mtd/spi/libspi_flash.o
 .rodata.serial_ports
                0x40303470       0x18 drivers/serial/libserial.o
 .rodata.musb_ep_ops
                0x40303488       0x24 drivers/usb/musb-new/libusb_musb-new.o
 .rodata.musb_gadget_operations
                0x403034ac       0x1c drivers/usb/musb-new/libusb_musb-new.o
 .rodata.musb_g_ep0_ops
                0x403034c8       0x24 drivers/usb/musb-new/libusb_musb-new.o
                0x403034c8                musb_g_ep0_ops
 .rodata.CSWTCH.16
                0x403034ec       0x1c drivers/usb/musb-new/libusb_musb-new.o
 .rodata.crc_table
                0x40303508      0x400 lib/libgeneric.o
 .rodata.crc16_tab
                0x40303908      0x200 lib/libgeneric.o
 .rodata.__func__.6549
                0x40303b08        0xc arch/arm/cpu/armv7/am33xx/libam33xx.o
 .rodata.str1.1
                0x40303b14       0xa3 arch/arm/cpu/armv7/am33xx/libam33xx.o
 .rodata.str1.1
                0x40303bb7      0x2ce arch/arm/lib/libarm.o
                                0x2e5 (size before relaxing)
 .rodata.str1.1
                0x40303e85      0x58e board/knobloch/TXT/libTXT.o
 .rodata        0x40304413        0x3 common/libcommon.o
 .rodata.str1.1
                0x40304416     0x1003 common/libcommon.o
                               0x105d (size before relaxing)
 .rodata.delims.6166
                0x40305419        0x3 common/libcommon.o
 .rodata.default_environment
                0x4030541c       0xb4 common/libcommon.o
                0x4030541c                default_environment
 .rodata.__func__.6288
                0x403054d0       0x10 common/libcommon.o
 .rodata.env_flags_varaccess_rep
                0x403054e0        0x5 common/libcommon.o
 .rodata.env_flags_vartype_rep
                0x403054e5        0x7 common/libcommon.o
 .rodata.str1.1
                0x403054ec      0x162 common/spl/libspl.o
                                0x169 (size before relaxing)
 .rodata.str1.1
                0x4030564e      0x74e disk/libdisk.o
                                0x788 (size before relaxing)
 .rodata.le.6234
                0x40305d9c       0x10 disk/libdisk.o
 .rodata.__func__.6269
                0x40305dac       0x17 disk/libdisk.o
 .rodata.__func__.6375
                0x40305dc3       0x17 disk/libdisk.o
 .rodata.__func__.6367
                0x40305dda        0xd disk/libdisk.o
 .rodata.__func__.6380
                0x40305de7        0xd disk/libdisk.o
 .rodata.str1.1
                0x40305df4       0x57 drivers/gpio/libgpio.o
 .rodata.str1.1
                0x40305e4b      0x44c drivers/i2c/libi2c.o
 .rodata.str1.1
                0x40306297      0x267 drivers/mmc/libmmc.o
                                0x26f (size before relaxing)
 .rodata.__func__.6970
                0x403064fe       0x10 drivers/mmc/libmmc.o
 .rodata.__func__.7227
                0x4030650e        0xc drivers/mmc/libmmc.o
 .rodata.__func__.7162
                0x4030651a        0xf drivers/mmc/libmmc.o
 .rodata.__func__.7000
                0x40306529        0xf drivers/mmc/libmmc.o
 .rodata.__func__.7064
                0x40306538       0x19 drivers/mmc/libmmc.o
 .rodata.__func__.7127
                0x40306551        0xe drivers/mmc/libmmc.o
 .rodata.__func__.7079
                0x4030655f        0xd drivers/mmc/libmmc.o
 .rodata.str1.1
                0x4030656c      0x17f drivers/mtd/nand/libnand.o
                                0x1a1 (size before relaxing)
 .rodata.str1.1
                0x403066eb      0x19d drivers/mtd/spi/libspi_flash.o
 .rodata.str1.1
                0x40306888      0x13b drivers/net/phy/libphy.o
                                0x13d (size before relaxing)
 .rodata.str1.1
                0x403069c3       0x15 drivers/serial/libserial.o
 .rodata.str1.1
                0x403069d8      0x145 drivers/spi/libspi.o
 .rodata.musb_driver_name
                0x40306b1d        0xa drivers/usb/musb-new/libusb_musb-new.o
                0x40306b1d                musb_driver_name
 .rodata.musb_test_packet
                0x40306b27       0x35 drivers/usb/musb-new/libusb_musb-new.o
 .rodata.__FUNCTION__.7906
                0x40306b5c       0x12 drivers/usb/musb-new/libusb_musb-new.o
 .rodata.str1.1
                0x40306b6e      0x2e2 drivers/usb/musb-new/libusb_musb-new.o
                                0x317 (size before relaxing)
 .rodata.__func__.7910
                0x40306e50        0xf drivers/usb/musb-new/libusb_musb-new.o
 .rodata.__func__.7937
                0x40306e5f       0x10 drivers/usb/musb-new/libusb_musb-new.o
 .rodata.__func__.7896
                0x40306e6f        0xf drivers/usb/musb-new/libusb_musb-new.o
 .rodata.__func__.7960
                0x40306e7e       0x14 drivers/usb/musb-new/libusb_musb-new.o
 .rodata.__func__.8022
                0x40306e92        0xd drivers/usb/musb-new/libusb_musb-new.o
 .rodata.__func__.7974
                0x40306e9f        0xf drivers/usb/musb-new/libusb_musb-new.o
 .rodata.str1.1
                0x40306eae      0x299 fs/fat/libfat.o
                                0x2c4 (size before relaxing)
 .rodata._ctype
                0x40307147      0x100 lib/libgeneric.o
                0x40307147                _ctype
 .rodata.names.6171
                0x40307247        0x6 lib/libgeneric.o
 .rodata.str1.1
                0x4030724d      0x131 lib/libgeneric.o
                                0x133 (size before relaxing)
 .rodata.digits.6170
                0x4030737e       0x10 lib/libgeneric.o
 .rodata.hex_asc
                0x4030738e       0x11 lib/libgeneric.o
 .rodata        0x4030739f        0xe net/libnet.o
 .rodata.str1.1
                0x403073ad      0x60c net/libnet.o
                                0x690 (size before relaxing)

.rel.dyn        0x403079bc        0x0
 .rel.iplt      0x00000000        0x0 arch/arm/cpu/armv7/start.o
                0x403079bc                . = ALIGN (0x4)

.data           0x403079c0      0x902
 *(SORT(.data*))
 .data          0x403079c0       0xa8 arch/arm/lib/libarm.o
                0x403079c0                gdata
 .data.cstat    0x40307a68        0x4 arch/arm/cpu/armv7/am33xx/libam33xx.o
                0x40307a68                cstat
 .data.musb_config
                0x40307a6c       0x18 arch/arm/cpu/armv7/am33xx/libam33xx.o
 .data.otg1_board_data
                0x40307a84       0x10 arch/arm/cpu/armv7/am33xx/libam33xx.o
                0x40307a84                otg1_board_data
 .data.otg1_plat
                0x40307a94       0x20 arch/arm/cpu/armv7/am33xx/libam33xx.o
 .data.otg0_board_data
                0x40307ab4       0x10 arch/arm/cpu/armv7/am33xx/libam33xx.o
                0x40307ab4                otg0_board_data
 .data.otg0_plat
                0x40307ac4       0x20 arch/arm/cpu/armv7/am33xx/libam33xx.o
 .data.dpll_mpu_opp100
                0x40307ae4       0x10 arch/arm/cpu/armv7/am33xx/libam33xx.o
                0x40307ae4                dpll_mpu_opp100
 .data.gpio0_7_pin_muxlcd
                0x40307af4       0x10 board/knobloch/TXT/libTXT.o
 .data.uart0_pin_mux
                0x40307b04       0x18 board/knobloch/TXT/libTXT.o
 .data.ddr3_emif_reg_data
                0x40307b1c       0x5c board/knobloch/TXT/libTXT.o
 .data.env_id   0x40307b78        0x4 common/libcommon.o
 .data.av_      0x40307b7c      0x408 common/libcommon.o
 .data.sbrk_base
                0x40307f84        0x4 common/libcommon.o
 .data.trim_threshold
                0x40307f88        0x4 common/libcommon.o
 .data.env_htab
                0x40307f8c       0x10 common/libcommon.o
                0x40307f8c                env_htab
 .data.load_addr
                0x40307f9c        0x4 common/libcommon.o
                0x40307f9c                load_addr
 .data          0x40307fa0       0x20 common/spl/libspl.o
 .data          0x40307fc0       0x14 drivers/i2c/libi2c.o
 .data.cur_dev_num
                0x40307fd4        0x4 drivers/mmc/libmmc.o
 .data.bch_priv
                0x40307fd8        0xc drivers/mtd/nand/libnand.o
 .data.phy_drivers
                0x40307fe4        0x8 drivers/net/phy/libphy.o
 .data.lan8700_driver
                0x40307fec       0x2c drivers/net/phy/libphy.o
 .data.lan8710_driver
                0x40308018       0x2c drivers/net/phy/libphy.o
 .data.lan911x_driver
                0x40308044       0x2c drivers/net/phy/libphy.o
 .data.eserial1_device
                0x40308070       0x30 drivers/serial/libserial.o
                0x40308070                eserial1_device
 .data.musb_dsps_ops
                0x403080a0       0x24 drivers/usb/musb-new/libusb_musb-new.o
                0x403080a0                musb_dsps_ops
 .data.first_call.6352
                0x403080c4        0x4 net/libnet.o
 .data.TftpTimeoutCountMax
                0x403080c8        0x4 net/libnet.o
 .data.TftpRRQTimeoutCountMax
                0x403080cc        0x4 net/libnet.o
                0x403080cc                TftpRRQTimeoutCountMax
 .data.TftpTimeoutMSecs
                0x403080d0        0x4 net/libnet.o
 .data.mode_3_cfg
                0x403080d4       0x24 drivers/usb/musb-new/libusb_musb-new.o
 .data.mode_4_cfg
                0x403080f8       0xa2 drivers/usb/musb-new/libusb_musb-new.o
 .data.mode_5_cfg
                0x4030819a       0xa2 drivers/usb/musb-new/libusb_musb-new.o
 .data.mode_0_cfg
                0x4030823c       0x1e drivers/usb/musb-new/libusb_musb-new.o
 .data.ep0_cfg  0x4030825a        0x6 drivers/usb/musb-new/libusb_musb-new.o
 .data.mode_1_cfg
                0x40308260       0x1e drivers/usb/musb-new/libusb_musb-new.o
 .data.mode_2_cfg
                0x4030827e       0x24 drivers/usb/musb-new/libusb_musb-new.o
 .data.fifo_mode
                0x403082a2        0x2 drivers/usb/musb-new/libusb_musb-new.o
 .data.NetOurNativeVLAN
                0x403082a4        0x2 net/libnet.o
                0x403082a4                NetOurNativeVLAN
 .data.NetOurVLAN
                0x403082a6        0x2 net/libnet.o
                0x403082a6                NetOurVLAN
 .data.TftpBlkSizeOption
                0x403082a8        0x2 net/libnet.o
 .data.TftpBlkSize
                0x403082aa        0x2 net/libnet.o
 .data.system_guid
                0x403082ac       0x10 disk/libdisk.o
 .data.NetBcastAddr
                0x403082bc        0x6 net/libnet.o
                0x403082bc                NetBcastAddr

.igot.plt       0x403082c4        0x0
 .igot.plt      0x00000000        0x0 arch/arm/cpu/armv7/start.o

.u_boot_list    0x403082c4        0x0
 *(SORT(.u_boot_list*))
 .u_boot_list_2_env_clbk_1
                0x403082c4        0x0 common/libcommon.o
 .u_boot_list_2_env_clbk_3
                0x403082c4        0x0 common/libcommon.o
                0x403082c4                . = ALIGN (0x4)
                0x403082c4                __image_copy_end = .
                0x403082c4                _end = .

.bss            0x80a00000    0x3382c
                0x80a00000                . = ALIGN (0x4)
                0x80a00000                __bss_start = .
 *(.bss*)
 .bss.gpmc_cfg  0x80a00000        0x4 arch/arm/cpu/armv7/omap-common/libomap-common.o
                0x80a00000                gpmc_cfg
 .bss.ctrlc_was_pressed
                0x80a00004        0x4 common/libcommon.o
 .bss.ctrlc_disabled
                0x80a00008        0x4 common/libcommon.o
 .bss.max_total_mem
                0x80a0000c        0x4 common/libcommon.o
 .bss.mem_malloc_brk
                0x80a00010        0x4 common/libcommon.o
                0x80a00010                mem_malloc_brk
 .bss.max_sbrked_mem
                0x80a00014        0x4 common/libcommon.o
 .bss.current_mallinfo
                0x80a00018       0x28 common/libcommon.o
 .bss.mem_malloc_end
                0x80a00040        0x4 common/libcommon.o
                0x80a00040                mem_malloc_end
 .bss.top_pad   0x80a00044        0x4 common/libcommon.o
 .bss.mem_malloc_start
                0x80a00048        0x4 common/libcommon.o
                0x80a00048                mem_malloc_start
 .bss.current_mii
                0x80a0004c        0x4 common/libcommon.o
 .bss.mii_devs  0x80a00050        0x8 common/libcommon.o
 .bss.stdio_devices
                0x80a00058        0xc common/libcommon.o
                0x80a00058                stdio_devices
 .bss.xyz       0x80a00064      0x434 common/libcommon.o
 .bss.spl_image
                0x80a00498       0x18 common/spl/libspl.o
                0x80a00498                spl_image
 .bss.name.6224
                0x80a004b0       0x25 disk/libdisk.o
 *fill*         0x80a004d5        0x3 
 .bss.mmc_devices
                0x80a004d8        0x8 drivers/mmc/libmmc.o
 .bss.hsmmc_dev_data
                0x80a004e0       0x24 drivers/mmc/libmmc.o
 *fill*         0x80a00504        0x4 
 .bss.hsmmc_dev
                0x80a00508      0x450 drivers/mmc/libmmc.o
 .bss.mtd       0x80a00958       0xb0 drivers/mtd/nand/libnand.o
 .bss.nand_chip
                0x80a00a08      0x228 drivers/mtd/nand/libnand.o
 .bss.cs        0x80a00c30        0x1 drivers/mtd/nand/libnand.o
 *fill*         0x80a00c31        0x3 
 .bss.omap_ecclayout
                0x80a00c34      0x448 drivers/mtd/nand/libnand.o
 .bss.elm_cfg   0x80a0107c        0x4 drivers/mtd/nand/libnand.o
                0x80a0107c                elm_cfg
 .bss.serial_current
                0x80a01080        0x4 drivers/serial/libserial.o
 .bss.host      0x80a01084        0x4 drivers/usb/musb-new/libusb_musb-new.o
 .bss.gadget    0x80a01088        0x4 drivers/usb/musb-new/libusb_musb-new.o
 *fill*         0x80a0108c       0x34 
 .bss.get_contents_vfatname_block
                0x80a010c0    0x10000 fs/fat/libfat.o
                0x80a010c0                get_contents_vfatname_block
 .bss.do_fat_read_at_block
                0x80a110c0    0x10000 fs/fat/libfat.o
                0x80a110c0                do_fat_read_at_block
 .bss.get_dentfromdir_block
                0x80a210c0    0x10000 fs/fat/libfat.o
                0x80a210c0                get_dentfromdir_block
 .bss.cur_part_info
                0x80a310c0       0x78 fs/fat/libfat.o
 .bss.cur_dev   0x80a31138        0x4 fs/fat/libfat.o
 .bss.errno     0x80a3113c        0x4 lib/libgeneric.o
                0x80a3113c                errno
 .bss.NetArpWaitPacketIP
                0x80a31140        0x4 net/libnet.o
                0x80a31140                NetArpWaitPacketIP
 .bss.NetArpWaitTimerStart
                0x80a31144        0x4 net/libnet.o
                0x80a31144                NetArpWaitTimerStart
 .bss.NetArpWaitReplyIP
                0x80a31148        0x4 net/libnet.o
 .bss.NetArpWaitTxPacketSize
                0x80a3114c        0x4 net/libnet.o
                0x80a3114c                NetArpWaitTxPacketSize
 .bss.NetArpWaitTry
                0x80a31150        0x4 net/libnet.o
                0x80a31150                NetArpWaitTry
 .bss.NetArpTxPacket
                0x80a31154        0x4 net/libnet.o
 .bss.NetArpPacketBuf
                0x80a31158      0x640 net/libnet.o
 .bss.NetArpWaitPacketMAC
                0x80a31798        0x4 net/libnet.o
                0x80a31798                NetArpWaitPacketMAC
 .bss.BootpTry  0x80a3179c        0x4 net/libnet.o
                0x80a3179c                BootpTry
 .bss.BootpID   0x80a317a0        0x4 net/libnet.o
                0x80a317a0                BootpID
 .bss.first_failed.6738
                0x80a317a4        0x4 net/libnet.o
 .bss.act.6743  0x80a317a8        0x4 net/libnet.o
 .bss.eth_current
                0x80a317ac        0x4 net/libnet.o
                0x80a317ac                eth_current
 .bss.env_changed_id.6744
                0x80a317b0        0x4 net/libnet.o
 .bss.eth_devices
                0x80a317b4        0x4 net/libnet.o
 .bss.NetOurEther
                0x80a317b8        0x6 net/libnet.o
                0x80a317b8                NetOurEther
 *fill*         0x80a317be        0x2 
 .bss.NetServerIP
                0x80a317c0        0x4 net/libnet.o
                0x80a317c0                NetServerIP
 .bss.NetRestarted
                0x80a317c4        0x4 net/libnet.o
 .bss.net_state
                0x80a317c8        0x4 net/libnet.o
                0x80a317c8                net_state
 .bss.NetRxPackets
                0x80a317cc       0x10 net/libnet.o
                0x80a317cc                NetRxPackets
 .bss.NetBootFileSize
                0x80a317dc        0x2 net/libnet.o
                0x80a317dc                NetBootFileSize
 .bss.NetEtherNullAddr
                0x80a317de        0x6 net/libnet.o
                0x80a317de                NetEtherNullAddr
 .bss.NetRxPacket
                0x80a317e4        0x4 net/libnet.o
                0x80a317e4                NetRxPacket
 .bss.udp_packet_handler
                0x80a317e8        0x4 net/libnet.o
 .bss.NetDevExists
                0x80a317ec        0x4 net/libnet.o
 .bss.timeStart
                0x80a317f0        0x4 net/libnet.o
 .bss.timeHandler
                0x80a317f4        0x4 net/libnet.o
 .bss.NetTryCount
                0x80a317f8        0x4 net/libnet.o
 .bss.NetOurDNSIP
                0x80a317fc        0x4 net/libnet.o
                0x80a317fc                NetOurDNSIP
 .bss.NetOurSubnetMask
                0x80a31800        0x4 net/libnet.o
                0x80a31800                NetOurSubnetMask
 .bss.NetOurDNS2IP
                0x80a31804        0x4 net/libnet.o
                0x80a31804                NetOurDNS2IP
 .bss.env_changed_id.6341
                0x80a31808        0x4 net/libnet.o
 .bss.NetBootFileXferSize
                0x80a3180c        0x4 net/libnet.o
                0x80a3180c                NetBootFileXferSize
 .bss.NetOurIP  0x80a31810        0x4 net/libnet.o
                0x80a31810                NetOurIP
 .bss.NetOurHostName
                0x80a31814       0x20 net/libnet.o
                0x80a31814                NetOurHostName
 .bss.NetOurNISDomain
                0x80a31834       0x20 net/libnet.o
                0x80a31834                NetOurNISDomain
 .bss.NetIPID   0x80a31854        0x4 net/libnet.o
                0x80a31854                NetIPID
 .bss.BootFile  0x80a31858       0x80 net/libnet.o
                0x80a31858                BootFile
 .bss.NetOurGatewayIP
                0x80a318d8        0x4 net/libnet.o
                0x80a318d8                NetOurGatewayIP
 .bss.arp_packet_handler
                0x80a318dc        0x4 net/libnet.o
 .bss.NetTxPacket
                0x80a318e0        0x4 net/libnet.o
                0x80a318e0                NetTxPacket
 .bss.NetRestartWrap
                0x80a318e4        0x4 net/libnet.o
                0x80a318e4                NetRestartWrap
 .bss.PktBuf    0x80a318e8     0x1e40 net/libnet.o
 .bss.timeDelta
                0x80a33728        0x4 net/libnet.o
 .bss.NetServerEther
                0x80a3372c        0x6 net/libnet.o
                0x80a3372c                NetServerEther
 .bss.NetOurRootPath
                0x80a33732       0x40 net/libnet.o
                0x80a33732                NetOurRootPath
 *fill*         0x80a33772        0x2 
 .bss.time_start
                0x80a33774        0x4 net/libnet.o
 .bss.TftpTimeoutCount
                0x80a33778        0x4 net/libnet.o
 .bss.TftpBlockWrap
                0x80a3377c        0x4 net/libnet.o
 .bss.TftpBlock
                0x80a33780        0x4 net/libnet.o
 .bss.TftpOurPort
                0x80a33784        0x4 net/libnet.o
 .bss.TftpRemoteIP
                0x80a33788        0x4 net/libnet.o
 .bss.TftpState
                0x80a3378c        0x4 net/libnet.o
 .bss.TftpRemotePort
                0x80a33790        0x4 net/libnet.o
 .bss.default_filename
                0x80a33794        0xd net/libnet.o
 .bss.tftp_filename
                0x80a337a1       0x80 net/libnet.o
 *fill*         0x80a33821        0x3 
 .bss.TftpBlockWrapOffset
                0x80a33824        0x4 net/libnet.o
 .bss.TftpLastBlock
                0x80a33828        0x4 net/libnet.o
                0x80a3382c                . = ALIGN (0x4)
                0x80a3382c                __bss_end = .
Address of section .text set to 0x402f0400
LOAD arch/arm/cpu/armv7/start.o
START GROUP
LOAD arch/arm/cpu/armv7/am33xx/libam33xx.o
LOAD arch/arm/cpu/armv7/libarmv7.o
LOAD arch/arm/cpu/armv7/omap-common/libomap-common.o
LOAD arch/arm/lib/libarm.o
LOAD board/knobloch/TXT/libTXT.o
LOAD common/libcommon.o
LOAD common/spl/libspl.o
LOAD disk/libdisk.o
LOAD drivers/gpio/libgpio.o
LOAD drivers/i2c/libi2c.o
LOAD drivers/mmc/libmmc.o
LOAD drivers/mtd/nand/libnand.o
LOAD drivers/mtd/spi/libspi_flash.o
LOAD drivers/net/libnet.o
LOAD drivers/net/phy/libphy.o
LOAD drivers/power/libpower.o
LOAD drivers/power/pmic/libpmic.o
LOAD drivers/serial/libserial.o
LOAD drivers/spi/libspi.o
LOAD drivers/usb/musb-new/libusb_musb-new.o
LOAD fs/fat/libfat.o
LOAD lib/libgeneric.o
LOAD net/libnet.o
END GROUP
LOAD /home/ru/Knobloch/wrk/BuildRoot/ft-TXT/board/knobloch/TXT/board-support/u-boot-2013.10-ti2013.12.01/spl/arch/arm/lib/eabi_compat.o
LOAD /home/ru/Knobloch/wrk/BuildRoot/ft-TXT/output/host/opt/ext-toolchain/bin/../lib/gcc/arm-linux-gnueabihf/4.9.1/libgcc.a
OUTPUT(u-boot-spl elf32-littlearm)

.ARM.attributes
                0x00000000       0x2d
 .ARM.attributes
                0x00000000       0x1f arch/arm/cpu/armv7/start.o
 .ARM.attributes
                0x0000001f       0x2f arch/arm/cpu/armv7/am33xx/libam33xx.o
 .ARM.attributes
                0x0000004e       0x2f arch/arm/cpu/armv7/libarmv7.o
 .ARM.attributes
                0x0000007d       0x2d arch/arm/cpu/armv7/omap-common/libomap-common.o
 .ARM.attributes
                0x000000aa       0x2d arch/arm/lib/libarm.o
 .ARM.attributes
                0x000000d7       0x2f board/knobloch/TXT/libTXT.o
 .ARM.attributes
                0x00000106       0x2f common/libcommon.o
 .ARM.attributes
                0x00000135       0x2f common/spl/libspl.o
 .ARM.attributes
                0x00000164       0x2f disk/libdisk.o
 .ARM.attributes
                0x00000193       0x2f drivers/gpio/libgpio.o
 .ARM.attributes
                0x000001c2       0x2f drivers/i2c/libi2c.o
 .ARM.attributes
                0x000001f1       0x2f drivers/mmc/libmmc.o
 .ARM.attributes
                0x00000220       0x2f drivers/mtd/nand/libnand.o
 .ARM.attributes
                0x0000024f       0x2f drivers/mtd/spi/libspi_flash.o
 .ARM.attributes
                0x0000027e       0x2f drivers/net/phy/libphy.o
 .ARM.attributes
                0x000002ad       0x2f drivers/power/pmic/libpmic.o
 .ARM.attributes
                0x000002dc       0x2f drivers/serial/libserial.o
 .ARM.attributes
                0x0000030b       0x2f drivers/spi/libspi.o
 .ARM.attributes
                0x0000033a       0x2f drivers/usb/musb-new/libusb_musb-new.o
 .ARM.attributes
                0x00000369       0x2f fs/fat/libfat.o
 .ARM.attributes
                0x00000398       0x2f lib/libgeneric.o
 .ARM.attributes
                0x000003c7       0x2f net/libnet.o
 .ARM.attributes
                0x000003f6       0x2f /home/ru/Knobloch/wrk/BuildRoot/ft-TXT/board/knobloch/TXT/board-support/u-boot-2013.10-ti2013.12.01/spl/arch/arm/lib/eabi_compat.o
 .ARM.attributes
                0x00000425       0x21 /home/ru/Knobloch/wrk/BuildRoot/ft-TXT/output/host/opt/ext-toolchain/bin/../lib/gcc/arm-linux-gnueabihf/4.9.1/libgcc.a(_udivsi3.o)
 .ARM.attributes
                0x00000446       0x21 /home/ru/Knobloch/wrk/BuildRoot/ft-TXT/output/host/opt/ext-toolchain/bin/../lib/gcc/arm-linux-gnueabihf/4.9.1/libgcc.a(_divsi3.o)
 .ARM.attributes
                0x00000467       0x21 /home/ru/Knobloch/wrk/BuildRoot/ft-TXT/output/host/opt/ext-toolchain/bin/../lib/gcc/arm-linux-gnueabihf/4.9.1/libgcc.a(_lshrdi3.o)
 .ARM.attributes
                0x00000488       0x21 /home/ru/Knobloch/wrk/BuildRoot/ft-TXT/output/host/opt/ext-toolchain/bin/../lib/gcc/arm-linux-gnueabihf/4.9.1/libgcc.a(_ashldi3.o)
 .ARM.attributes
                0x000004a9       0x21 /home/ru/Knobloch/wrk/BuildRoot/ft-TXT/output/host/opt/ext-toolchain/bin/../lib/gcc/arm-linux-gnueabihf/4.9.1/libgcc.a(_dvmd_lnx.o)

.comment        0x00000000       0x5f
 .comment       0x00000000       0x5f arch/arm/cpu/armv7/am33xx/libam33xx.o
                                0x2a0 (size before relaxing)
 .comment       0x00000000      0x120 arch/arm/cpu/armv7/libarmv7.o
 .comment       0x00000000      0x1e0 arch/arm/cpu/armv7/omap-common/libomap-common.o
 .comment       0x00000000      0x1e0 arch/arm/lib/libarm.o
 .comment       0x00000000      0x120 board/knobloch/TXT/libTXT.o
 .comment       0x00000000      0x540 common/libcommon.o
 .comment       0x00000000      0x1e0 common/spl/libspl.o
 .comment       0x00000000      0x120 disk/libdisk.o
 .comment       0x00000000       0x60 drivers/gpio/libgpio.o
 .comment       0x00000000       0x60 drivers/i2c/libi2c.o
 .comment       0x00000000       0xc0 drivers/mmc/libmmc.o
 .comment       0x00000000      0x1e0 drivers/mtd/nand/libnand.o
 .comment       0x00000000      0x180 drivers/mtd/spi/libspi_flash.o
 .comment       0x00000000       0xc0 drivers/net/phy/libphy.o
 .comment       0x00000000       0x60 drivers/power/pmic/libpmic.o
 .comment       0x00000000      0x120 drivers/serial/libserial.o
 .comment       0x00000000       0xc0 drivers/spi/libspi.o
 .comment       0x00000000      0x240 drivers/usb/musb-new/libusb_musb-new.o
 .comment       0x00000000       0x60 fs/fat/libfat.o
 .comment       0x00000000      0x4e0 lib/libgeneric.o
 .comment       0x00000000      0x1e0 net/libnet.o
 .comment       0x00000000       0x60 /home/ru/Knobloch/wrk/BuildRoot/ft-TXT/board/knobloch/TXT/board-support/u-boot-2013.10-ti2013.12.01/spl/arch/arm/lib/eabi_compat.o

.note.GNU-stack
                0x00000000        0x0
 .note.GNU-stack
                0x00000000        0x0 arch/arm/cpu/armv7/am33xx/libam33xx.o
 .note.GNU-stack
                0x00000000        0x0 arch/arm/cpu/armv7/libarmv7.o
 .note.GNU-stack
                0x00000000        0x0 arch/arm/cpu/armv7/omap-common/libomap-common.o
 .note.GNU-stack
                0x00000000        0x0 arch/arm/lib/libarm.o
 .note.GNU-stack
                0x00000000        0x0 board/knobloch/TXT/libTXT.o
 .note.GNU-stack
                0x00000000        0x0 common/libcommon.o
 .note.GNU-stack
                0x00000000        0x0 common/spl/libspl.o
 .note.GNU-stack
                0x00000000        0x0 disk/libdisk.o
 .note.GNU-stack
                0x00000000        0x0 drivers/gpio/libgpio.o
 .note.GNU-stack
                0x00000000        0x0 drivers/i2c/libi2c.o
 .note.GNU-stack
                0x00000000        0x0 drivers/mmc/libmmc.o
 .note.GNU-stack
                0x00000000        0x0 drivers/mtd/nand/libnand.o
 .note.GNU-stack
                0x00000000        0x0 drivers/mtd/spi/libspi_flash.o
 .note.GNU-stack
                0x00000000        0x0 drivers/net/phy/libphy.o
 .note.GNU-stack
                0x00000000        0x0 drivers/power/pmic/libpmic.o
 .note.GNU-stack
                0x00000000        0x0 drivers/serial/libserial.o
 .note.GNU-stack
                0x00000000        0x0 drivers/spi/libspi.o
 .note.GNU-stack
                0x00000000        0x0 drivers/usb/musb-new/libusb_musb-new.o
 .note.GNU-stack
                0x00000000        0x0 fs/fat/libfat.o
 .note.GNU-stack
                0x00000000        0x0 lib/libgeneric.o
 .note.GNU-stack
                0x00000000        0x0 net/libnet.o
 .note.GNU-stack
                0x00000000        0x0 /home/ru/Knobloch/wrk/BuildRoot/ft-TXT/board/knobloch/TXT/board-support/u-boot-2013.10-ti2013.12.01/spl/arch/arm/lib/eabi_compat.o
 .note.GNU-stack
                0x00000000        0x0 /home/ru/Knobloch/wrk/BuildRoot/ft-TXT/output/host/opt/ext-toolchain/bin/../lib/gcc/arm-linux-gnueabihf/4.9.1/libgcc.a(_udivsi3.o)
 .note.GNU-stack
                0x00000000        0x0 /home/ru/Knobloch/wrk/BuildRoot/ft-TXT/output/host/opt/ext-toolchain/bin/../lib/gcc/arm-linux-gnueabihf/4.9.1/libgcc.a(_divsi3.o)
 .note.GNU-stack
                0x00000000        0x0 /home/ru/Knobloch/wrk/BuildRoot/ft-TXT/output/host/opt/ext-toolchain/bin/../lib/gcc/arm-linux-gnueabihf/4.9.1/libgcc.a(_lshrdi3.o)
 .note.GNU-stack
                0x00000000        0x0 /home/ru/Knobloch/wrk/BuildRoot/ft-TXT/output/host/opt/ext-toolchain/bin/../lib/gcc/arm-linux-gnueabihf/4.9.1/libgcc.a(_ashldi3.o)
 .note.GNU-stack
                0x00000000        0x0 /home/ru/Knobloch/wrk/BuildRoot/ft-TXT/output/host/opt/ext-toolchain/bin/../lib/gcc/arm-linux-gnueabihf/4.9.1/libgcc.a(_dvmd_lnx.o)

.debug_line     0x00000000    0x16eaa
 .debug_line    0x00000000       0x78 arch/arm/cpu/armv7/start.o
 .debug_line    0x00000078     0x1545 arch/arm/cpu/armv7/am33xx/libam33xx.o
 .debug_line    0x000015bd      0x74e arch/arm/cpu/armv7/libarmv7.o
 .debug_line    0x00001d0b      0xcc6 arch/arm/cpu/armv7/omap-common/libomap-common.o
 .debug_line    0x000029d1      0xe61 arch/arm/lib/libarm.o
 .debug_line    0x00003832      0xb1f board/knobloch/TXT/libTXT.o
 .debug_line    0x00004351     0x37af common/libcommon.o
 .debug_line    0x00007b00      0xd8f common/spl/libspl.o
 .debug_line    0x0000888f      0xf97 disk/libdisk.o
 .debug_line    0x00009826      0x2cb drivers/gpio/libgpio.o
 .debug_line    0x00009af1      0x501 drivers/i2c/libi2c.o
 .debug_line    0x00009ff2      0xe04 drivers/mmc/libmmc.o
 .debug_line    0x0000adf6     0x2245 drivers/mtd/nand/libnand.o
 .debug_line    0x0000d03b      0xacd drivers/mtd/spi/libspi_flash.o
 .debug_line    0x0000db08      0x82f drivers/net/phy/libphy.o
 .debug_line    0x0000e337      0x276 drivers/power/pmic/libpmic.o
 .debug_line    0x0000e5ad      0xb75 drivers/serial/libserial.o
 .debug_line    0x0000f122      0x5df drivers/spi/libspi.o
 .debug_line    0x0000f701     0x310a drivers/usb/musb-new/libusb_musb-new.o
 .debug_line    0x0001280b      0xb76 fs/fat/libfat.o
 .debug_line    0x00013381     0x212a lib/libgeneric.o
 .debug_line    0x000154ab     0x1835 net/libnet.o
 .debug_line    0x00016ce0      0x1ca /home/ru/Knobloch/wrk/BuildRoot/ft-TXT/board/knobloch/TXT/board-support/u-boot-2013.10-ti2013.12.01/spl/arch/arm/lib/eabi_compat.o

.debug_info     0x00000000    0x5e889
 .debug_info    0x00000000       0xa7 arch/arm/cpu/armv7/start.o
 .debug_info    0x000000a7     0x52ec arch/arm/cpu/armv7/am33xx/libam33xx.o
 .debug_info    0x00005393     0x1338 arch/arm/cpu/armv7/libarmv7.o
 .debug_info    0x000066cb     0x1cba arch/arm/cpu/armv7/omap-common/libomap-common.o
 .debug_info    0x00008385     0x225b arch/arm/lib/libarm.o
 .debug_info    0x0000a5e0     0x33a9 board/knobloch/TXT/libTXT.o
 .debug_info    0x0000d989     0xc3df common/libcommon.o
 .debug_info    0x00019d68     0x2bff common/spl/libspl.o
 .debug_info    0x0001c967     0x3fcd disk/libdisk.o
 .debug_info    0x00020934      0x899 drivers/gpio/libgpio.o
 .debug_info    0x000211cd     0x12c9 drivers/i2c/libi2c.o
 .debug_info    0x00022496     0x435e drivers/mmc/libmmc.o
 .debug_info    0x000267f4     0xb5d4 drivers/mtd/nand/libnand.o
 .debug_info    0x00031dc8     0x25c3 drivers/mtd/spi/libspi_flash.o
 .debug_info    0x0003438b     0x2576 drivers/net/phy/libphy.o
 .debug_info    0x00036901      0x4e8 drivers/power/pmic/libpmic.o
 .debug_info    0x00036de9     0x2802 drivers/serial/libserial.o
 .debug_info    0x000395eb     0x155e drivers/spi/libspi.o
 .debug_info    0x0003ab49    0x14358 drivers/usb/musb-new/libusb_musb-new.o
 .debug_info    0x0004eea1     0x3a71 fs/fat/libfat.o
 .debug_info    0x00052912     0x500e lib/libgeneric.o
 .debug_info    0x00057920     0x6c95 net/libnet.o
 .debug_info    0x0005e5b5      0x2d4 /home/ru/Knobloch/wrk/BuildRoot/ft-TXT/board/knobloch/TXT/board-support/u-boot-2013.10-ti2013.12.01/spl/arch/arm/lib/eabi_compat.o

.debug_abbrev   0x00000000    0x10727
 .debug_abbrev  0x00000000       0x14 arch/arm/cpu/armv7/start.o
 .debug_abbrev  0x00000014     0x1093 arch/arm/cpu/armv7/am33xx/libam33xx.o
 .debug_abbrev  0x000010a7      0x5f1 arch/arm/cpu/armv7/libarmv7.o
 .debug_abbrev  0x00001698      0x8be arch/arm/cpu/armv7/omap-common/libomap-common.o
 .debug_abbrev  0x00001f56      0x968 arch/arm/lib/libarm.o
 .debug_abbrev  0x000028be      0x78c board/knobloch/TXT/libTXT.o
 .debug_abbrev  0x0000304a     0x2bd8 common/libcommon.o
 .debug_abbrev  0x00005c22      0xb98 common/spl/libspl.o
 .debug_abbrev  0x000067ba      0xbff disk/libdisk.o
 .debug_abbrev  0x000073b9      0x258 drivers/gpio/libgpio.o
 .debug_abbrev  0x00007611      0x36d drivers/i2c/libi2c.o
 .debug_abbrev  0x0000797e      0xaa6 drivers/mmc/libmmc.o
 .debug_abbrev  0x00008424     0x12b6 drivers/mtd/nand/libnand.o
 .debug_abbrev  0x000096da      0xa5a drivers/mtd/spi/libspi_flash.o
 .debug_abbrev  0x0000a134      0x6e1 drivers/net/phy/libphy.o
 .debug_abbrev  0x0000a815      0x18a drivers/power/pmic/libpmic.o
 .debug_abbrev  0x0000a99f      0x793 drivers/serial/libserial.o
 .debug_abbrev  0x0000b132      0x5b3 drivers/spi/libspi.o
 .debug_abbrev  0x0000b6e5     0x1e70 drivers/usb/musb-new/libusb_musb-new.o
 .debug_abbrev  0x0000d555      0x515 fs/fat/libfat.o
 .debug_abbrev  0x0000da6a     0x1721 lib/libgeneric.o
 .debug_abbrev  0x0000f18b     0x1480 net/libnet.o
 .debug_abbrev  0x0001060b      0x11c /home/ru/Knobloch/wrk/BuildRoot/ft-TXT/board/knobloch/TXT/board-support/u-boot-2013.10-ti2013.12.01/spl/arch/arm/lib/eabi_compat.o

.debug_aranges  0x00000000     0x2150
 .debug_aranges
                0x00000000       0x20 arch/arm/cpu/armv7/start.o
 .debug_aranges
                0x00000020      0x1b8 arch/arm/cpu/armv7/am33xx/libam33xx.o
 .debug_aranges
                0x000001d8      0x108 arch/arm/cpu/armv7/libarmv7.o
 .debug_aranges
                0x000002e0      0x130 arch/arm/cpu/armv7/omap-common/libomap-common.o
 .debug_aranges
                0x00000410      0x188 arch/arm/lib/libarm.o
 .debug_aranges
                0x00000598       0xc0 board/knobloch/TXT/libTXT.o
 .debug_aranges
                0x00000658      0x580 common/libcommon.o
 .debug_aranges
                0x00000bd8       0xc8 common/spl/libspl.o
 .debug_aranges
                0x00000ca0      0x118 disk/libdisk.o
 .debug_aranges
                0x00000db8       0x60 drivers/gpio/libgpio.o
 .debug_aranges
                0x00000e18       0x60 drivers/i2c/libi2c.o
 .debug_aranges
                0x00000e78      0x178 drivers/mmc/libmmc.o
 .debug_aranges
                0x00000ff0      0x2f0 drivers/mtd/nand/libnand.o
 .debug_aranges
                0x000012e0       0xd8 drivers/mtd/spi/libspi_flash.o
 .debug_aranges
                0x000013b8       0xe8 drivers/net/phy/libphy.o
 .debug_aranges
                0x000014a0       0x28 drivers/power/pmic/libpmic.o
 .debug_aranges
                0x000014c8      0x248 drivers/serial/libserial.o
 .debug_aranges
                0x00001710       0xa0 drivers/spi/libspi.o
 .debug_aranges
                0x000017b0      0x2b8 drivers/usb/musb-new/libusb_musb-new.o
 .debug_aranges
                0x00001a68      0x110 fs/fat/libfat.o
 .debug_aranges
                0x00001b78      0x358 lib/libgeneric.o
 .debug_aranges
                0x00001ed0      0x250 net/libnet.o
 .debug_aranges
                0x00002120       0x30 /home/ru/Knobloch/wrk/BuildRoot/ft-TXT/board/knobloch/TXT/board-support/u-boot-2013.10-ti2013.12.01/spl/arch/arm/lib/eabi_compat.o

.debug_frame    0x00000000     0x5840
 .debug_frame   0x00000000      0x31c arch/arm/cpu/armv7/am33xx/libam33xx.o
 .debug_frame   0x0000031c      0x1d8 arch/arm/cpu/armv7/libarmv7.o
 .debug_frame   0x000004f4      0x1f0 arch/arm/cpu/armv7/omap-common/libomap-common.o
 .debug_frame   0x000006e4      0x2e0 arch/arm/lib/libarm.o
 .debug_frame   0x000009c4      0x1e4 board/knobloch/TXT/libTXT.o
 .debug_frame   0x00000ba8      0xf10 common/libcommon.o
 .debug_frame   0x00001ab8      0x164 common/spl/libspl.o
 .debug_frame   0x00001c1c      0x3e8 disk/libdisk.o
 .debug_frame   0x00002004       0xe0 drivers/gpio/libgpio.o
 .debug_frame   0x000020e4      0x124 drivers/i2c/libi2c.o
 .debug_frame   0x00002208      0x484 drivers/mmc/libmmc.o
 .debug_frame   0x0000268c      0xa2c drivers/mtd/nand/libnand.o
 .debug_frame   0x000030b8      0x238 drivers/mtd/spi/libspi_flash.o
 .debug_frame   0x000032f0      0x294 drivers/net/phy/libphy.o
 .debug_frame   0x00003584       0x4c drivers/power/pmic/libpmic.o
 .debug_frame   0x000035d0      0x540 drivers/serial/libserial.o
 .debug_frame   0x00003b10      0x190 drivers/spi/libspi.o
 .debug_frame   0x00003ca0      0x828 drivers/usb/musb-new/libusb_musb-new.o
 .debug_frame   0x000044c8      0x3fc fs/fat/libfat.o
 .debug_frame   0x000048c4      0x830 lib/libgeneric.o
 .debug_frame   0x000050f4      0x6cc net/libnet.o
 .debug_frame   0x000057c0       0x40 /home/ru/Knobloch/wrk/BuildRoot/ft-TXT/board/knobloch/TXT/board-support/u-boot-2013.10-ti2013.12.01/spl/arch/arm/lib/eabi_compat.o
 .debug_frame   0x00005800       0x20 /home/ru/Knobloch/wrk/BuildRoot/ft-TXT/output/host/opt/ext-toolchain/bin/../lib/gcc/arm-linux-gnueabihf/4.9.1/libgcc.a(_udivsi3.o)
 .debug_frame   0x00005820       0x20 /home/ru/Knobloch/wrk/BuildRoot/ft-TXT/output/host/opt/ext-toolchain/bin/../lib/gcc/arm-linux-gnueabihf/4.9.1/libgcc.a(_divsi3.o)

.debug_str      0x00000000     0xd38c
 .debug_str     0x00000000     0x210f arch/arm/cpu/armv7/am33xx/libam33xx.o
                               0x423f (size before relaxing)
 .debug_str     0x0000210f      0x36d arch/arm/cpu/armv7/libarmv7.o
                                0xe57 (size before relaxing)
 .debug_str     0x0000247c      0x483 arch/arm/cpu/armv7/omap-common/libomap-common.o
                               0x1866 (size before relaxing)
 .debug_str     0x000028ff      0x398 arch/arm/lib/libarm.o
                               0x1a27 (size before relaxing)
 .debug_str     0x00002c97     0x172e board/knobloch/TXT/libTXT.o
                               0x2949 (size before relaxing)
 .debug_str     0x000043c5     0x24ad common/libcommon.o
                               0x6d35 (size before relaxing)
 .debug_str     0x00006872      0x438 common/spl/libspl.o
                               0x2146 (size before relaxing)
 .debug_str     0x00006caa      0x701 disk/libdisk.o
                               0x19a2 (size before relaxing)
 .debug_str     0x000073ab      0x133 drivers/gpio/libgpio.o
                                0x4a2 (size before relaxing)
 .debug_str     0x000074de      0x1b3 drivers/i2c/libi2c.o
                                0x716 (size before relaxing)
 .debug_str     0x00007691      0x4fa drivers/mmc/libmmc.o
                               0x1268 (size before relaxing)
 .debug_str     0x00007b8b     0x1529 drivers/mtd/nand/libnand.o
                               0x44d5 (size before relaxing)
 .debug_str     0x000090b4      0x35f drivers/mtd/spi/libspi_flash.o