wl.c:316:12:in_wl_tree	4	static
wl.c:1411:13:cancel_pending	16	static
wl.c:239:12:do_work	8	static
wl.c:1324:13:tree_destroy	8	static
wl.c:402:29:find_wl_entry	16	static
wl.c:960:12:ensure_wear_leveling	16	static
wl.c:539:12:prot_tree_del	16	static
wl.c:357:13:prot_tree_add	24	static
wl.c:204:13:wl_tree_add	0	static
wl.c:709:12:schedule_erase	16	static
wl.c:1028:12:erase_worker	56	static
wl.c:739:12:wear_leveling_worker	48	static
wl.c:434:5:ubi_wl_get_peb	24	static
wl.c:1146:5:ubi_wl_put_peb	32	static
wl.c:1225:5:ubi_wl_scrub_peb	24	static
wl.c:1284:5:ubi_wl_flush	8	static
wl.c:1355:5:ubi_thread	24	static
wl.c:1433:5:ubi_wl_init_scan	32	static
wl.c:1587:6:ubi_wl_close	16	static
