phy.c:424:5:genphy_shutdown	0	static
bitops.h:12:19:generic_ffs	0	static
phy.c:534:27:phy_device_create	24	static
phy.c:635:27:get_phy_device_by_mask	40	static
phy.c:137:5:genphy_restart_aneg	16	static
phy.c:165:5:genphy_config_aneg	24	static
phy.c:363:5:genphy_config	16	static
phy.c:205:5:genphy_update_link	24	static
phy.c:273:5:genphy_parse_link	16	static
phy.c:416:5:genphy_startup	8	static
phy.c:441:5:phy_init	8	static
phy.c:486:5:phy_register	0	static
phy.c:672:5:phy_reset	24	static
phy.c:727:5:miiphy_reset	8	static
phy.c:742:20:phy_find_by_mask	16	static
phy.c:754:6:phy_connect_dev	24	static
phy.c:767:20:phy_connect	24	static
phy.c:783:5:phy_startup	0	static
phy.c:791:12:__board_phy_config	0	static
phy.c:801:5:phy_config	8	static
phy.c:809:5:phy_shutdown	8	static
