mtdcore.c:16:5:add_mtd_device	8	static
mtdcore.c:55:5:del_mtd_device	8	static
mtdcore.c:88:18:get_mtd_device	0	static
mtdcore.c:121:18:get_mtd_device_nm	16	static
mtdcore.c:143:6:put_mtd_device	0	static
mtdcore.c:202:5:mtd_erase	32	static
mtdcore.c:217:5:mtd_read	56	static
mtdcore.c:239:5:mtd_write	24	static
mtdcore.c:259:5:mtd_panic_write	28	static
mtdcore.c:274:5:mtd_read_oob	0	static
mtdcore.c:287:5:mtd_get_fact_prot_info	0	static
mtdcore.c:297:5:mtd_read_fact_prot_reg	8	static
mtdcore.c:308:5:mtd_get_user_prot_info	0	static
mtdcore.c:318:5:mtd_read_user_prot_reg	8	static
mtdcore.c:329:5:mtd_write_user_prot_reg	8	static
mtdcore.c:340:5:mtd_lock_user_prot_reg	0	static
mtdcore.c:350:5:mtd_lock	28	static
mtdcore.c:361:5:mtd_unlock	28	static
mtdcore.c:372:5:mtd_block_isbad	20	static
mtdcore.c:381:5:mtd_block_markbad	20	static
