Archive member included because of file (symbol)

/home/ru/Knobloch/wrk/BuildRoot/ft-TXT/output/host/opt/ext-toolchain/bin/../lib/gcc/arm-linux-gnueabihf/4.9.1/libgcc.a(_udivsi3.o)
                              arch/arm/cpu/armv7/omap-common/libomap-common.o (__aeabi_uidiv)
/home/ru/Knobloch/wrk/BuildRoot/ft-TXT/output/host/opt/ext-toolchain/bin/../lib/gcc/arm-linux-gnueabihf/4.9.1/libgcc.a(_divsi3.o)
                              common/libcommon.o (__aeabi_idiv)
/home/ru/Knobloch/wrk/BuildRoot/ft-TXT/output/host/opt/ext-toolchain/bin/../lib/gcc/arm-linux-gnueabihf/4.9.1/libgcc.a(_lshrdi3.o)
                              common/libcommon.o (__aeabi_llsr)
/home/ru/Knobloch/wrk/BuildRoot/ft-TXT/output/host/opt/ext-toolchain/bin/../lib/gcc/arm-linux-gnueabihf/4.9.1/libgcc.a(_ashrdi3.o)
                              drivers/mtd/nand/libnand.o (__aeabi_lasr)
/home/ru/Knobloch/wrk/BuildRoot/ft-TXT/output/host/opt/ext-toolchain/bin/../lib/gcc/arm-linux-gnueabihf/4.9.1/libgcc.a(_ashldi3.o)
                              drivers/mmc/libmmc.o (__aeabi_llsl)
/home/ru/Knobloch/wrk/BuildRoot/ft-TXT/output/host/opt/ext-toolchain/bin/../lib/gcc/arm-linux-gnueabihf/4.9.1/libgcc.a(_dvmd_lnx.o)
                              /home/ru/Knobloch/wrk/BuildRoot/ft-TXT/output/host/opt/ext-toolchain/bin/../lib/gcc/arm-linux-gnueabihf/4.9.1/libgcc.a(_udivsi3.o) (__aeabi_idiv0)

Discarded input sections

 .data          0x00000000        0x0 arch/arm/cpu/armv7/start.o
 .bss           0x00000000        0x0 arch/arm/cpu/armv7/start.o
 .text          0x00000000        0x0 board/knobloch/TXT/libTXT.o
 .data          0x00000000        0x0 board/knobloch/TXT/libTXT.o
 .bss           0x00000000        0x0 board/knobloch/TXT/libTXT.o
 .text          0x00000000        0x0 arch/arm/cpu/armv7/am33xx/libam33xx.o
 .text.do_setup_dpll
                0x00000000      0x140 arch/arm/cpu/armv7/am33xx/libam33xx.o
 .text.do_enable_clocks
                0x00000000       0xa0 arch/arm/cpu/armv7/am33xx/libam33xx.o
 .text.prcm_init
                0x00000000       0x9c arch/arm/cpu/armv7/am33xx/libam33xx.o
 .text.get_cpu_rev
                0x00000000       0x14 arch/arm/cpu/armv7/am33xx/libam33xx.o
 .text.get_cpu_type
                0x00000000       0x14 arch/arm/cpu/armv7/am33xx/libam33xx.o
 .text.get_board_rev
                0x00000000        0x8 arch/arm/cpu/armv7/am33xx/libam33xx.o
 .text.get_device_type
                0x00000000       0x18 arch/arm/cpu/armv7/am33xx/libam33xx.o
 .text.get_sysboot_value
                0x00000000       0x18 arch/arm/cpu/armv7/am33xx/libam33xx.o
 .text.am335x_get_tps65910_mpu_vdd
                0x00000000       0x48 arch/arm/cpu/armv7/am33xx/libam33xx.o
 .text.configure_module_pin_mux
                0x00000000       0x30 arch/arm/cpu/armv7/am33xx/libam33xx.o
 .text.config_sdram
                0x00000000       0x90 arch/arm/cpu/armv7/am33xx/libam33xx.o
 .text.set_sdram_timings
                0x00000000       0x40 arch/arm/cpu/armv7/am33xx/libam33xx.o
 .text.config_ddr_phy
                0x00000000       0x20 arch/arm/cpu/armv7/am33xx/libam33xx.o
 .text.config_cmd_ctrl
                0x00000000       0x40 arch/arm/cpu/armv7/am33xx/libam33xx.o
 .text.config_ddr_data
                0x00000000       0x54 arch/arm/cpu/armv7/am33xx/libam33xx.o
 .text.config_io_ctrl
                0x00000000       0x20 arch/arm/cpu/armv7/am33xx/libam33xx.o
 .text.get_dpll_mpu_params
                0x00000000        0xc arch/arm/cpu/armv7/am33xx/libam33xx.o
 .text.get_dpll_core_params
                0x00000000        0xc arch/arm/cpu/armv7/am33xx/libam33xx.o
 .text.get_dpll_per_params
                0x00000000        0xc arch/arm/cpu/armv7/am33xx/libam33xx.o
 .text.setup_clocks_for_console
                0x00000000       0x8c arch/arm/cpu/armv7/am33xx/libam33xx.o
 .text.enable_basic_clocks
                0x00000000       0x60 arch/arm/cpu/armv7/am33xx/libam33xx.o
 .text.rtc32k_enable
                0x00000000       0x2c arch/arm/cpu/armv7/am33xx/libam33xx.o
 .rodata        0x00000000       0x84 arch/arm/cpu/armv7/am33xx/libam33xx.o
 .rodata.__func__.6552
                0x00000000        0xc arch/arm/cpu/armv7/am33xx/libam33xx.o
 .rodata.str1.1
                0x00000000       0xa3 arch/arm/cpu/armv7/am33xx/libam33xx.o
 .rodata.ddr_data_reg
                0x00000000        0x8 arch/arm/cpu/armv7/am33xx/libam33xx.o
 .rodata.ddr_cmd_reg
                0x00000000        0x8 arch/arm/cpu/armv7/am33xx/libam33xx.o
 .rodata.emif_reg
                0x00000000        0x8 arch/arm/cpu/armv7/am33xx/libam33xx.o
 .rodata.dpll_ddr_regs
                0x00000000       0x24 arch/arm/cpu/armv7/am33xx/libam33xx.o
 .rodata.dpll_mpu
                0x00000000       0x10 arch/arm/cpu/armv7/am33xx/libam33xx.o
 .rodata.dpll_per_regs
                0x00000000       0x24 arch/arm/cpu/armv7/am33xx/libam33xx.o
 .rodata.cmdpll
                0x00000000        0x4 arch/arm/cpu/armv7/am33xx/libam33xx.o
[...]
Memory Configuration

Name             Origin             Length             Attributes
*default*        0x00000000         0xffffffff

Linker script and memory map

                0x00000000                . = 0x0
                0x00000000                . = ALIGN (0x4)

.text           0x80800000    0x54258
 *(.__image_copy_start)
 .__image_copy_start
                0x80800000        0x0 arch/arm/lib/libarm.o
                0x80800000                __image_copy_start
 arch/arm/cpu/armv7/start.o(.text*)
 .text          0x80800000      0x380 arch/arm/cpu/armv7/start.o
                0x80800000                _start
                0x80800040                _end_vect
                0x80800040                _TEXT_BASE
                0x80800044                _bss_start_ofs
                0x80800048                _bss_end_ofs
                0x8080004c                _end_ofs
                0x80800050                IRQ_STACK_START_IN
                0x8080008c                c_runtime_cpu_setup
                0x808000a8                cpu_init_cp15
 board/knobloch/TXT/libTXT.o(.text*)
 .text.board_init
                0x80800380       0x20 board/knobloch/TXT/libTXT.o
                0x80800380                board_init
 .text.board_late_init
                0x808003a0      0x1c8 board/knobloch/TXT/libTXT.o
                0x808003a0                board_late_init
 .text.board_eth_init
                0x80800568       0xac board/knobloch/TXT/libTXT.o
                0x80800568                board_eth_init
 *(.text*)
 .text.am335x_get_efuse_mpu_max_freq
                0x80800614       0xa0 arch/arm/cpu/armv7/am33xx/libam33xx.o
                0x80800614                am335x_get_efuse_mpu_max_freq
 .text.am33xx_otg0_set_phy_power
                0x808006b4       0x28 arch/arm/cpu/armv7/am33xx/libam33xx.o
 .text.am33xx_otg1_set_phy_power
                0x808006dc       0x28 arch/arm/cpu/armv7/am33xx/libam33xx.o
 .text.cpu_mmc_init
                0x80800704       0x48 arch/arm/cpu/armv7/am33xx/libam33xx.o
                0x80800704                cpu_mmc_init
 .text.arch_misc_init
                0x8080074c       0x44 arch/arm/cpu/armv7/am33xx/libam33xx.o
                0x8080074c                arch_misc_init
 .text.enable_caches
                0x80800790        0x4 arch/arm/cpu/armv7/am33xx/libam33xx.o
                0x80800790                enable_caches
 .text.dram_init
                0x80800794       0x20 arch/arm/cpu/armv7/am33xx/libam33xx.o
                0x80800794                dram_init
 .text.dram_init_banksize
                0x808007b4       0x1c arch/arm/cpu/armv7/am33xx/libam33xx.o
                0x808007b4                dram_init_banksize
 .text.v7_maint_dcache_all
                0x808007d0       0xd0 arch/arm/cpu/armv7/libarmv7.o
 .text.invalidate_icache_all
                0x808008a0       0x18 arch/arm/cpu/armv7/libarmv7.o
                0x808008a0                invalidate_icache_all
 .text.__v7_outer_cache_enable
                0x808008b8        0x4 arch/arm/cpu/armv7/libarmv7.o
                0x808008b8                __v7_outer_cache_enable
                0x808008b8                v7_outer_cache_enable
 .text.__v7_outer_cache_disable
                0x808008bc        0x4 arch/arm/cpu/armv7/libarmv7.o
                0x808008bc                v7_outer_cache_disable
                0x808008bc                __v7_outer_cache_disable
 .text.__v7_outer_cache_flush_all
                0x808008c0        0x4 arch/arm/cpu/armv7/libarmv7.o
                0x808008c0                __v7_outer_cache_flush_all
                0x808008c0                v7_outer_cache_flush_all
 .text.flush_dcache_all
                0x808008c4       0x14 arch/arm/cpu/armv7/libarmv7.o
                0x808008c4                flush_dcache_all
 .text.__v7_outer_cache_inval_all
                0x808008d8        0x4 arch/arm/cpu/armv7/libarmv7.o
                0x808008d8                v7_outer_cache_inval_all
                0x808008d8                __v7_outer_cache_inval_all
 .text.invalidate_dcache_all
                0x808008dc       0x14 arch/arm/cpu/armv7/libarmv7.o
                0x808008dc                invalidate_dcache_all
 .text.arm_init_before_mmu
                0x808008f0       0x28 arch/arm/cpu/armv7/libarmv7.o
                0x808008f0                arm_init_before_mmu
 .text.__v7_outer_cache_flush_range
                0x80800918        0x4 arch/arm/cpu/armv7/libarmv7.o
                0x80800918                v7_outer_cache_flush_range
                0x80800918                __v7_outer_cache_flush_range
 .text.flush_dcache_range
                0x8080091c       0x3c arch/arm/cpu/armv7/libarmv7.o
                0x8080091c                flush_dcache_range
 .text.flush_cache
                0x80800958        0x8 arch/arm/cpu/armv7/libarmv7.o
                0x80800958                flush_cache
 .text.cpu_cache_initialization
                0x80800960        0x4 arch/arm/cpu/armv7/libarmv7.o
                0x80800960                cpu_cache_initialization
 .text.cleanup_before_linux
                0x80800964       0x28 arch/arm/cpu/armv7/libarmv7.o
                0x80800964                cleanup_before_linux
 .text.sdelay   0x8080098c        0xc arch/arm/cpu/armv7/libarmv7.o
                0x8080098c                sdelay
 .text          0x80800998       0x38 arch/arm/cpu/armv7/omap-common/libomap-common.o
                0x80800998                save_boot_params
                0x808009a4                set_pl310_ctrl_reg
                0x808009b4                get_l2_aux_ctrl_reg
                0x808009b8                set_l2_aux_ctrl_reg
 .text.reset_cpu
                0x808009d0       0x14 arch/arm/cpu/armv7/omap-common/libomap-common.o
                0x808009d0                reset_cpu
 .text.timer_init
                0x808009e4       0x38 arch/arm/cpu/armv7/omap-common/libomap-common.o
                0x808009e4                timer_init
 .text.__udelay
                0x80800a1c       0x44 arch/arm/cpu/armv7/omap-common/libomap-common.o
                0x80800a1c                __udelay
 .text.get_timer_masked
                0x80800a60       0x40 arch/arm/cpu/armv7/omap-common/libomap-common.o
                0x80800a60                get_timer_masked
 .text.get_timer
                0x80800aa0       0x14 arch/arm/cpu/armv7/omap-common/libomap-common.o
                0x80800aa0                get_timer
 .text.get_ticks
                0x80800ab4       0x10 arch/arm/cpu/armv7/omap-common/libomap-common.o
                0x80800ab4                get_ticks
 .text.get_tbclk
                0x80800ac4        0x8 arch/arm/cpu/armv7/omap-common/libomap-common.o
                0x80800ac4                get_tbclk
 .text.enable_gpmc_cs_config
                0x80800acc       0x74 arch/arm/cpu/armv7/omap-common/libomap-common.o
                0x80800acc                enable_gpmc_cs_config
 .text.gpmc_init
                0x80800b40       0x90 arch/arm/cpu/armv7/omap-common/libomap-common.o
                0x80800b40                gpmc_init
 .text          0x80800bd0       0xe8 arch/arm/lib/libarm.o
                0x80800bd0                _main
                0x80800c54                relocate_code
 .text.__arch_cpu_init
                0x80800cb8        0x8 arch/arm/lib/libarm.o
                0x80800cb8                arch_cpu_init
                0x80800cb8                __arch_cpu_init
 .text.init_func_i2c
                0x80800cc0       0x34 arch/arm/lib/libarm.o
 .text.display_banner
                0x80800cf4       0x20 arch/arm/lib/libarm.o
 .text.init_baudrate
                0x80800d14       0x2c arch/arm/lib/libarm.o
 .text.mark_bootstage
                0x80800d40       0x14 arch/arm/lib/libarm.o
 .text.__coloured_LED_init
                0x80800d54        0x4 arch/arm/lib/libarm.o
                0x80800d54                coloured_LED_init
                0x80800d54                __coloured_LED_init
 .text.__red_led_on
                0x80800d58        0x4 arch/arm/lib/libarm.o
                0x80800d58                __red_led_on
                0x80800d58                red_led_on
 .text.__power_init_board
                0x80800d5c        0x8 arch/arm/lib/libarm.o
                0x80800d5c                __power_init_board
                0x80800d5c                power_init_board
 .text.board_init_f
                0x80800d64      0x128 arch/arm/lib/libarm.o
                0x80800d64                board_init_f
 .text.board_init_r
                0x80800e8c       0xcc arch/arm/lib/libarm.o
                0x80800e8c                board_init_r
 .text.arch_fixup_memory_node
                0x80800f58       0x38 arch/arm/lib/libarm.o
                0x80800f58                arch_fixup_memory_node
 .text.boot_jump_linux
                0x80800f90       0xb8 arch/arm/lib/libarm.o
 .text.arch_lmb_reserve
                0x80801048       0x24 arch/arm/lib/libarm.o
                0x80801048                arch_lmb_reserve
 .text.setup_board_tags
                0x8080106c        0x4 arch/arm/lib/libarm.o
                0x8080106c                setup_board_tags
 .text.boot_prep_linux
                0x80801070      0x178 arch/arm/lib/libarm.o
 .text.do_bootm_linux
                0x808011e8       0x5c arch/arm/lib/libarm.o
                0x808011e8                do_bootm_linux
 .text.bootz_setup
                0x80801244       0x60 arch/arm/lib/libarm.o
                0x80801244                bootz_setup
 .text.interrupt_init
                0x808012a4       0x1c arch/arm/lib/libarm.o
                0x808012a4                interrupt_init
 .text.enable_interrupts
                0x808012c0        0x4 arch/arm/lib/libarm.o
                0x808012c0                enable_interrupts
 .text.disable_interrupts
                0x808012c4        0x8 arch/arm/lib/libarm.o
                0x808012c4                disable_interrupts
 .text.bad_mode
                0x808012cc       0x10 arch/arm/lib/libarm.o
                0x808012cc                bad_mode
 .text.show_regs
                0x808012dc      0x13c arch/arm/lib/libarm.o
                0x808012dc                show_regs
 .text.do_undefined_instruction
                0x80801418       0x20 arch/arm/lib/libarm.o
                0x80801418                do_undefined_instruction
 .text.do_software_interrupt
                0x80801438       0x20 arch/arm/lib/libarm.o
                0x80801438                do_software_interrupt
 .text.do_prefetch_abort
                0x80801458       0x20 arch/arm/lib/libarm.o
                0x80801458                do_prefetch_abort
 .text.do_data_abort
                0x80801478       0x20 arch/arm/lib/libarm.o
                0x80801478                do_data_abort
 .text.do_not_used
                0x80801498       0x20 arch/arm/lib/libarm.o
                0x80801498                do_not_used
 .text.do_fiq   0x808014b8       0x20 arch/arm/lib/libarm.o
                0x808014b8                do_fiq
 .text.do_irq   0x808014d8       0x20 arch/arm/lib/libarm.o
                0x808014d8                do_irq
 .text.do_reset
                0x808014f8       0x2c arch/arm/lib/libarm.o
                0x808014f8                do_reset
 .text.cp_delay
                0x80801524       0x30 arch/arm/lib/libarm.o
 .text.arm_init_domains
                0x80801554        0x4 arch/arm/lib/libarm.o
                0x80801554                arm_init_domains
 .text.set_section_dcache
                0x80801558       0x14 arch/arm/lib/libarm.o
                0x80801558                set_section_dcache
 .text.dram_bank_mmu_setup
                0x8080156c       0x40 arch/arm/lib/libarm.o
                0x8080156c                dram_bank_mmu_setup
 .text.icache_disable
                0x808015ac       0x1c arch/arm/lib/libarm.o
                0x808015ac                icache_disable
 .text.dcache_enable
                0x808015c8       0x6c arch/arm/lib/libarm.o
                0x808015c8                dcache_enable
 .text.dcache_disable
                0x80801634       0x2c arch/arm/lib/libarm.o
                0x80801634                dcache_disable
 .text.print_num
                0x80801660       0x18 common/libcommon.o
 .text.do_bdinfo
                0x80801678      0x178 common/libcommon.o
                0x80801678                do_bdinfo
 .text.do_go_exec
                0x808017f0       0x10 common/libcommon.o
                0x808017f0                do_go_exec
 .text.do_go    0x80801800       0x6c common/libcommon.o
 .text.copy_args
                0x8080186c       0x50 common/libcommon.o
 .text.image_info
                0x808018bc       0xcc common/libcommon.o
 .text.do_bootd
                0x80801988       0x24 common/libcommon.o
                0x80801988                do_bootd
 .text.do_bootm_rtems
                0x808019ac       0x50 common/libcommon.o
 .text.do_bootm_plan9
                0x808019fc       0xb0 common/libcommon.o
 .text.do_bootm_netbsd
                0x80801aac      0x100 common/libcommon.o
 .text.do_iminfo
                0x80801bac       0x60 common/libcommon.o
 .text.bootm_find_ramdisk.isra.17
                0x80801c0c       0x44 common/libcommon.o
 .text.bootm_find_fdt
                0x80801c50       0x5c common/libcommon.o
 .text.__arch_preboot_os
                0x80801cac        0x4 common/libcommon.o
                0x80801cac                arch_preboot_os
 .text.do_bootm_states.isra.20.constprop.22
                0x80801cb0      0x840 common/libcommon.o
 .text.do_bootm
                0x808024f0       0xec common/libcommon.o
                0x808024f0                do_bootm
 .text.bootm_maybe_autostart
                0x808025dc       0x78 common/libcommon.o
                0x808025dc                bootm_maybe_autostart
 .text.do_bootz
                0x80802654      0x100 common/libcommon.o
                0x80802654                do_bootz
 .text.do_coninfo
                0x80802754       0xbc common/libcommon.o
 .text.do_dfu   0x80802810       0xec common/libcommon.o
 .text.common_diskboot
                0x808028fc      0x238 common/libcommon.o
                0x808028fc                common_diskboot
 .text.do_echo  0x80802b34       0xb0 common/libcommon.o
 .text.eeprom_read
                0x80802be4       0x7c common/libcommon.o
                0x80802be4                eeprom_read
 .text.eeprom_write
                0x80802c60       0x84 common/libcommon.o
                0x80802c60                eeprom_write
 .text.eeprom_init
                0x80802ce4       0x10 common/libcommon.o
                0x80802ce4                eeprom_init
 .text.do_eeprom
                0x80802cf4      0x120 common/libcommon.o
                0x80802cf4                do_eeprom
 .text.do_exit  0x80802e14       0x30 common/libcommon.o
 .text.do_ext2ls
                0x80802e44       0x18 common/libcommon.o
                0x80802e44                do_ext2ls
 .text.do_ext2load
                0x80802e5c       0x18 common/libcommon.o
                0x80802e5c                do_ext2load
 .text.do_ext4_load
                0x80802e74       0x18 common/libcommon.o
                0x80802e74                do_ext4_load
 .text.do_ext4_ls
                0x80802e8c       0x18 common/libcommon.o
                0x80802e8c                do_ext4_ls
 .text.do_fat_fsload
                0x80802ea4       0x18 common/libcommon.o
                0x80802ea4                do_fat_fsload
 .text.do_fat_ls
                0x80802ebc       0x18 common/libcommon.o
 .text.do_fat_fsinfo
                0x80802ed4       0x90 common/libcommon.o
 .text.do_fat_fswrite
                0x80802f64       0xfc common/libcommon.o
 .text.fdt_valid
                0x80803060       0xbc common/libcommon.o
 .text.is_printable_string
                0x8080311c       0x98 common/libcommon.o
 .text.print_data
                0x808031b4      0x174 common/libcommon.o
 .text.set_working_fdt_addr
                0x80803328       0x1c common/libcommon.o
                0x80803328                set_working_fdt_addr
 .text.do_fdt   0x80803344      0xe88 common/libcommon.o
 .text.do_load_wrapper
                0x808041cc       0x18 common/libcommon.o
                0x808041cc                do_load_wrapper
 .text.do_ls_wrapper
                0x808041e4       0x18 common/libcommon.o
                0x808041e4                do_ls_wrapper
 .text.do_gpio  0x808041fc      0x124 common/libcommon.o
 .text.extract_val
                0x80804320       0x98 common/libcommon.o
 .text.extract_env
                0x808043b8       0xd0 common/libcommon.o
 .text.do_gpt   0x80804488      0x444 common/libcommon.o
 .text.do_help  0x808048cc       0x48 common/libcommon.o
 .text.get_alen
                0x80804914       0x3c common/libcommon.o
 .text.do_i2c   0x80804950       0x64 common/libcommon.o
 .text.do_i2c_reset
                0x808049b4       0x1c common/libcommon.o
 .text.do_i2c_mw
                0x808049d0       0xec common/libcommon.o
 .text.do_i2c_read
                0x80804abc       0xb0 common/libcommon.o
 .text.do_i2c_probe
                0x80804b6c       0x9c common/libcommon.o
 .text.do_i2c_md
                0x80804c08      0x1dc common/libcommon.o
 .text.do_i2c_crc
                0x80804de4      0x118 common/libcommon.o
 .text.do_i2c_bus_num
                0x80804efc       0x74 common/libcommon.o
                0x80804efc                do_i2c_bus_num
 .text.do_i2c_write
                0x80804f70       0xf0 common/libcommon.o
 .text.do_i2c_loop
                0x80805060       0xe0 common/libcommon.o
 .text.mod_i2c_mem.isra.3
                0x80805140      0x200 common/libcommon.o
 .text.do_i2c_nm
                0x80805340        0x8 common/libcommon.o
 .text.do_i2c_mm
                0x80805348        0x8 common/libcommon.o
 .text.i2c_get_bus_speed
                0x80805350        0xc common/libcommon.o
                0x80805350                i2c_get_bus_speed
 .text.i2c_set_bus_speed
                0x8080535c       0x14 common/libcommon.o
                0x8080535c                i2c_set_bus_speed
 .text.do_i2c_bus_speed
                0x80805370       0x74 common/libcommon.o
 .text.evalexp  0x808053e4       0x74 common/libcommon.o
 .text.binary_test
                0x80805458      0x1e4 common/libcommon.o
 .text.do_itest
                0x8080563c       0x98 common/libcommon.o
 .text.SetWindowRGB.constprop.3
                0x808056d4       0x98 common/libcommon.o
 .text.do_lcd   0x8080576c      0x378 common/libcommon.o
 .text.bin_data_init
                0x80805ae4       0x2c common/libcommon.o
 .text.k_data_save
                0x80805b10       0x4c common/libcommon.o
 .text.k_data_restore
                0x80805b5c       0x4c common/libcommon.o
 .text.getcxmodem
                0x80805ba8       0x20 common/libcommon.o
 .text.load_serial_ymodem
                0x80805bc8       0xcc common/libcommon.o
 .text.bin_data_char
                0x80805c94       0x2c common/libcommon.o
 .text.chk1.constprop.1
                0x80805cc0       0x2c common/libcommon.o
 .text.s1_sendpacket.constprop.2
                0x80805cec       0x50 common/libcommon.o
 .text.load_serial
                0x80805d3c      0x1e0 common/libcommon.o
 .text.do_load_serial
                0x80805f1c       0xdc common/libcommon.o
 .text.do_load_serial_bin
                0x80805ff8      0x7b0 common/libcommon.o
 .text.extract_range
                0x808067a8       0xe4 common/libcommon.o
 .text.do_mdio  0x8080688c      0x3e8 common/libcommon.o
 .text.do_mem_mw
                0x80806c74       0xc0 common/libcommon.o
 .text.do_mem_loop
                0x80806d34       0xec common/libcommon.o
 .text.do_mem_md
                0x80806e20       0xec common/libcommon.o
 .text.do_mem_cmp
                0x80806f0c      0x15c common/libcommon.o
 .text.do_mem_base
                0x80807068       0x40 common/libcommon.o
 .text.do_mem_cp
                0x808070a8       0xd8 common/libcommon.o
 .text.do_mem_crc
                0x80807180       0x48 common/libcommon.o
 .text.mod_mem.isra.2
                0x808071c8      0x164 common/libcommon.o
 .text.do_mem_mm
                0x8080732c        0x8 common/libcommon.o
 .text.do_mem_nm
                0x80807334        0x8 common/libcommon.o
 .text.do_mem_mtest
                0x8080733c      0x4bc common/libcommon.o
 .text.do_mii   0x808077f8      0x7ac common/libcommon.o
 .text.do_sleep
                0x80807fa4       0x70 common/libcommon.o
 .text.do_mmcops
                0x80808014      0x478 common/libcommon.o
 .text.do_mmcinfo
                0x8080848c      0x180 common/libcommon.o
 .text.part_delall
                0x8080860c       0x44 common/libcommon.o
 .text.get_mtd_info
                0x80808650       0x78 common/libcommon.o
 .text.memsize_parse
                0x808086c8       0x80 common/libcommon.o
 .text.part_validate
                0x80808748      0x370 common/libcommon.o
 .text.mtd_part_info
                0x80808ab8       0x98 common/libcommon.o
 .text.memsize_format
                0x80808b50       0x90 common/libcommon.o
 .text.index_partitions
                0x80808be0       0xb4 common/libcommon.o
 .text.current_save
                0x80808c94       0xbc common/libcommon.o
 .text.part_sort_add
                0x80808d50      0x11c common/libcommon.o
 .text.device_del
                0x80808e6c       0x7c common/libcommon.o
 .text.generate_mtdparts_save.constprop.7
                0x80808ee8      0x304 common/libcommon.o
 .text.device_delall.constprop.9
                0x808091ec       0x64 common/libcommon.o
 .text.mtd_devices_init
                0x80809250       0x2c common/libcommon.o
 .text.device_find
                0x8080927c       0x4c common/libcommon.o
                0x8080927c                device_find
 .text.device_parse
                0x808092c8      0x560 common/libcommon.o
 .text.mtd_id_parse
                0x80809828      0x11c common/libcommon.o
                0x80809828                mtd_id_parse
 .text.find_dev_and_part
                0x80809944      0x1b0 common/libcommon.o
                0x80809944                find_dev_and_part
 .text.mtdparts_init
                0x80809af4      0x660 common/libcommon.o
                0x80809af4                mtdparts_init
 .text.do_chpart
                0x8080a154       0xd4 common/libcommon.o
 .text.do_mtdparts
                0x8080a228      0x5c0 common/libcommon.o
 .text.set_dev  0x8080a7e8       0x70 common/libcommon.o
 .text.nand_print_and_set_info
                0x8080a858       0xcc common/libcommon.o
 .text.arg_off  0x8080a924      0x108 common/libcommon.o
 .text.arg_off_size
                0x8080aa2c      0x14c common/libcommon.o
 .text.do_nand  0x8080ab78      0xcc8 common/libcommon.o
 .text.nand_load_image
                0x8080b840      0x1b8 common/libcommon.o
 .text.do_nandboot
                0x8080b9f8      0x254 common/libcommon.o
 .text.netboot_common
                0x8080bc4c      0x2c0 common/libcommon.o
 .text.do_bootp
                0x8080bf0c        0xc common/libcommon.o
 .text.do_dhcp  0x8080bf18        0xc common/libcommon.o
 .text.do_nfs   0x8080bf24        0xc common/libcommon.o
 .text.do_tftpb
                0x8080bf30       0x40 common/libcommon.o
                0x8080bf30                do_tftpb
 .text.do_ping  0x8080bf70       0x7c common/libcommon.o
 .text.do_env_delete
                0x8080bfec       0x9c common/libcommon.o
 .text.do_env_save
                0x8080c088       0x2c common/libcommon.o
 .text.do_env   0x8080c0b4       0x64 common/libcommon.o
 .text.env_print
                0x8080c118       0xc0 common/libcommon.o
 .text.do_env_print
                0x8080c1d8       0xc8 common/libcommon.o
 .text.do_env_import
                0x8080c2a0      0x244 common/libcommon.o
 .text.do_env_default
                0x8080c4e4       0xa8 common/libcommon.o
 .text._do_env_set.isra.0
                0x8080c58c      0x1b8 common/libcommon.o
 .text.do_env_set
                0x8080c744       0x1c common/libcommon.o
 .text.do_env_ask
                0x8080c760      0x14c common/libcommon.o
                0x8080c760                do_env_ask
 .text.get_env_id
                0x8080c8ac       0x10 common/libcommon.o
                0x8080c8ac                get_env_id
 .text.setenv   0x8080c8bc       0x58 common/libcommon.o
                0x8080c8bc                setenv
 .text.setenv_ulong
                0x8080c914       0x20 common/libcommon.o
                0x8080c914                setenv_ulong
 .text.setenv_hex
                0x8080c934       0x34 common/libcommon.o
                0x8080c934                setenv_hex
 .text.do_env_export
                0x8080c968      0x264 common/libcommon.o
 .text.envmatch
                0x8080cbcc       0x6c common/libcommon.o
                0x8080cbcc                envmatch
 .text.getenv_f
                0x8080cc38       0xc8 common/libcommon.o
                0x8080cc38                getenv_f
 .text.getenv   0x8080cd00       0x78 common/libcommon.o
                0x8080cd00                getenv
 .text.getenv_hex
                0x8080cd78       0x3c common/libcommon.o
                0x8080cd78                getenv_hex
 .text.getenv_ulong
                0x8080cdb4       0x30 common/libcommon.o
                0x8080cdb4                getenv_ulong
 .text.do_env_edit
                0x8080cde4       0x78 common/libcommon.o
 .text.do_part_uuid
                0x8080ce5c       0x80 common/libcommon.o
                0x8080ce5c                do_part_uuid
 .text.do_part_list
                0x8080cedc       0x3c common/libcommon.o
                0x8080cedc                do_part_list
 .text.do_part  0x8080cf18       0x74 common/libcommon.o
                0x8080cf18                do_part
 .text.bytes_per_second
                0x8080cf8c       0x50 common/libcommon.o
 .text.do_spi_flash
                0x8080cfdc      0x750 common/libcommon.o
 .text.source   0x8080d72c       0xd8 common/libcommon.o
                0x8080d72c                source
 .text.do_source
                0x8080d804       0x44 common/libcommon.o
                0x8080d804                do_source
 .text.do_spi   0x8080d848      0x25c common/libcommon.o
                0x8080d848                do_spi
 .text.do_spl   0x8080daa4      0x1a0 common/libcommon.o
 .text.do_false
                0x8080dc44        0x8 common/libcommon.o
 .text.do_true  0x8080dc4c        0x8 common/libcommon.o
 .text.do_test  0x8080dc54      0x460 common/libcommon.o
 .text.ubi_find_volume
                0x8080e0b4       0x70 common/libcommon.o
 .text.ubi_volume_continue_write
                0x8080e124       0xc4 common/libcommon.o
                0x8080e124                ubi_volume_continue_write
 .text.ubi_volume_begin_write
                0x8080e1e8       0xa4 common/libcommon.o
                0x8080e1e8                ubi_volume_begin_write
 .text.ubi_volume_write
                0x8080e28c        0x8 common/libcommon.o
                0x8080e28c                ubi_volume_write
 .text.ubi_volume_read
                0x8080e294      0x1d4 common/libcommon.o
                0x8080e294                ubi_volume_read
 .text.ubi_part
                0x8080e468      0x250 common/libcommon.o
                0x8080e468                ubi_part
 .text.do_ubi   0x8080e6b8      0x93c common/libcommon.o
 .text.do_ubifs_mount
                0x8080eff4       0x64 common/libcommon.o
                0x8080eff4                do_ubifs_mount
 .text.do_ubifs_ls
                0x8080f058       0x64 common/libcommon.o
                0x8080f058                do_ubifs_ls
 .text.do_ubifs_load
                0x8080f0bc       0xc8 common/libcommon.o
                0x8080f0bc                do_ubifs_load
 .text.ubifs_is_mounted
                0x8080f184       0x10 common/libcommon.o
                0x8080f184                ubifs_is_mounted
 .text.cmd_ubifs_umount
                0x8080f194       0x5c common/libcommon.o
                0x8080f194                cmd_ubifs_umount
 .text.do_ubifs_umount
                0x8080f1f0       0x48 common/libcommon.o
                0x8080f1f0                do_ubifs_umount
 .text.usb_get_class_desc
                0x8080f238       0xbc common/libcommon.o
 .text.usb_display_class_sub
                0x8080f2f4      0x170 common/libcommon.o
 .text.usb_find_device
                0x8080f464       0x3c common/libcommon.o
 .text.usb_show_tree_graph
                0x8080f4a0      0x218 common/libcommon.o
 .text.usb_display_string
                0x8080f6b8       0x44 common/libcommon.o
 .text.usb_display_config
                0x8080f6fc      0x20c common/libcommon.o
 .text.do_usbboot
                0x8080f908        0xc common/libcommon.o
 .text.usb_display_desc.part.1
                0x8080f914      0x12c common/libcommon.o
 .text.do_usb   0x8080fa40      0x770 common/libcommon.o
 .text.do_version
                0x808101b0       0x38 common/libcommon.o
 .text.do_imgextract
                0x808101e8      0x280 common/libcommon.o
 .text.find_cmd_tbl
                0x80810468       0xa4 common/libcommon.o
                0x80810468                find_cmd_tbl
 .text.find_cmd
                0x8081050c       0x28 common/libcommon.o
                0x8081050c                find_cmd
 .text.cmd_usage
                0x80810534       0x5c common/libcommon.o
                0x80810534                cmd_usage
 .text._do_help
                0x80810590      0x180 common/libcommon.o
                0x80810590                _do_help
 .text.var_complete
                0x80810710       0x7c common/libcommon.o
                0x80810710                var_complete
 .text.cmd_auto_complete
                0x8081078c      0x46c common/libcommon.o
                0x8081078c                cmd_auto_complete
 .text.cmd_get_data_size
                0x80810bf8       0x5c common/libcommon.o
                0x80810bf8                cmd_get_data_size
 .text.cmd_process
                0x80810c54       0xf4 common/libcommon.o
                0x80810c54                cmd_process
 .text.console_setfile
                0x80810d48       0xa4 common/libcommon.o
 .text.fgetc    0x80810dec       0x24 common/libcommon.o
                0x80810dec                fgetc
 .text.ftstc    0x80810e10       0x24 common/libcommon.o
                0x80810e10                ftstc
 .text.getc     0x80810e34       0x24 common/libcommon.o
                0x80810e34                getc
 .text.tstc     0x80810e58       0x24 common/libcommon.o
                0x80810e58                tstc
 .text.putc     0x80810e7c       0x30 common/libcommon.o
                0x80810e7c                putc
 .text.puts     0x80810eac       0x30 common/libcommon.o
                0x80810eac                puts
 .text.printf   0x80810edc       0x4c common/libcommon.o
                0x80810edc                printf
 .text.vprintf  0x80810f28       0x3c common/libcommon.o
                0x80810f28                vprintf
 .text.ctrlc    0x80810f64       0x58 common/libcommon.o
                0x80810f64                ctrlc
 .text.had_ctrlc
                0x80810fbc       0x10 common/libcommon.o
                0x80810fbc                had_ctrlc
 .text.clear_ctrlc
                0x80810fcc       0x14 common/libcommon.o
                0x80810fcc                clear_ctrlc
 .text.search_device
                0x80810fe0       0x28 common/libcommon.o
                0x80810fe0                search_device
 .text.console_assign
                0x80811008       0x48 common/libcommon.o
                0x80811008                console_assign
 .text.on_console
                0x80811050       0xc0 common/libcommon.o
 .text.console_init_f
                0x80811110       0x10 common/libcommon.o
                0x80811110                console_init_f
 .text.console_init_r
                0x80811120       0xdc common/libcommon.o
                0x80811120                console_init_r
 .text.sbrk     0x808111fc       0x70 common/libcommon.o
                0x808111fc                sbrk
 .text.mem_malloc_init
                0x8081126c       0x34 common/libcommon.o
                0x8081126c                mem_malloc_init
 .text.malloc_trim
                0x808112a0       0xcc common/libcommon.o
                0x808112a0                malloc_trim
 .text.free     0x8081136c      0x234 common/libcommon.o
                0x8081136c                free
 .text.malloc   0x808115a0      0x608 common/libcommon.o
                0x808115a0                malloc
 .text.calloc   0x80811ba8       0xd4 common/libcommon.o
                0x80811ba8                calloc
 .text.realloc  0x80811c7c      0x4c4 common/libcommon.o
                0x80811c7c                realloc
 .text.memalign
                0x80812140      0x10c common/libcommon.o
                0x80812140                memalign
 .text.cfree    0x8081224c        0x4 common/libcommon.o
                0x8081224c                cfree
 .text.env_attr_walk
                0x80812250      0x114 common/libcommon.o
                0x80812250                env_attr_walk
 .text.env_attr_lookup
                0x80812364      0x18c common/libcommon.o
                0x80812364                env_attr_lookup
 .text.clear_callback
                0x808124f0       0x10 common/libcommon.o
 .text.find_env_callback
                0x80812500       0x68 common/libcommon.o
 .text.on_callbacks
                0x80812568       0x48 common/libcommon.o
 .text.set_callback
                0x808125b0       0x94 common/libcommon.o
 .text.env_callback_init
                0x80812644       0xa0 common/libcommon.o
                0x80812644                env_callback_init
 .text.__env_get_char_spec
                0x808126e4        0xc common/libcommon.o
                0x808126e4                env_get_char_spec
 .text.env_get_addr
                0x808126f0       0x20 common/libcommon.o
                0x808126f0                env_get_addr
 .text.env_get_char_memory
                0x80812710       0x10 common/libcommon.o
                0x80812710                env_get_char_memory
 .text.env_get_char
                0x80812720       0x30 common/libcommon.o
                0x80812720                env_get_char
 .text.getenv_yesno
                0x80812750       0x40 common/libcommon.o
                0x80812750                getenv_yesno
 .text.getenv_default
                0x80812790       0x30 common/libcommon.o
                0x80812790                getenv_default
 .text.set_default_env
                0x808127c0       0xbc common/libcommon.o
                0x808127c0                set_default_env
 .text.set_default_vars
                0x8081287c       0x34 common/libcommon.o
                0x8081287c                set_default_vars
 .text.env_import
                0x808128b0       0xe0 common/libcommon.o
                0x808128b0                env_import
 .text.env_relocate
                0x80812990       0x30 common/libcommon.o
                0x80812990                env_relocate
 .text.env_complete
                0x808129c0       0xdc common/libcommon.o
                0x808129c0                env_complete
 .text.skip_num
                0x80812a9c       0x70 common/libcommon.o
 .text.clear_flags
                0x80812b0c       0x10 common/libcommon.o
 .text.on_flags
                0x80812b1c       0x48 common/libcommon.o
 .text.env_flags_parse_vartype
                0x80812b64       0x50 common/libcommon.o
                0x80812b64                env_flags_parse_vartype
 .text.env_flags_parse_varaccess
                0x80812bb4       0x58 common/libcommon.o
                0x80812bb4                env_flags_parse_varaccess
 .text.set_flags
                0x80812c0c       0xac common/libcommon.o
 .text.env_flags_init
                0x80812cb8       0xb0 common/libcommon.o
                0x80812cb8                env_flags_init
 .text.env_flags_validate
                0x80812d68      0x324 common/libcommon.o
                0x80812d68                env_flags_validate
 .text.env_init
                0x8081308c       0x1c common/libcommon.o
                0x8081308c                env_init
 .text.writeenv
                0x808130a8       0xb0 common/libcommon.o
                0x808130a8                writeenv
 .text.erase_and_write_env
                0x80813158       0x88 common/libcommon.o
 .text.saveenv  0x808131e0      0x138 common/libcommon.o
                0x808131e0                saveenv
 .text.readenv  0x80813318       0xc0 common/libcommon.o
                0x80813318                readenv
 .text.env_relocate_spec
                0x808133d8      0x1e8 common/libcommon.o
                0x808133d8                env_relocate_spec
 .text.dummy    0x808135c0        0x4 common/libcommon.o
 .text.get_version
                0x808135c4        0x8 common/libcommon.o
                0x808135c4                get_version
 .text.jumptable_init
                0x808135cc      0x1d0 common/libcommon.o
                0x808135cc                jumptable_init
 .text.get_cells_len
                0x8081379c       0x38 common/libcommon.o
 .text.fdt_find_and_setprop
                0x808137d4       0x70 common/libcommon.o
                0x808137d4                fdt_find_and_setprop
 .text.fdt_initrd
                0x80813844      0x1c8 common/libcommon.o
                0x80813844                fdt_initrd
 .text.fdt_chosen
                0x80813a0c      0x10c common/libcommon.o
                0x80813a0c                fdt_chosen
 .text.do_fixup_by_path
                0x80813b18       0x54 common/libcommon.o
                0x80813b18                do_fixup_by_path
 .text.fdt_fixup_memory_banks
                0x80813b6c      0x258 common/libcommon.o
                0x80813b6c                fdt_fixup_memory_banks
 .text.fdt_fixup_memory
                0x80813dc4       0x20 common/libcommon.o
                0x80813dc4                fdt_fixup_memory
 .text.fdt_fixup_ethernet
                0x80813de4      0x158 common/libcommon.o
                0x80813de4                fdt_fixup_ethernet
 .text.fdt_resize
                0x80813f3c       0xcc common/libcommon.o
                0x80813f3c                fdt_resize
 .text.hash_command
                0x80814008       0xa0 common/libcommon.o
                0x80814008                hash_command
 .text.b_reset  0x808140a8       0x1c common/libcommon.o
 .text.static_get
                0x808140c4       0x1c common/libcommon.o
 .text.static_peek
                0x808140e0        0xc common/libcommon.o
 .text.file_peek
                0x808140ec        0xc common/libcommon.o
 .text.mapset   0x808140f8       0x20 common/libcommon.o
 .text.syntax_err
                0x80814118        0xc common/libcommon.o
 .text.free_pipe_list
                0x80814124       0xe8 common/libcommon.o
 .text.xmalloc  0x8081420c       0x20 common/libcommon.o
 .text.new_pipe
                0x8081422c       0x28 common/libcommon.o
 .text.xrealloc
                0x80814254       0x20 common/libcommon.o
 .text.done_command
                0x80814274       0x84 common/libcommon.o
 .text.done_pipe
                0x808142f8       0x48 common/libcommon.o
 .text.done_word
                0x80814340      0x2a8 common/libcommon.o
 .text.do_showvar
                0x808145e8       0xfc common/libcommon.o
 .text.is_assignment
                0x808146e4       0x5c common/libcommon.o
 .text.file_get
                0x80814740      0x1ec common/libcommon.o
 .text.b_addchr
                0x8081492c       0x78 common/libcommon.o
 .text.b_addqchr
                0x808149a4       0x50 common/libcommon.o
 .text.get_local_var
                0x808149f4       0xa0 common/libcommon.o
                0x808149f4                get_local_var
 .text.set_local_var
                0x80814a94      0x1ac common/libcommon.o
                0x80814a94                set_local_var
 .text.insert_var_value_sub
                0x80814c40      0x2c0 common/libcommon.o
 .text.parse_string_outer
                0x80814f00       0xe4 common/libcommon.o
                0x80814f00                parse_string_outer
 .text.run_list_real
                0x80814fe4      0x784 common/libcommon.o
 .text.parse_stream_outer
                0x80815768      0x6ac common/libcommon.o
 .text.parse_file_outer
                0x80815e14       0x44 common/libcommon.o
                0x80815e14                parse_file_outer
 .text.u_boot_hush_start
                0x80815e58       0x54 common/libcommon.o
                0x80815e58                u_boot_hush_start
 .text.fdt_error
                0x80815eac       0x2c common/libcommon.o
 .text.boot_fdt_add_mem_rsv_regions
                0x80815ed8       0x88 common/libcommon.o
                0x80815ed8                boot_fdt_add_mem_rsv_regions
 .text.boot_relocate_fdt
                0x80815f60      0x194 common/libcommon.o
                0x80815f60                boot_relocate_fdt
 .text.boot_get_fdt
                0x808160f4      0x268 common/libcommon.o
                0x808160f4                boot_get_fdt
 .text.ft_verify_fdt
                0x8081635c        0x8 common/libcommon.o
                0x8081635c                ft_verify_fdt
 .text.image_setup_libfdt
                0x80816364       0xd8 common/libcommon.o
                0x80816364                image_setup_libfdt
 .text.on_loadaddr
                0x8081643c       0x38 common/libcommon.o
 .text.image_check_hcrc
                0x80816474       0x4c common/libcommon.o
                0x80816474                image_check_hcrc
 .text.image_check_dcrc
                0x808164c0       0x38 common/libcommon.o
                0x808164c0                image_check_dcrc
 .text.image_multi_count
                0x808164f8       0x1c common/libcommon.o
                0x808164f8                image_multi_count
 .text.image_multi_getimg
                0x80816514       0x80 common/libcommon.o
                0x80816514                image_multi_getimg
 .text.getenv_bootm_low
                0x80816594       0x30 common/libcommon.o
                0x80816594                getenv_bootm_low
 .text.getenv_bootm_size
                0x808165c4       0x5c common/libcommon.o
                0x808165c4                getenv_bootm_size
 .text.getenv_bootm_mapsize
                0x80816620       0x30 common/libcommon.o
                0x80816620                getenv_bootm_mapsize
 .text.memmove_wd
                0x80816650        0xc common/libcommon.o
                0x80816650                memmove_wd
 .text.genimg_print_size
                0x8081665c       0x30 common/libcommon.o
                0x8081665c                genimg_print_size
 .text.get_table_entry_name
                0x8081668c       0x2c common/libcommon.o
                0x8081668c                get_table_entry_name
 .text.genimg_get_os_name
                0x808166b8       0x18 common/libcommon.o
                0x808166b8                genimg_get_os_name
 .text.genimg_get_arch_name
                0x808166d0       0x18 common/libcommon.o
                0x808166d0                genimg_get_arch_name
 .text.genimg_get_type_name
                0x808166e8       0x18 common/libcommon.o
                0x808166e8                genimg_get_type_name
 .text.genimg_get_comp_name
                0x80816700       0x18 common/libcommon.o
                0x80816700                genimg_get_comp_name
 .text.image_print_contents
                0x80816718      0x174 common/libcommon.o
                0x80816718                image_print_contents
 .text.genimg_get_format
                0x8081688c       0x34 common/libcommon.o
                0x8081688c                genimg_get_format
 .text.genimg_get_image
                0x808168c0        0x4 common/libcommon.o
                0x808168c0                genimg_get_image
 .text.genimg_has_config
                0x808168c4        0x8 common/libcommon.o
                0x808168c4                genimg_has_config
 .text.boot_get_ramdisk
                0x808168cc      0x238 common/libcommon.o
                0x808168cc                boot_get_ramdisk
 .text.boot_ramdisk_high
                0x80816b04      0x130 common/libcommon.o
                0x80816b04                boot_ramdisk_high
 .text.image_setup_linux
                0x80816c34       0x8c common/libcommon.o
                0x80816c34                image_setup_linux
 .text.delete_char.part.0
                0x80816cc0       0xd4 common/libcommon.o
 .text.cread_add_char
                0x80816d94       0xec common/libcommon.o
 .text.__show_boot_progress
                0x80816e80        0x4 common/libcommon.o
                0x80816e80                __show_boot_progress
                0x80816e80                show_boot_progress
 .text.readline_into_buffer
                0x80816e84      0x9c4 common/libcommon.o
                0x80816e84                readline_into_buffer
 .text.readline
                0x80817848       0x14 common/libcommon.o
                0x80817848                readline
 .text.run_command
                0x8081785c        0x8 common/libcommon.o
                0x8081785c                run_command
 .text.run_command_list
                0x80817864       0x5c common/libcommon.o
                0x80817864                run_command_list
 .text.main_loop
                0x808178c0      0x174 common/libcommon.o
                0x808178c0                main_loop
 .text.do_run   0x80817a34       0x74 common/libcommon.o
                0x80817a34                do_run
 .text.get_ram_size
                0x80817aa8       0xe4 common/libcommon.o
                0x80817aa8                get_ram_size
 .text.miiphy_get_dev_by_name
                0x80817b8c       0x60 common/libcommon.o
                0x80817b8c                miiphy_get_dev_by_name
 .text.miiphy_init
                0x80817bec       0x24 common/libcommon.o
                0x80817bec                miiphy_init
 .text.mdio_list_devices
                0x80817c10       0x98 common/libcommon.o
                0x80817c10                mdio_list_devices
 .text.miiphy_set_current_dev
                0x80817ca8       0x40 common/libcommon.o
                0x80817ca8                miiphy_set_current_dev
 .text.miiphy_get_active_dev
                0x80817ce8       0x54 common/libcommon.o
 .text.mdio_get_current_dev
                0x80817d3c       0x10 common/libcommon.o
                0x80817d3c                mdio_get_current_dev
 .text.mdio_phydev_for_ethname
                0x80817d4c       0x88 common/libcommon.o
                0x80817d4c                mdio_phydev_for_ethname
 .text.miiphy_get_current_dev
                0x80817dd4       0x18 common/libcommon.o
                0x80817dd4                miiphy_get_current_dev
 .text.miiphy_read
                0x80817dec       0x4c common/libcommon.o
                0x80817dec                miiphy_read
 .text.miiphy_write
                0x80817e38       0x40 common/libcommon.o
                0x80817e38                miiphy_write
 .text.miiphy_listdev
                0x80817e78       0x74 common/libcommon.o
                0x80817e78                miiphy_listdev
 .text.miiphy_info
                0x80817eec       0x88 common/libcommon.o
                0x80817eec                miiphy_info
 .text.miiphy_is_1000base_x
                0x80817f74       0x44 common/libcommon.o
                0x80817f74                miiphy_is_1000base_x
 .text.miiphy_speed
                0x80817fb8       0xec common/libcommon.o
                0x80817fb8                miiphy_speed
 .text.miiphy_duplex
                0x808180a4      0x11c common/libcommon.o
                0x808180a4                miiphy_duplex
 .text.hex1_bin
                0x808181c0       0x40 common/libcommon.o
 .text.hex2_bin
                0x80818200       0x38 common/libcommon.o
 .text.srec_decode
                0x80818238      0x254 common/libcommon.o
                0x80818238                srec_decode
 .text.stdio_get_list
                0x8081848c        0xc common/libcommon.o
                0x8081848c                stdio_get_list
 .text.stdio_get_by_name
                0x80818498       0x5c common/libcommon.o
                0x80818498                stdio_get_by_name
 .text.stdio_clone
                0x808184f4       0x38 common/libcommon.o
                0x808184f4                stdio_clone
 .text.stdio_register
                0x8081852c       0x3c common/libcommon.o
                0x8081852c                stdio_register
 .text.stdio_init
                0x80818568       0x9c common/libcommon.o
                0x80818568                stdio_init
 .text.usb_set_maxpacket_ep
                0x80818604       0x70 common/libcommon.o
 .text.usb_stop
                0x80818674       0x64 common/libcommon.o
                0x80818674                usb_stop
 .text.usb_disable_asynch
                0x808186d8       0x20 common/libcommon.o
                0x808186d8                usb_disable_asynch
 .text.usb_control_msg
                0x808186f8       0xc4 common/libcommon.o
                0x808186f8                usb_control_msg
 .text.usb_get_descriptor
                0x808187bc       0x50 common/libcommon.o
 .text.usb_get_string
                0x8081880c       0x6c common/libcommon.o
 .text.usb_string_sub
                0x80818878      0x108 common/libcommon.o
 .text.usb_bulk_msg
                0x80818980       0x78 common/libcommon.o
                0x80818980                usb_bulk_msg
 .text.usb_maxpacket
                0x808189f8       0x1c common/libcommon.o
                0x808189f8                usb_maxpacket
 .text.usb_clear_halt
                0x80818a14       0x8c common/libcommon.o
                0x80818a14                usb_clear_halt
 .text.usb_get_configuration_no
                0x80818aa0       0xac common/libcommon.o
                0x80818aa0                usb_get_configuration_no
 .text.usb_set_interface
                0x80818b4c       0xa8 common/libcommon.o
                0x80818b4c                usb_set_interface
 .text.usb_string
                0x80818bf4      0x100 common/libcommon.o
                0x80818bf4                usb_string
 .text.usb_get_dev_index
                0x80818cf4       0x24 common/libcommon.o
                0x80818cf4                usb_get_dev_index
 .text.usb_alloc_new_device
                0x80818d18       0x90 common/libcommon.o
                0x80818d18                usb_alloc_new_device
 .text.usb_free_device
                0x80818da8       0x48 common/libcommon.o
                0x80818da8                usb_free_device
 .text.usb_alloc_device
                0x80818df0        0x8 common/libcommon.o
                0x80818df0                usb_alloc_device
 .text.usb_new_device
                0x80818df8      0x60c common/libcommon.o
                0x80818df8                usb_new_device
 .text.usb_init
                0x80819404      0x114 common/libcommon.o
                0x80819404                usb_init
 .text.board_usb_init
                0x80819518        0x8 common/libcommon.o
                0x80819518                board_usb_init
 .text.usb_set_port_feature
                0x80819520       0x4c common/libcommon.o
 .text.usb_get_port_status
                0x8081956c       0x4c common/libcommon.o
 .text.usb_clear_port_feature
                0x808195b8       0x4c common/libcommon.o
 .text.usb_hub_power_on
                0x80819604       0xb4 common/libcommon.o
 .text.usb_get_hub_descriptor
                0x808196b8       0x50 common/libcommon.o
 .text.usb_hub_reset_devices
                0x80819708        0x4 common/libcommon.o
                0x80819708                usb_hub_reset_devices
 .text.usb_hub_reset
                0x8081970c       0x14 common/libcommon.o
                0x8081970c                usb_hub_reset
 .text.hub_port_reset
                0x80819720       0xac common/libcommon.o
                0x80819720                hub_port_reset
 .text.usb_hub_port_connect_change
                0x808197cc      0x124 common/libcommon.o
                0x808197cc                usb_hub_port_connect_change
 .text.usb_hub_configure
                0x808198f0      0x2d8 common/libcommon.o
 .text.usb_hub_probe
                0x80819bc8       0x58 common/libcommon.o
                0x80819bc8                usb_hub_probe
 .text.usb_stor_irq
                0x80819c20       0x1c common/libcommon.o
 .text.usb_stor_BBB_reset
                0x80819c3c       0xd0 common/libcommon.o
 .text.usb_stor_CB_reset
                0x80819d0c       0xcc common/libcommon.o
 .text.usb_stor_BBB_clear_endpt_stall.isra.2
                0x80819dd8       0x40 common/libcommon.o
 .text.usb_stor_BBB_transport
                0x80819e18      0x26c common/libcommon.o
 .text.usb_stor_CB_comdat
                0x8081a084      0x214 common/libcommon.o
 .text.usb_stor_CBI_get_status.isra.4
                0x8081a298       0xcc common/libcommon.o
 .text.usb_stor_CB_transport
                0x8081a364      0x228 common/libcommon.o
 .text.usb_request_sense.constprop.10
                0x8081a58c       0x70 common/libcommon.o
 .text.usb_stor_write
                0x8081a5fc      0x1c4 common/libcommon.o
                0x8081a5fc                usb_stor_write
 .text.usb_stor_read
                0x8081a7c0      0x1c4 common/libcommon.o
                0x8081a7c0                usb_stor_read
 .text.usb_stor_get_dev
                0x8081a984       0x28 common/libcommon.o
                0x8081a984                usb_stor_get_dev
 .text.usb_stor_info
                0x8081a9ac       0x74 common/libcommon.o
                0x8081a9ac                usb_stor_info
 .text.usb_storage_probe
                0x8081aa20      0x208 common/libcommon.o
                0x8081aa20                usb_storage_probe
 .text.usb_stor_get_info
                0x8081ac28      0x320 common/libcommon.o
                0x8081ac28                usb_stor_get_info
 .text.usb_stor_scan
                0x8081af48      0x200 common/libcommon.o
                0x8081af48                usb_stor_scan
 .text.CYGACC_COMM_IF_GETC_TIMEOUT.isra.0
                0x8081b148       0x5c common/libcommon.o
 .text.xyzModem_flush
                0x8081b1a4       0x1c common/libcommon.o
 .text.xyzModem_get_hdr
                0x8081b1c0      0x230 common/libcommon.o
 .text.xyzModem_stream_open
                0x8081b3f0      0x23c common/libcommon.o
                0x8081b3f0                xyzModem_stream_open
 .text.xyzModem_stream_read
                0x8081b62c      0x258 common/libcommon.o
                0x8081b62c                xyzModem_stream_read
 .text.xyzModem_stream_close
                0x8081b884       0x54 common/libcommon.o
                0x8081b884                xyzModem_stream_close
 .text.xyzModem_stream_terminate
                0x8081b8d8       0x94 common/libcommon.o
                0x8081b8d8                xyzModem_stream_terminate
 .text.xyzModem_error
                0x8081b96c       0x20 common/libcommon.o
                0x8081b96c                xyzModem_error
 .text.print_part_header
                0x8081b98c       0xc4 disk/libdisk.o
 .text.get_dev  0x8081ba50       0x70 disk/libdisk.o
                0x8081ba50                get_dev
 .text.dev_print
                0x8081bac0      0x204 disk/libdisk.o
                0x8081bac0                dev_print
 .text.init_part
                0x8081bcc4       0x34 disk/libdisk.o
                0x8081bcc4                init_part
 .text.print_part
                0x8081bcf8       0x64 disk/libdisk.o
                0x8081bcf8                print_part
 .text.get_partition_info
                0x8081bd5c       0x44 disk/libdisk.o
                0x8081bd5c                get_partition_info
 .text.get_device
                0x8081bda0       0x84 disk/libdisk.o
                0x8081bda0                get_device
 .text.get_device_and_partition
                0x8081be24      0x444 disk/libdisk.o
                0x8081be24                get_device_and_partition
 .text.get_partition_info_extended
                0x8081c268      0x2f4 disk/libdisk.o
 .text.test_block_type
                0x8081c55c       0x84 disk/libdisk.o
 .text.print_partition_extended
                0x8081c5e0      0x278 disk/libdisk.o
 .text.test_part_dos
                0x8081c858       0x64 disk/libdisk.o
                0x8081c858                test_part_dos
 .text.print_part_dos
                0x8081c8bc       0x34 disk/libdisk.o
                0x8081c8bc                print_part_dos
 .text.get_partition_info_dos
                0x8081c8f0       0x24 disk/libdisk.o
                0x8081c8f0                get_partition_info_dos
 .text.print_efiname
                0x8081c914       0x60 disk/libdisk.o
 .text.uuid_string
                0x8081c974       0x6c disk/libdisk.o
 .text.is_pte_valid
                0x8081c9e0       0x58 disk/libdisk.o
 .text.string_uuid
                0x8081ca38      0x168 disk/libdisk.o
 .text.is_gpt_valid.constprop.2
                0x8081cba0      0x298 disk/libdisk.o
 .text.print_part_efi
                0x8081ce38      0x188 disk/libdisk.o
                0x8081ce38                print_part_efi
 .text.get_partition_info_efi
                0x8081cfc0      0x178 disk/libdisk.o
                0x8081cfc0                get_partition_info_efi
 .text.test_part_efi
                0x8081d138       0xd4 disk/libdisk.o
                0x8081d138                test_part_efi
 .text.write_gpt_table
                0x8081d20c      0x1ec disk/libdisk.o
                0x8081d20c                write_gpt_table
 .text.gpt_fill_pte
                0x8081d3f8      0x1a0 disk/libdisk.o
                0x8081d3f8                gpt_fill_pte
 .text.gpt_fill_header
                0x8081d598      0x154 disk/libdisk.o
                0x8081d598                gpt_fill_header
 .text.gpt_restore
                0x8081d6ec       0xf4 disk/libdisk.o
                0x8081d6ec                gpt_restore
 .text.dfu_write_buffer_drain
                0x8081d7e0       0x8c drivers/dfu/libdfu.o
 .text.dfu_reset
                0x8081d86c       0x10 drivers/dfu/libdfu.o
                0x8081d86c                dfu_reset
 .text.dfu_trigger_reset
                0x8081d87c       0x14 drivers/dfu/libdfu.o
                0x8081d87c                dfu_trigger_reset
 .text.dfu_free_buf
                0x8081d890       0x20 drivers/dfu/libdfu.o
                0x8081d890                dfu_free_buf
 .text.dfu_get_buf
                0x8081d8b0       0x84 drivers/dfu/libdfu.o
                0x8081d8b0                dfu_get_buf
 .text.dfu_write
                0x8081d934      0x1dc drivers/dfu/libdfu.o
                0x8081d934                dfu_write
 .text.dfu_read
                0x8081db10      0x254 drivers/dfu/libdfu.o
                0x8081db10                dfu_read
 .text.dfu_free_entities
                0x8081dd64       0x74 drivers/dfu/libdfu.o
                0x8081dd64                dfu_free_entities
 .text.dfu_config_entities
                0x8081ddd8      0x17c drivers/dfu/libdfu.o
                0x8081ddd8                dfu_config_entities
 .text.dfu_init_env_entities
                0x8081df54       0x90 drivers/dfu/libdfu.o
                0x8081df54                dfu_init_env_entities
 .text.dfu_get_dev_type
                0x8081dfe4       0x3c drivers/dfu/libdfu.o
                0x8081dfe4                dfu_get_dev_type
 .text.dfu_get_layout
                0x8081e020       0x3c drivers/dfu/libdfu.o
                0x8081e020                dfu_get_layout
 .text.dfu_show_entities
                0x8081e05c       0x74 drivers/dfu/libdfu.o
                0x8081e05c                dfu_show_entities
 .text.dfu_get_alt_number
                0x8081e0d0       0x10 drivers/dfu/libdfu.o
                0x8081e0d0                dfu_get_alt_number
 .text.dfu_get_entity
                0x8081e0e0       0x40 drivers/dfu/libdfu.o
                0x8081e0e0                dfu_get_entity
 .text.mmc_block_op
                0x8081e120       0xf4 drivers/dfu/libdfu.o
 .text.mmc_file_op
                0x8081e214      0x190 drivers/dfu/libdfu.o
 .text.dfu_write_medium_mmc
                0x8081e3a4       0xb4 drivers/dfu/libdfu.o
                0x8081e3a4                dfu_write_medium_mmc
 .text.dfu_flush_medium_mmc
                0x8081e458       0x44 drivers/dfu/libdfu.o
                0x8081e458                dfu_flush_medium_mmc
 .text.dfu_read_medium_mmc
                0x8081e49c       0x6c drivers/dfu/libdfu.o
                0x8081e49c                dfu_read_medium_mmc
 .text.dfu_fill_entity_mmc
                0x8081e508      0x228 drivers/dfu/libdfu.o
                0x8081e508                dfu_fill_entity_mmc
 .text.dfu_flush_medium_nand
                0x8081e730       0xdc drivers/dfu/libdfu.o
 .text.nand_block_op
                0x8081e80c      0x1c0 drivers/dfu/libdfu.o
 .text.dfu_write_medium_nand
                0x8081e9cc       0x44 drivers/dfu/libdfu.o
 .text.dfu_read_medium_nand
                0x8081ea10       0x40 drivers/dfu/libdfu.o
 .text.dfu_fill_entity_nand
                0x8081ea50      0x1e8 drivers/dfu/libdfu.o
                0x8081ea50                dfu_fill_entity_nand
 .text.dfu_write_medium_ram
                0x8081ec38       0x9c drivers/dfu/libdfu.o
 .text.dfu_read_medium_ram
                0x8081ecd4       0xb4 drivers/dfu/libdfu.o
 .text.dfu_fill_entity_ram
                0x8081ed88       0xdc drivers/dfu/libdfu.o
                0x8081ed88                dfu_fill_entity_ram
 .text.check_gpio
                0x8081ee64       0x2c drivers/gpio/libgpio.o
 .text._set_gpio_dataout
                0x8081ee90       0x44 drivers/gpio/libgpio.o
 .text.gpio_is_valid
                0x8081eed4       0x10 drivers/gpio/libgpio.o
                0x8081eed4                gpio_is_valid
 .text.gpio_get_value
                0x8081eee4       0x70 drivers/gpio/libgpio.o
                0x8081eee4                gpio_get_value
 .text.gpio_direction_input
                0x8081ef54       0x5c drivers/gpio/libgpio.o
                0x8081ef54                gpio_direction_input
 .text.gpio_direction_output
                0x8081efb0       0x70 drivers/gpio/libgpio.o
                0x8081efb0                gpio_direction_output
 .text.gpio_request
                0x8081f020       0x10 drivers/gpio/libgpio.o
                0x8081f020                gpio_request
 .text.gpio_free
                0x8081f030        0x8 drivers/gpio/libgpio.o
                0x8081f030                gpio_free
 .text.flush_fifo
                0x8081f038       0x3c drivers/i2c/libi2c.o
 .text.wait_for_bb
                0x8081f074       0x8c drivers/i2c/libi2c.o
 .text.wait_for_event
                0x8081f100       0x80 drivers/i2c/libi2c.o
 .text.i2c_init
                0x8081f180      0x1a4 drivers/i2c/libi2c.o
                0x8081f180                i2c_init
 .text.i2c_probe
                0x8081f324       0xf4 drivers/i2c/libi2c.o
                0x8081f324                i2c_probe
 .text.i2c_read
                0x8081f418      0x218 drivers/i2c/libi2c.o
                0x8081f418                i2c_read
 .text.i2c_write
                0x8081f630      0x1f4 drivers/i2c/libi2c.o
                0x8081f630                i2c_write
 .text.i2c_set_bus_num
                0x8081f824       0x94 drivers/i2c/libi2c.o
                0x8081f824                i2c_set_bus_num
 .text.i2c_get_bus_num
                0x8081f8b8       0x10 drivers/i2c/libi2c.o
                0x8081f8b8                i2c_get_bus_num
 .text.mmc_set_ios
                0x8081f8c8      0x120 drivers/mmc/libmmc.o
 .text.mmc_set_capacity
                0x8081f9e8       0xa8 drivers/mmc/libmmc.o
 .text.board_mmc_getwp
                0x8081fa90        0x8 drivers/mmc/libmmc.o
                0x8081fa90                board_mmc_getwp
 .text.mmc_getwp
                0x8081fa98       0x34 drivers/mmc/libmmc.o
                0x8081fa98                mmc_getwp
 .text.__board_mmc_getcd
                0x8081facc        0x8 drivers/mmc/libmmc.o
                0x8081facc                __board_mmc_getcd
                0x8081facc                board_mmc_getcd
 .text.mmc_send_cmd
                0x8081fad4      0x3cc drivers/mmc/libmmc.o
                0x8081fad4                mmc_send_cmd
 .text.mmc_go_idle
                0x8081fea0       0x4c drivers/mmc/libmmc.o
 .text.mmc_send_op_cond_iter
                0x8081feec       0x7c drivers/mmc/libmmc.o
 .text.mmc_send_ext_csd
                0x8081ff68       0x4c drivers/mmc/libmmc.o
 .text.mmc_send_status
                0x8081ffb4       0xc4 drivers/mmc/libmmc.o
                0x8081ffb4                mmc_send_status
 .text.mmc_switch.isra.1
                0x80820078       0x54 drivers/mmc/libmmc.o
 .text.mmc_set_blocklen
                0x808200cc       0x30 drivers/mmc/libmmc.o
                0x808200cc                mmc_set_blocklen
 .text.find_mmc_device
                0x808200fc       0x4c drivers/mmc/libmmc.o
                0x808200fc                find_mmc_device
 .text.mmc_bread
                0x80820148      0x144 drivers/mmc/libmmc.o
 .text.mmc_send_op_cond
                0x8082028c       0x74 drivers/mmc/libmmc.o
                0x8082028c                mmc_send_op_cond
 .text.mmc_complete_op_cond
                0x80820300       0x88 drivers/mmc/libmmc.o
                0x80820300                mmc_complete_op_cond
 .text.mmc_switch_part
                0x80820388       0x4c drivers/mmc/libmmc.o
                0x80820388                mmc_switch_part
 .text.mmc_getcd
                0x808203d4       0x34 drivers/mmc/libmmc.o
                0x808203d4                mmc_getcd
 .text.mmc_set_clock
                0x80820408       0x20 drivers/mmc/libmmc.o
                0x80820408                mmc_set_clock
 .text.mmc_startup
                0x80820428      0xa40 drivers/mmc/libmmc.o
 .text.mmc_register
                0x80820e68       0x84 drivers/mmc/libmmc.o
                0x80820e68                mmc_register
 .text.mmc_start_init
                0x80820eec      0x204 drivers/mmc/libmmc.o
                0x80820eec                mmc_start_init
 .text.mmc_init
                0x808210f0       0x90 drivers/mmc/libmmc.o
                0x808210f0                mmc_init
 .text.mmc_get_dev
                0x80821180       0x2c drivers/mmc/libmmc.o
                0x80821180                mmc_get_dev
 .text.__def_mmc_init
                0x808211ac        0x8 drivers/mmc/libmmc.o
                0x808211ac                board_mmc_init
 .text.print_mmc_devices
                0x808211b4       0x68 drivers/mmc/libmmc.o
                0x808211b4                print_mmc_devices
 .text.get_mmc_num
                0x8082121c       0x10 drivers/mmc/libmmc.o
                0x8082121c                get_mmc_num
 .text.mmc_initialize
                0x8082122c       0x74 drivers/mmc/libmmc.o
                0x8082122c                mmc_initialize
 .text.omap_mmc_getwp
                0x808212a0        0xc drivers/mmc/libmmc.o
 .text.omap_mmc_getcd
                0x808212ac        0xc drivers/mmc/libmmc.o
 .text.omap_mmc_setup_gpio_in
                0x808212b8       0x4c drivers/mmc/libmmc.o
 .text.mmc_reset_controller_fsm
                0x80821304       0x9c drivers/mmc/libmmc.o
 .text.mmc_init_stream
                0x808213a0       0xa8 drivers/mmc/libmmc.o
                0x808213a0                mmc_init_stream
 .text.mmc_init_setup
                0x80821448      0x150 drivers/mmc/libmmc.o
 .text.omap_mmc_init
                0x80821598      0x1ac drivers/mmc/libmmc.o
                0x80821598                omap_mmc_init
 .text.mmc_berase
                0x80821744      0x198 drivers/mmc/libmmc.o
                0x80821744                mmc_berase
 .text.mmc_bwrite
                0x808218dc      0x164 drivers/mmc/libmmc.o
                0x808218dc                mmc_bwrite
 .text.add_mtd_device
                0x80821a40       0x88 drivers/mtd/libmtd.o
                0x80821a40                add_mtd_device
 .text.del_mtd_device
                0x80821ac8       0x54 drivers/mtd/libmtd.o
                0x80821ac8                del_mtd_device
 .text.get_mtd_device
                0x80821b1c       0x74 drivers/mtd/libmtd.o
                0x80821b1c                get_mtd_device
 .text.get_mtd_device_nm
                0x80821b90       0x6c drivers/mtd/libmtd.o
                0x80821b90                get_mtd_device_nm
 .text.put_mtd_device
                0x80821bfc       0x2c drivers/mtd/libmtd.o
                0x80821bfc                put_mtd_device
 .text.mtd_erase
                0x80821c28       0x90 drivers/mtd/libmtd.o
                0x80821c28                mtd_erase
 .text.mtd_read
                0x80821cb8       0xb8 drivers/mtd/libmtd.o
                0x80821cb8                mtd_read
 .text.mtd_write
                0x80821d70       0x9c drivers/mtd/libmtd.o
                0x80821d70                mtd_write
 .text.mtd_read_oob
                0x80821e0c       0x28 drivers/mtd/libmtd.o
                0x80821e0c                mtd_read_oob
 .text.mtd_get_fact_prot_info
                0x80821e34       0x28 drivers/mtd/libmtd.o
                0x80821e34                mtd_get_fact_prot_info
 .text.mtd_read_fact_prot_reg
                0x80821e5c       0x44 drivers/mtd/libmtd.o
                0x80821e5c                mtd_read_fact_prot_reg
 .text.mtd_get_user_prot_info
                0x80821ea0       0x28 drivers/mtd/libmtd.o
                0x80821ea0                mtd_get_user_prot_info
 .text.mtd_read_user_prot_reg
                0x80821ec8       0x44 drivers/mtd/libmtd.o
                0x80821ec8                mtd_read_user_prot_reg
 .text.mtd_write_user_prot_reg
                0x80821f0c       0x44 drivers/mtd/libmtd.o
                0x80821f0c                mtd_write_user_prot_reg
 .text.mtd_lock_user_prot_reg
                0x80821f50       0x2c drivers/mtd/libmtd.o
                0x80821f50                mtd_lock_user_prot_reg
 .text.mtd_lock
                0x80821f7c       0x74 drivers/mtd/libmtd.o
                0x80821f7c                mtd_lock
 .text.mtd_unlock
                0x80821ff0       0x74 drivers/mtd/libmtd.o
                0x80821ff0                mtd_unlock
 .text.mtd_block_isbad
                0x80822064       0x4c drivers/mtd/libmtd.o
                0x80822064                mtd_block_isbad
 .text.mtd_block_markbad
                0x808220b0       0x60 drivers/mtd/libmtd.o
                0x808220b0                mtd_block_markbad
 .text.part_write_oob
                0x80822110       0xa0 drivers/mtd/libmtd.o
 .text.part_sync
                0x808221b0       0x14 drivers/mtd/libmtd.o
 .text.part_block_isbad
                0x808221c4       0x1c drivers/mtd/libmtd.o
 .text.part_block_markbad
                0x808221e0       0x30 drivers/mtd/libmtd.o
 .text.part_unlock
                0x80822210       0x1c drivers/mtd/libmtd.o
 .text.part_lock
                0x8082222c       0x1c drivers/mtd/libmtd.o
 .text.part_get_fact_prot_info
                0x80822248        0x8 drivers/mtd/libmtd.o
 .text.part_get_user_prot_info
                0x80822250        0x8 drivers/mtd/libmtd.o
 .text.part_lock_user_prot_reg
                0x80822258        0x8 drivers/mtd/libmtd.o
 .text.part_write_user_prot_reg
                0x80822260        0x8 drivers/mtd/libmtd.o
 .text.part_read_fact_prot_reg
                0x80822268        0x8 drivers/mtd/libmtd.o
 .text.part_read_user_prot_reg
                0x80822270        0x8 drivers/mtd/libmtd.o
 .text.part_read_oob
                0x80822278       0x94 drivers/mtd/libmtd.o
 .text.part_write
                0x8082230c       0x1c drivers/mtd/libmtd.o
 .text.part_read
                0x80822328       0x74 drivers/mtd/libmtd.o
 .text.part_erase
                0x8082239c       0x70 drivers/mtd/libmtd.o
 .text.mtd_erase_callback
                0x8082240c       0x6c drivers/mtd/libmtd.o
                0x8082240c                mtd_erase_callback
 .text.del_mtd_partitions
                0x80822478       0x8c drivers/mtd/libmtd.o
                0x80822478                del_mtd_partitions
 .text.add_mtd_partitions
                0x80822504      0x5e4 drivers/mtd/libmtd.o
                0x80822504                add_mtd_partitions
 .text.nand_register
                0x80822ae8       0x94 drivers/mtd/nand/libnand.o
                0x80822ae8                nand_register
 .text.nand_init
                0x80822b7c       0x68 drivers/mtd/nand/libnand.o
                0x80822b7c                nand_init
 .text.verify_bbt_descr
                0x80822be4      0x13c drivers/mtd/nand/libnand.o
 .text.scan_read_oob
                0x80822d20       0xcc drivers/mtd/nand/libnand.o
 .text.check_pattern
                0x80822dec       0xac drivers/mtd/nand/libnand.o
 .text.create_bbt
                0x80822e98      0x2e0 drivers/mtd/nand/libnand.o
 .text.scan_read
                0x80823178       0x58 drivers/mtd/nand/libnand.o
 .text.read_bbt
                0x808231d0      0x1e8 drivers/mtd/nand/libnand.o
 .text.read_abs_bbt
                0x808233b8       0xc8 drivers/mtd/nand/libnand.o
 .text.write_bbt
                0x80823480      0x62c drivers/mtd/nand/libnand.o
 .text.search_bbt
                0x80823aac      0x198 drivers/mtd/nand/libnand.o
 .text.nand_update_bbt
                0x80823c44      0x11c drivers/mtd/nand/libnand.o
                0x80823c44                nand_update_bbt
 .text.mark_bbt_region
                0x80823d60      0x16c drivers/mtd/nand/libnand.o
 .text.nand_scan_bbt
                0x80823ecc      0x4f4 drivers/mtd/nand/libnand.o
                0x80823ecc                nand_scan_bbt
 .text.nand_default_bbt
                0x808243c0      0x104 drivers/mtd/nand/libnand.o
                0x808243c0                nand_default_bbt
 .text.nand_isbad_bbt
                0x808244c4       0x4c drivers/mtd/nand/libnand.o
                0x808244c4                nand_isbad_bbt
 .text.check_skip_len
                0x80824510       0xc0 drivers/mtd/nand/libnand.o
 .text.nand_erase_opts
                0x808245d0      0x380 drivers/mtd/nand/libnand.o
                0x808245d0                nand_erase_opts
 .text.nand_write_skip_bad
                0x80824950      0x244 drivers/mtd/nand/libnand.o
                0x80824950                nand_write_skip_bad
 .text.nand_read_skip_bad
                0x80824b94      0x268 drivers/mtd/nand/libnand.o
                0x80824b94                nand_read_skip_bad
 .text.nand_calculate_ecc
                0x80824dfc       0xf4 drivers/mtd/nand/libnand.o
                0x80824dfc                nand_calculate_ecc
 .text.nand_correct_data
                0x80824ef0      0x120 drivers/mtd/nand/libnand.o
                0x80824ef0                nand_correct_data
 .text.nand_release_device
                0x80825010       0x10 drivers/mtd/nand/libnand.o
 .text.nand_read_byte
                0x80825020       0x14 drivers/mtd/nand/libnand.o
                0x80825020                nand_read_byte
 .text.nand_read_byte16
                0x80825034       0x18 drivers/mtd/nand/libnand.o
 .text.nand_read_word
                0x8082504c       0x14 drivers/mtd/nand/libnand.o
 .text.nand_write_buf
                0x80825060       0x2c drivers/mtd/nand/libnand.o
                0x80825060                nand_write_buf
 .text.nand_read_buf
                0x8082508c       0x2c drivers/mtd/nand/libnand.o
                0x8082508c                nand_read_buf
 .text.nand_verify_buf
                0x808250b8       0x40 drivers/mtd/nand/libnand.o
 .text.nand_write_buf16
                0x808250f8       0x34 drivers/mtd/nand/libnand.o
                0x808250f8                nand_write_buf16
 .text.nand_read_buf16
                0x8082512c       0x34 drivers/mtd/nand/libnand.o
                0x8082512c                nand_read_buf16
 .text.nand_verify_buf16
                0x80825160       0x4c drivers/mtd/nand/libnand.o
 .text.nand_check_wp
                0x808251ac       0x50 drivers/mtd/nand/libnand.o
 .text.nand_read_page_raw_syndrome
                0x808251fc       0xd4 drivers/mtd/nand/libnand.o
 .text.nand_read_page_swecc
                0x808252d0      0x128 drivers/mtd/nand/libnand.o
 .text.nand_read_subpage
                0x808253f8      0x26c drivers/mtd/nand/libnand.o
 .text.nand_read_page_hwecc
                0x80825664      0x148 drivers/mtd/nand/libnand.o
 .text.nand_read_page_hwecc_oob_first
                0x808257ac      0x138 drivers/mtd/nand/libnand.o
 .text.nand_read_page_syndrome
                0x808258e4      0x124 drivers/mtd/nand/libnand.o
 .text.nand_read_oob_std
                0x80825a08       0x3c drivers/mtd/nand/libnand.o
 .text.nand_read_oob_syndrome
                0x80825a44      0x100 drivers/mtd/nand/libnand.o
 .text.nand_write_oob_std
                0x80825b44       0x70 drivers/mtd/nand/libnand.o
 .text.nand_write_oob_syndrome
                0x80825bb4      0x194 drivers/mtd/nand/libnand.o
 .text.nand_write_page_raw_syndrome
                0x80825d48       0xd4 drivers/mtd/nand/libnand.o
 .text.nand_write_page_swecc
                0x80825e1c       0xb8 drivers/mtd/nand/libnand.o
 .text.nand_write_page_hwecc
                0x80825ed4       0xd0 drivers/mtd/nand/libnand.o
 .text.nand_write_page_syndrome
                0x80825fa4       0xf4 drivers/mtd/nand/libnand.o
 .text.single_erase_cmd
                0x80826098       0x3c drivers/mtd/nand/libnand.o
 .text.multi_erase_cmd
                0x808260d4       0x88 drivers/mtd/nand/libnand.o
 .text.nand_sync
                0x8082615c       0x10 drivers/mtd/nand/libnand.o
 .text.nand_onfi_set_features
                0x8082616c       0x64 drivers/mtd/nand/libnand.o
 .text.nand_block_checkbad
                0x808261d0       0x78 drivers/mtd/nand/libnand.o
 .text.nand_block_isbad
                0x80826248       0x1c drivers/mtd/nand/libnand.o
 .text.nand_block_markbad
                0x80826264       0x40 drivers/mtd/nand/libnand.o
 .text.nand_onfi_get_features
                0x808262a4       0x6c drivers/mtd/nand/libnand.o
 .text.nand_block_bad
                0x80826310      0x1a4 drivers/mtd/nand/libnand.o
 .text.nand_wait
                0x808264b4       0xd4 drivers/mtd/nand/libnand.o
 .text.nand_fill_oob
                0x80826588      0x118 drivers/mtd/nand/libnand.o
 .text.nand_do_write_oob
                0x808266a0      0x17c drivers/mtd/nand/libnand.o
 .text.nand_do_write_ops
                0x8082681c      0x340 drivers/mtd/nand/libnand.o
 .text.nand_write_oob
                0x80826b5c       0xa4 drivers/mtd/nand/libnand.o
 .text.nand_write
                0x80826c00       0x64 drivers/mtd/nand/libnand.o
 .text.unlikely.sanitize_string
                0x80826c64       0x38 drivers/mtd/nand/libnand.o
 .text.generic_ffs
                0x80826c9c       0x50 drivers/mtd/nand/libnand.o
 .text.nand_read_page_raw
                0x80826cec       0x44 drivers/mtd/nand/libnand.o
 .text.nand_write_page_raw
                0x80826d30       0x44 drivers/mtd/nand/libnand.o
 .text.nand_write_page
                0x80826d74       0xc0 drivers/mtd/nand/libnand.o
 .text.nand_select_chip
                0x80826e34       0x50 drivers/mtd/nand/libnand.o
 .text.nand_transfer_oob
                0x80826e84      0x100 drivers/mtd/nand/libnand.o
 .text.nand_do_read_ops
                0x80826f84      0x3d4 drivers/mtd/nand/libnand.o
 .text.nand_read_oob
                0x80827358      0x264 drivers/mtd/nand/libnand.o
 .text.nand_read
                0x808275bc       0x64 drivers/mtd/nand/libnand.o
 .text.nand_wait_ready
                0x80827620       0x4c drivers/mtd/nand/libnand.o
                0x80827620                nand_wait_ready
 .text.nand_command
                0x8082766c      0x1cc drivers/mtd/nand/libnand.o
 .text.nand_command_lp
                0x80827838      0x258 drivers/mtd/nand/libnand.o
 .text.nand_erase_nand
                0x80827a90      0x36c drivers/mtd/nand/libnand.o
                0x80827a90                nand_erase_nand
 .text.nand_default_block_markbad
                0x80827dfc      0x1c4 drivers/mtd/nand/libnand.o
 .text.nand_erase
                0x80827fc0        0x8 drivers/mtd/nand/libnand.o
 .text.nand_scan_ident
                0x80827fc8      0x99c drivers/mtd/nand/libnand.o
                0x80827fc8                nand_scan_ident
 .text.nand_scan_tail
                0x80828964      0x5e0 drivers/mtd/nand/libnand.o
                0x80828964                nand_scan_tail
 .text.nand_scan
                0x80828f44       0x24 drivers/mtd/nand/libnand.o
                0x80828f44                nand_scan
 .text.omap_nand_hwcontrol
                0x80828f68       0xa0 drivers/mtd/nand/libnand.o
 .text.omap_enable_hwecc
                0x80829008       0xe0 drivers/mtd/nand/libnand.o
 .text.omap_calculate_ecc
                0x808290e8      0x1a0 drivers/mtd/nand/libnand.o
 .text.omap_read_page_bch
                0x80829288      0x1c0 drivers/mtd/nand/libnand.o
 .text.omap_reverse_list
                0x80829448       0x38 drivers/mtd/nand/libnand.o
                0x80829448                omap_reverse_list
 .text.omap_correct_data_bch
                0x80829480      0x1c0 drivers/mtd/nand/libnand.o
 .text.board_nand_init
                0x80829640      0x1c0 drivers/mtd/nand/libnand.o
                0x80829640                board_nand_init
 .text.elm_check_error
                0x80829800      0x2c0 drivers/mtd/nand/libnand.o
                0x80829800                elm_check_error
 .text.elm_config
                0x80829ac0       0x44 drivers/mtd/nand/libnand.o
                0x80829ac0                elm_config
 .text.elm_reset
                0x80829b04       0x30 drivers/mtd/nand/libnand.o
                0x80829b04                elm_reset
 .text.elm_init
                0x80829b34       0x18 drivers/mtd/nand/libnand.o
                0x80829b34                elm_init
 .text.spi_flash_read_write
                0x80829b4c       0x74 drivers/mtd/spi/libspi_flash.o
 .text.spi_flash_cmd_read
                0x80829bc0       0x20 drivers/mtd/spi/libspi_flash.o
                0x80829bc0                spi_flash_cmd_read
 .text.spi_flash_cmd
                0x80829be0       0x2c drivers/mtd/spi/libspi_flash.o
                0x80829be0                spi_flash_cmd
 .text.spi_flash_cmd_write
                0x80829c0c       0x20 drivers/mtd/spi/libspi_flash.o
                0x80829c0c                spi_flash_cmd_write
 .text.spi_flash_probe
                0x80829c2c      0x260 drivers/mtd/spi/libspi_flash.o
                0x80829c2c                spi_flash_probe
 .text.spi_flash_free
                0x80829e8c       0x1c drivers/mtd/spi/libspi_flash.o
                0x80829e8c                spi_flash_free
 .text.spi_flash_cmd_wait_ready
                0x80829ea8       0xdc drivers/mtd/spi/libspi_flash.o
                0x80829ea8                spi_flash_cmd_wait_ready
 .text.spi_flash_write_common
                0x80829f84       0x9c drivers/mtd/spi/libspi_flash.o
                0x80829f84                spi_flash_write_common
 .text.spi_flash_cmd_erase_ops
                0x8082a020       0xa8 drivers/mtd/spi/libspi_flash.o
                0x8082a020                spi_flash_cmd_erase_ops
 .text.spi_flash_cmd_write_ops
                0x8082a0c8       0xb8 drivers/mtd/spi/libspi_flash.o
                0x8082a0c8                spi_flash_cmd_write_ops
 .text.spi_flash_read_common
                0x8082a180       0x5c drivers/mtd/spi/libspi_flash.o
                0x8082a180                spi_flash_read_common
 .text.spi_flash_cmd_read_ops
                0x8082a1dc      0x100 drivers/mtd/spi/libspi_flash.o
                0x8082a1dc                spi_flash_cmd_read_ops
 .text.kill_volumes
                0x8082a2dc       0x3c drivers/mtd/ubi/libubi.o
 .text.ubi_get_device
                0x8082a318       0x20 drivers/mtd/ubi/libubi.o
                0x8082a318                ubi_get_device
 .text.ubi_put_device
                0x8082a338       0x10 drivers/mtd/ubi/libubi.o
                0x8082a338                ubi_put_device
 .text.ubi_attach_mtd_dev
                0x8082a348      0x728 drivers/mtd/ubi/libubi.o
                0x8082a348                ubi_attach_mtd_dev
 .text.ubi_detach_mtd_dev
                0x8082aa70       0xd4 drivers/mtd/ubi/libubi.o
                0x8082aa70                ubi_detach_mtd_dev
 .text.ubi_init
                0x8082ab44      0x174 drivers/mtd/ubi/libubi.o
                0x8082ab44                ubi_init
 .text.ubi_exit
                0x8082acb8       0x48 drivers/mtd/ubi/libubi.o
                0x8082acb8                ubi_exit
 .text.ubi_mtd_param_parse
                0x8082ad00      0x1c0 drivers/mtd/ubi/libubi.o
                0x8082ad00                ubi_mtd_param_parse
 .text.create_vtbl
                0x8082aec0      0x238 drivers/mtd/ubi/libubi.o
 .text.vtbl_check
                0x8082b0f8      0x2c4 drivers/mtd/ubi/libubi.o
 .text.ubi_change_vtbl_record
                0x8082b3bc       0xb4 drivers/mtd/ubi/libubi.o
                0x8082b3bc                ubi_change_vtbl_record
 .text.ubi_read_volume_table
                0x8082b470      0x798 drivers/mtd/ubi/libubi.o
                0x8082b470                ubi_read_volume_table
 .text.vol_release
                0x8082bc08        0x4 drivers/mtd/ubi/libubi.o
 .text.ubi_create_volume
                0x8082bc0c      0x43c drivers/mtd/ubi/libubi.o
                0x8082bc0c                ubi_create_volume
 .text.ubi_resize_volume
                0x8082c048      0x258 drivers/mtd/ubi/libubi.o
                0x8082c048                ubi_resize_volume
 .text.ubi_add_volume
                0x8082c2a0       0x5c drivers/mtd/ubi/libubi.o
                0x8082c2a0                ubi_add_volume
 .text.ubi_free_volume
                0x8082c2fc       0x14 drivers/mtd/ubi/libubi.o
                0x8082c2fc                ubi_free_volume
 .text.clear_update_marker
                0x8082c310       0xe8 drivers/mtd/ubi/libubi.o
 .text.write_leb
                0x8082c3f8       0xc4 drivers/mtd/ubi/libubi.o
 .text.ubi_start_update
                0x8082c4bc      0x180 drivers/mtd/ubi/libubi.o
                0x8082c4bc                ubi_start_update
 .text.ubi_more_update_data
                0x8082c63c      0x290 drivers/mtd/ubi/libubi.o
                0x8082c63c                ubi_more_update_data
 .text.ubi_get_device_info
                0x8082c8cc       0x60 drivers/mtd/ubi/libubi.o
                0x8082c8cc                ubi_get_device_info
 .text.ubi_get_volume_info
                0x8082c92c       0x78 drivers/mtd/ubi/libubi.o
                0x8082c92c                ubi_get_volume_info
 .text.ubi_close_volume
                0x8082c9a4       0x60 drivers/mtd/ubi/libubi.o
                0x8082c9a4                ubi_close_volume
 .text.ubi_open_volume
                0x8082ca04      0x1a0 drivers/mtd/ubi/libubi.o
                0x8082ca04                ubi_open_volume
 .text.ubi_open_volume_nm
                0x8082cba4       0xdc drivers/mtd/ubi/libubi.o
                0x8082cba4                ubi_open_volume_nm
 .text.ubi_leb_read
                0x8082cc80      0x124 drivers/mtd/ubi/libubi.o
                0x8082cc80                ubi_leb_read
 .text.ubi_leb_unmap
                0x8082cda4       0x68 drivers/mtd/ubi/libubi.o
                0x8082cda4                ubi_leb_unmap
 .text.ubi_is_mapped
                0x8082ce0c       0x48 drivers/mtd/ubi/libubi.o
                0x8082ce0c                ubi_is_mapped
 .text.ltree_lookup.isra.7
                0x8082ce54       0x3c drivers/mtd/ubi/libubi.o
 .text.ltree_add_entry
                0x8082ce90       0xd8 drivers/mtd/ubi/libubi.o
 .text.leb_write_unlock
                0x8082cf68       0x3c drivers/mtd/ubi/libubi.o
 .text.leb_read_unlock
                0x8082cfa4       0x3c drivers/mtd/ubi/libubi.o
 .text.ubi_eba_unmap_leb
                0x8082cfe0       0x84 drivers/mtd/ubi/libubi.o
                0x8082cfe0                ubi_eba_unmap_leb
 .text.ubi_eba_read_leb
                0x8082d064      0x270 drivers/mtd/ubi/libubi.o
                0x8082d064                ubi_eba_read_leb
 .text.ubi_eba_write_leb
                0x8082d2d4      0x5b8 drivers/mtd/ubi/libubi.o
                0x8082d2d4                ubi_eba_write_leb
 .text.ubi_eba_write_leb_st
                0x8082d88c      0x320 drivers/mtd/ubi/libubi.o
                0x8082d88c                ubi_eba_write_leb_st
 .text.ubi_eba_copy_leb
                0x8082dbac      0x2b8 drivers/mtd/ubi/libubi.o
                0x8082dbac                ubi_eba_copy_leb
 .text.ubi_eba_init_scan
                0x8082de64      0x230 drivers/mtd/ubi/libubi.o
                0x8082de64                ubi_eba_init_scan
 .text.ubi_eba_close
                0x8082e094       0x38 drivers/mtd/ubi/libubi.o
                0x8082e094                ubi_eba_close
 .text.erase_callback
                0x8082e0cc        0x4 drivers/mtd/ubi/libubi.o
 .text.do_sync_erase
                0x8082e0d0       0xd0 drivers/mtd/ubi/libubi.o
 .text.ubi_io_read
                0x8082e1a0      0x100 drivers/mtd/ubi/libubi.o
                0x8082e1a0                ubi_io_read
 .text.ubi_io_write
                0x8082e2a0       0xa8 drivers/mtd/ubi/libubi.o
                0x8082e2a0                ubi_io_write
 .text.ubi_io_sync_erase
                0x8082e348      0x1d8 drivers/mtd/ubi/libubi.o
                0x8082e348                ubi_io_sync_erase
 .text.ubi_io_is_bad
                0x8082e520       0x58 drivers/mtd/ubi/libubi.o
                0x8082e520                ubi_io_is_bad
 .text.ubi_io_mark_bad
                0x8082e578       0x7c drivers/mtd/ubi/libubi.o
                0x8082e578                ubi_io_mark_bad
 .text.ubi_io_read_ec_hdr
                0x8082e5f4      0x1f8 drivers/mtd/ubi/libubi.o
                0x8082e5f4                ubi_io_read_ec_hdr
 .text.ubi_io_write_ec_hdr
                0x8082e7ec       0x8c drivers/mtd/ubi/libubi.o
                0x8082e7ec                ubi_io_write_ec_hdr
 .text.ubi_io_read_vid_hdr
                0x8082e878      0x284 drivers/mtd/ubi/libubi.o
                0x8082e878                ubi_io_read_vid_hdr
 .text.ubi_io_write_vid_hdr
                0x8082eafc       0x78 drivers/mtd/ubi/libubi.o
                0x8082eafc                ubi_io_write_vid_hdr
 .text.in_wl_tree
                0x8082eb74       0x5c drivers/mtd/ubi/libubi.o
 .text.cancel_pending
                0x8082ebd0       0x54 drivers/mtd/ubi/libubi.o
 .text.do_work  0x8082ec24       0x78 drivers/mtd/ubi/libubi.o
 .text.tree_destroy
                0x8082ec9c       0x58 drivers/mtd/ubi/libubi.o
 .text.find_wl_entry
                0x8082ecf4       0x48 drivers/mtd/ubi/libubi.o
 .text.ensure_wear_leveling
                0x8082ed3c       0xc8 drivers/mtd/ubi/libubi.o
 .text.prot_tree_del
                0x8082ee04       0x60 drivers/mtd/ubi/libubi.o
 .text.prot_tree_add
                0x8082ee64       0xc4 drivers/mtd/ubi/libubi.o
 .text.wl_tree_add
                0x8082ef28       0x60 drivers/mtd/ubi/libubi.o
 .text.schedule_erase
                0x8082ef88       0x6c drivers/mtd/ubi/libubi.o
 .text.erase_worker
                0x8082eff4      0x368 drivers/mtd/ubi/libubi.o
 .text.wear_leveling_worker
                0x8082f35c      0x328 drivers/mtd/ubi/libubi.o
 .text.ubi_wl_get_peb
                0x8082f684      0x17c drivers/mtd/ubi/libubi.o
                0x8082f684                ubi_wl_get_peb
 .text.ubi_wl_put_peb
                0x8082f800      0x118 drivers/mtd/ubi/libubi.o
                0x8082f800                ubi_wl_put_peb
 .text.ubi_wl_scrub_peb
                0x8082f918       0xf8 drivers/mtd/ubi/libubi.o
                0x8082f918                ubi_wl_scrub_peb
 .text.ubi_wl_flush
                0x8082fa10       0x48 drivers/mtd/ubi/libubi.o
                0x8082fa10                ubi_wl_flush
 .text.ubi_wl_init_scan
                0x8082fa58      0x2cc drivers/mtd/ubi/libubi.o
                0x8082fa58                ubi_wl_init_scan
 .text.ubi_wl_close
                0x8082fd24       0x94 drivers/mtd/ubi/libubi.o
                0x8082fd24                ubi_wl_close
 .text.validate_vid_hdr
                0x8082fdb8       0x8c drivers/mtd/ubi/libubi.o
 .text.add_to_list
                0x8082fe44       0xa4 drivers/mtd/ubi/libubi.o
 .text.ubi_scan_add_used
                0x8082fee8      0x648 drivers/mtd/ubi/libubi.o
                0x8082fee8                ubi_scan_add_used
 .text.ubi_scan_find_sv
                0x80830530       0x34 drivers/mtd/ubi/libubi.o
                0x80830530                ubi_scan_find_sv
 .text.ubi_scan_find_seb
                0x80830564       0x34 drivers/mtd/ubi/libubi.o
                0x80830564                ubi_scan_find_seb
 .text.ubi_scan_rm_volume
                0x80830598       0x68 drivers/mtd/ubi/libubi.o
                0x80830598                ubi_scan_rm_volume
 .text.ubi_scan_erase_peb
                0x80830600       0xbc drivers/mtd/ubi/libubi.o
                0x80830600                ubi_scan_erase_peb
 .text.ubi_scan_get_free_peb
                0x808306bc       0xf4 drivers/mtd/ubi/libubi.o
                0x808306bc                ubi_scan_get_free_peb
 .text.ubi_scan_destroy_si
                0x808307b0      0x208 drivers/mtd/ubi/libubi.o
                0x808307b0                ubi_scan_destroy_si
 .text.ubi_scan
                0x808309b8      0x5d4 drivers/mtd/ubi/libubi.o
                0x808309b8                ubi_scan
 .text.crc32_le
                0x80830f8c       0xd8 drivers/mtd/ubi/libubi.o
                0x80830f8c                crc32_le
 .text.ubi_calc_data_len
                0x80831064       0x2c drivers/mtd/ubi/libubi.o
                0x80831064                ubi_calc_data_len
 .text.ubi_check_volume
                0x80831090       0xb4 drivers/mtd/ubi/libubi.o
                0x80831090                ubi_check_volume
 .text.ubi_calculate_reserved
                0x80831144       0x28 drivers/mtd/ubi/libubi.o