mmc.c:752:13:mmc_set_ios	0	static
mmc.c:529:12:mmc_set_capacity	16	static
mmc.c:28:12:board_mmc_getwp	0	static
mmc.c:33:5:mmc_getwp	8	static
mmc.c:49:5:__board_mmc_getcd	0	static
mmc.c:56:5:mmc_send_cmd	0	static
mmc.c:267:12:mmc_go_idle	40	static
mmc.c:354:12:mmc_send_op_cond_iter	16	static
mmc.c:439:12:mmc_send_ext_csd	56	static
mmc.c:114:5:mmc_send_status	48	static
mmc.c:461:12:mmc_switch.isra.1	40	static
mmc.c:162:5:mmc_set_blocklen	40	static
mmc.c:173:13:find_mmc_device	8	static
mmc.c:233:14:mmc_bread	80	static
mmc.c:378:5:mmc_send_op_cond	48	static
mmc.c:400:5:mmc_complete_op_cond	48	static
mmc.c:557:5:mmc_switch_part	16	static
mmc.c:574:5:mmc_getcd	8	static
mmc.c:757:6:mmc_set_clock	0	static
mmc.c:777:12:mmc_startup	1456	static
mmc.c:1155:5:mmc_register	0	static
mmc.c:1185:5:mmc_start_init	56	static
mmc.c:1258:5:mmc_init	8	static
mmc.c:1175:19:mmc_get_dev	8	static
mmc.c:1278:12:__def_mmc_init	0	static
mmc.c:1288:6:print_mmc_devices	24	static
mmc.c:1309:5:get_mmc_num	0	static
mmc.c:1314:6:mmc_set_preinit	0	static
mmc.c:1333:5:mmc_initialize	16	static
