nand_base.c:146:13:nand_release_device	0	static
nand_base.c:160:9:nand_read_byte	0	static
nand_base.c:174:16:nand_read_byte16	0	static
nand_base.c:186:12:nand_read_word	0	static
nand_base.c:223:6:nand_write_buf	4	static
nand_base.c:240:6:nand_read_buf	0	static
nand_base.c:257:12:nand_verify_buf	4	static
nand_base.c:276:6:nand_write_buf16	4	static
nand_base.c:296:6:nand_read_buf16	0	static
nand_base.c:315:12:nand_verify_buf16	4	static
nand_base.c:479:12:nand_check_wp	16	static
nand_base.c:855:12:nand_read_page_raw_syndrome	32	static
nand_base.c:897:12:nand_read_page_swecc	56	static
nand_base.c:939:12:nand_read_subpage	48	static
nand_base.c:1031:12:nand_read_page_hwecc	48	static
nand_base.c:1081:12:nand_read_page_hwecc_oob_first	40	static
nand_base.c:1127:12:nand_read_page_syndrome	32	static
nand_base.c:1391:12:nand_read_oob_std	16	static
nand_base.c:1406:12:nand_read_oob_syndrome	48	static
nand_base.c:1443:12:nand_write_oob_std	24	static
nand_base.c:1467:12:nand_write_oob_syndrome	64	static
nand_base.c:1684:12:nand_write_page_raw_syndrome	32	static
nand_base.c:1724:12:nand_write_page_swecc	48	static
nand_base.c:1751:12:nand_write_page_hwecc	40	static
nand_base.c:1785:12:nand_write_page_syndrome	32	static
nand_base.c:2215:13:single_erase_cmd	16	static
nand_base.c:2230:13:multi_erase_cmd	16	static
nand_base.c:2423:13:nand_sync	0	static
nand_base.c:2473:12:nand_onfi_set_features	16	static
nand_base.c:502:12:nand_block_checkbad	32	static
nand_base.c:2440:12:nand_block_isbad	16	static
nand_base.c:2450:12:nand_block_markbad	24	static
nand_base.c:2496:12:nand_onfi_get_features	24	static
nand_base.c:337:12:nand_block_bad	32	static
nand_base.c:785:12:nand_wait	24	static
nand_base.c:1894:17:nand_fill_oob	24	static
nand_base.c:2091:12:nand_do_write_oob	56	static
nand_base.c:1953:12:nand_do_write_ops	96	static
nand_base.c:2171:12:nand_write_oob	40	static
nand_base.c:2065:12:nand_write	56	static
nand_base.c:2549:13:sanitize_string	0	static
bitops.h:12:19:generic_ffs	0	static
nand_base.c:836:12:nand_read_page_raw	16	static
nand_base.c:1665:12:nand_write_page_raw	16	static
nand_base.c:1833:12:nand_write_page	32	static
nand_base.c:199:13:nand_select_chip	8	static
nand_base.c:1179:17:nand_transfer_oob	24	static
nand_base.c:1228:12:nand_do_read_ops	88	static
nand_base.c:1618:12:nand_read_oob	72	static
nand_base.c:1367:12:nand_read	56	static
nand_base.c:520:6:nand_wait_ready	16	static
nand_base.c:546:13:nand_command	24	static
nand_base.c:649:13:nand_command_lp	32	static
nand_base.c:2262:5:nand_erase_nand	64	static
nand_base.c:402:12:nand_default_block_markbad	128	static
nand_base.c:2248:12:nand_erase	0	static
nand_base.c:3057:5:nand_scan_ident	56	static
nand_base.c:3114:5:nand_scan_tail	24	static
nand_base.c:3403:5:nand_scan	8	static
nand_base.c:3417:6:nand_release	8	static
