cache_v7.c:134:13:v7_maint_dcache_all	28	static
cache_v7.c:334:6:invalidate_icache_all	0	static
cache_v7.c:360:6:__v7_outer_cache_enable	0	static
cache_v7.c:366:6:__v7_outer_cache_disable	0	static
cache_v7.c:372:6:__v7_outer_cache_flush_all	0	static
cache_v7.c:246:6:flush_dcache_all	8	static
cache_v7.c:378:6:__v7_outer_cache_inval_all	0	static
cache_v7.c:235:6:invalidate_dcache_all	8	static
cache_v7.c:277:6:arm_init_before_mmu	8	static
cache_v7.c:384:6:__v7_outer_cache_flush_range	0	static
cache_v7.c:270:6:flush_dcache_range	0	static
cache_v7.c:284:6:mmu_page_table_flush	8	static
cache_v7.c:294:7:flush_cache	0	static
cache_v7.c:390:6:__v7_outer_cache_inval_range	0	static
cache_v7.c:257:6:invalidate_dcache_range	24	static
