board.c:210:5:__arch_cpu_init	0	static
board.c:153:12:init_func_i2c	8	static
board.c:104:12:display_banner	8	static
board.c:98:12:init_baudrate	8	static
board.c:225:12:mark_bootstage	8	static
board.c:65:13:__coloured_LED_init	0	static
board.c:68:13:__red_led_on	0	static
board.c:70:13:__red_led_off	0	static
board.c:72:13:__green_led_on	0	static
board.c:74:13:__green_led_off	0	static
board.c:76:13:__yellow_led_on	0	static
board.c:78:13:__yellow_led_off	0	static
board.c:80:13:__blue_led_on	0	static
board.c:82:13:__blue_led_off	0	static
board.c:202:6:__dram_init_banksize	0	static
board.c:217:5:__power_init_board	0	static
board.c:266:6:board_init_f	24	static
board.c:512:6:board_init_r	8	static
