net.c:584:1:startAgainTimeout	0	static
net.c:639:13:dummy_handler	0	static
net.c:282:13:net_clear_handlers	0	static
net.c:234:6:net_auto_load	8	static
net.c:589:6:NetStartAgain	16	static
net.c:645:11:net_get_udp_handler	0	static
net.c:650:6:net_set_udp_handler	0	static
net.c:659:11:net_get_arp_handler	0	static
net.c:664:6:net_set_arp_handler	0	static
net.c:681:1:NetSetTimeout	8	static
net.c:1300:1:NetCksum	0	static
net.c:1293:1:NetCksumOk	8	static
net.c:952:1:NetReceive	32	static
net.c:1314:1:NetEthHdrSize	0	static
net.c:1327:1:NetSetEther	24	static
net.c:1352:5:net_update_ether	16	static
net.c:1375:6:net_set_ip_header	16	static
net.c:1396:6:net_set_udp_header	24	static
net.c:696:5:NetSendUDPPacket	40	static
net.c:1420:6:copy_filename	0	static
net.c:214:12:on_bootfile	8	static
net.c:1440:14:random_port	8	static
net.c:1446:6:ip_to_string	16	static
net.c:1456:6:VLAN_to_string	0	static
net.c:1469:8:string_to_VLAN	8	static
net.c:1484:8:getenv_VLAN	8	static
net.c:258:13:NetInitLoop	16	static
net.c:294:6:net_init	8	static
net.c:324:5:NetLoop	40	static
