nfs.c:398:1:rpc_lookup_reply	2056	static
nfs.c:429:1:nfs_mount_reply	2056	static
nfs.c:455:1:nfs_umountall_reply	2056	static
nfs.c:480:1:nfs_lookup_reply	2056	static
nfs.c:505:1:nfs_readlink_reply	2072	static
nfs.c:105:1:basename	8	static
nfs.c:134:14:rpc_add_credentials	272	static
nfs.c:178:1:rpc_req	2072	static
nfs.c:236:1:nfs_mount_req	4120	static
nfs.c:263:1:nfs_umountall_req	4104	static
nfs.c:310:1:nfs_lookup_req	4120	static
nfs.c:339:1:nfs_read_req	4120	static
nfs.c:289:1:nfs_readlink_req	4112	static
nfs.c:542:1:nfs_read_reply.isra.0	2064	static
nfs.c:364:1:NfsSend	72	static
nfs.c:600:1:NfsHandler	16	static
nfs.c:586:1:NfsTimeout	8	static
nfs.c:709:1:NfsStart	32	static
