f_dfu.c:144:13:handle_getstatus	0	static
f_dfu.c:169:13:handle_getstate	0	static
f_dfu.c:242:12:state_app_detach	8	static
f_dfu.c:327:12:state_dfu_dnload_sync	8	static
f_dfu.c:351:12:state_dfu_dnbusy	8	static
f_dfu.c:407:12:state_dfu_manifest_sync	8	static
f_dfu.c:472:12:state_dfu_error	8	static
f_dfu.c:689:12:dfu_set_alt	0	static
f_dfu.c:701:13:dfu_disable	0	static
f_dfu.c:517:1:dfu_handle	24	static
f_dfu.c:133:13:dnload_request_complete	16	static
f_dfu.c:663:13:dfu_unbind	24	static
f_dfu.c:214:12:state_app_idle	8	static
f_dfu.c:622:12:dfu_bind	32	static
f_dfu.c:190:12:handle_upload.isra.4	16	static
f_dfu.c:434:12:state_dfu_upload_idle	16	static
f_dfu.c:266:12:state_dfu_idle	8	static
f_dfu.c:372:12:state_dfu_dnload_idle	8	static
f_dfu.c:736:5:dfu_add	16	static
