composite.c:247:12:count_configs	0	static
composite.c:484:13:collect_langs	8	static
composite.c:685:13:composite_setup_complete	0	static
composite.c:1001:1:composite_suspend	16	static
composite.c:1020:1:composite_resume	16	static
composite.c:503:12:lookup_string	24	static
composite.c:909:13:composite_unbind	32	static
g_dnl.c:79:12:g_dnl_unbind	16	static
composite.c:955:12:composite_bind	16	static
g_dnl.c:92:12:g_dnl_do_config	16	static
composite.c:291:13:reset_config.isra.6	16	static
composite.c:899:13:composite_disconnect	8	static
composite.c:700:1:composite_setup	48	static
usb_mass_storage.h:43:5:fsg_add	0	static
thor.h:22:5:thor_add	0	static
composite.c:32:5:usb_add_function	16	static
composite.c:87:5:usb_function_deactivate	8	static
composite.c:110:5:usb_function_activate	0	static
composite.c:149:5:usb_interface_id	0	static
composite.c:416:5:usb_add_config	24	static
composite.c:610:5:usb_string_id	0	static
composite.c:640:5:usb_string_ids_tab	0	static
composite.c:674:5:usb_string_ids_n	0	static
composite.c:1066:5:usb_composite_register	0	static
composite.c:1085:6:usb_composite_unregister	8	static
g_dnl.c:132:5:g_dnl_bind_fixup	0	static
g_dnl.c:137:12:g_dnl_bind	24	static
g_dnl.c:195:5:g_dnl_register	16	static
g_dnl.c:228:6:g_dnl_unregister	0	static
