rndis.c:1250:22:rndis_add_response	16	static
rndis.c:985:5:rndis_signal_connect	16	static
rndis.c:993:5:rndis_signal_disconnect	0	static
rndis.c:1021:6:rndis_set_host_mac	0	static
rndis.c:1026:18:rndis_get_state	0	static
rndis.c:1036:5:rndis_msg_parser	24	static
rndis.c:1129:5:rndis_register	0	static
rndis.c:1146:6:rndis_deregister	0	static
rndis.c:1157:5:rndis_set_param_dev	0	static
rndis.c:1174:5:rndis_set_param_vendor	0	static
rndis.c:1188:5:rndis_set_param_medium	0	static
rndis.c:1200:6:rndis_add_hdr	16	static
rndis.c:1212:6:rndis_free_response	16	static
rndis.c:1228:5:rndis_get_next_response	0	static
rndis.c:1006:6:rndis_uninit	16	static
rndis.c:1268:5:rndis_rm_hdr	8	static
rndis.c:1297:5:rndis_init	0	static
rndis.c:1313:6:rndis_exit	0	static
