serial.c:346:30:get_current	8	static
serial.c:33:13:serial_null	0	static
serial.c:174:6:serial_register	0	static
serial.c:267:6:serial_stdio_init	72	static
serial.c:303:5:serial_assign	16	static
serial.c:206:6:serial_initialize	8	static
serial.c:323:6:serial_reinit_all	8	static
serial.c:380:5:serial_init	8	static
serial.c:395:6:serial_setbrg	8	static
serial.c:411:5:serial_getc	8	static
serial.c:426:5:serial_tstc	8	static
serial.c:442:6:serial_putc	8	static
serial.c:460:6:serial_puts	8	static
serial.c:477:6:default_serial_puts	16	static
